01-07 23:17:40.488  3313  3356 V WindowManagerShell: start default transition animation, info = {id=22 t=OPEN f=0x0 trk=0 r=[0@Point(0, 0)] c=[{m=OPEN f=FILLS_TASK leash=Surface(name=ActivityRecord{24965759 u0 com.android.settings/.SubSettings)/@0xb9249c5 sb=Rect(0, 0 - 0, 0) eb=Rect(0, 0 - 720, 1640) epz=Point(720, 1640) d=-1->0 r=-1->0:-1 bc=ff1b2122 component=com.android.settings/.SubSettings opt={t=FROM_STYLE mUserId=0}},{m=TO_BACK f=FILLS_TASK leash=Surface(name=ActivityRecord{190537358 u0 com.android.settings/.Settings)/@0x3219f1a sb=Rect(0, 0 - 720, 1640) eb=Rect(0, 0 - 720, 1640) epz=Point(720, 1640) d=0 bc=ff1b2122 component=com.android.settings/.homepage.SettingsHomepageActivity opt={t=FROM_STYLE mUserId=0}}]}
01-07 23:17:40.490  3313  3356 V WindowManagerShell: loadAnimation: anim=android.view.animation.AnimationSet@ec6d027 animAttr=0x5 type=OPEN isEntrance=false
01-07 23:17:40.492  3313  3356 V WindowManagerShell: loadAnimation: anim=android.view.animation.AnimationSet@d7cf772 animAttr=0x4 type=OPEN isEntrance=true
01-07 23:17:28.492  4799  4799 I adsp_sleepmon: Audio: num_sessions=1,num_lpi_sessions=0,timer_pending=0
01-07 23:17:40.494  3313  3356 V WindowManagerShell:  animated by com.android.wm.shell.transition.DefaultTransitionHandler@5869ecc
01-07 23:17:28.499  4799  4799 I adsp_sleepmon: Audio: num_sessions=0,num_lpi_sessions=0,timer_pending=1
01-07 23:17:40.506  2378  2507 V WindowManager: Sent Transition (#22) createdAt=01-07 23:17:40.221 via request=TransitionRequestInfo { type = OPEN, triggerTask = TaskInfo{userId=0 taskId=9 effectiveUid=1000 displayId=0 isRunning=true baseIntent=Intent { act=android.intent.action.MAIN cat=[android.intent.category.LAUNCHER] flg=0x10200000 cmp=com.android.settings/.Settings } baseActivity=ComponentInfo{com.android.settings/com.android.settings.homepage.SettingsHomepageActivity} topActivity=ComponentInfo{com.android.settings/com.android.settings.SubSettings} origActivity=ComponentInfo{com.android.settings/com.android.settings.Settings} realActivity=ComponentInfo{com.android.settings/com.android.settings.homepage.SettingsHomepageActivity} numActivities=2 lastActiveTime=69226 supportsMultiWindow=true resizeMode=1 isResizeable=true minWidth=-1 minHeight=-1 defaultMinSize=220 token=WCT{RemoteToken{24e7cfd Task{c8ab6af #9 type=standard A=1000:com.android.settings.root}}} topActivityType=1 pictureInPictureParams=null shouldDockBigOverlays=false launchIntoPipHostTaskId=-1 lastParentTaskIdBeforePip=-1 displayCutoutSafeInsets=Rect(0, 0 - 0, 0) topActivityInfo=ActivityInfo{d116162 com.android.settings.SubSettings} launchCookies=[android.os.BinderProxy@f578c43] positionInParent=Point(0, 0) parentTaskId=-1 isFocused=true isVisible=true isVisibleRequested=true isTopActivityNoDisplay=false isSleeping=false locusId=null displayAreaFeatureId=1 isTopActivityTransparent=false isActivityStackTransparent=false lastNonFullscreenBounds=Rect(185, 493 - 535, 1213) capturedLink=null capturedLinkTimestamp=0 requestedVisibleTypes=-9 topActivityRequestOpenInBrowserEducationTimestamp=0 appCompatTaskInfo=AppCompatTaskInfo { topActivityInSizeCompat=false eligibleForLetterboxEducation= false isLetterboxEducationEnabled= false isLetterboxDoubleTapEnabled= false eligibleForUserAspectRatioButton= false topActivityBoundsLetterboxed= false isFromLetterboxDoubleTap= false topActivityLetterboxVerticalPosition= -1 topActivityLetterboxHorizontalPosition= -1 topActivityLetterboxWidth=-1 topActivityLetterboxHeight=-1 topActivityAppBounds=Rect(0, 0 - 720, 1640) isUserFullscreenOverrideEnabled=false isSystemFullscreenOverrideEnabled=false hasMinAspectRatioOverride=false topActivityLetterboxBounds=null cameraCompatTaskInfo=CameraCompatTaskInfo { freeformCameraCompatMode=inactive}} topActivityMainWindowFrame=null}, pipChange = null, remoteTransition = null, displayChange = null, flags = 0, debugId = 22 }
01-07 23:17:40.506  2378  2507 V WindowManager:     startWCT=WindowContainerTransaction { changes= {} hops= [] errorCallbackToken=null taskFragmentOrganizer=null }
01-07 23:17:40.506  2378  2507 V WindowManager:     info={id=22 t=OPEN f=0x0 trk=0 r=[0@Point(0, 0)] c=[
01-07 23:17:40.506  2378  2507 V WindowManager:         {m=OPEN f=FILLS_TASK leash=Surface(name=ActivityRecord{24965759 u0 com.android.settings/.SubSettings)/@0xaf0b857 sb=Rect(0, 0 - 0, 0) eb=Rect(0, 0 - 720, 1640) epz=Point(720, 1640) d=-1->0 r=-1->0:-1 bc=ff1b2122 component=com.android.settings/.SubSettings opt={t=FROM_STYLE mUserId=0}},
01-07 23:17:40.506  2378  2507 V WindowManager:         {m=TO_BACK f=FILLS_TASK leash=Surface(name=ActivityRecord{190537358 u0 com.android.settings/.Settings)/@0xf873dd6 sb=Rect(0, 0 - 720, 1640) eb=Rect(0, 0 - 720, 1640) epz=Point(720, 1640) d=0 bc=ff1b2122 component=com.android.settings/.homepage.SettingsHomepageActivity opt={t=FROM_STYLE mUserId=0}}
01-07 23:17:40.506  2378  2507 V WindowManager:     ]}
01-07 23:17:28.519  4799  4799 I adsp_sleepmon: Audio: num_sessions=1,num_lpi_sessions=0,timer_pending=0
01-07 23:17:28.522  4799  4799 I adsp_sleepmon: Audio: num_sessions=0,num_lpi_sessions=0,timer_pending=1
01-07 23:17:28.539  4799  4799 I adsp_sleepmon: Audio: num_sessions=1,num_lpi_sessions=0,timer_pending=0
01-07 23:17:28.542  4799  4799 I adsp_sleepmon: Audio: num_sessions=0,num_lpi_sessions=0,timer_pending=1
01-07 23:17:28.554  4799  4799 I adsp_sleepmon: Audio: num_sessions=1,num_lpi_sessions=0,timer_pending=0
01-07 23:17:28.557  4799  4799 I adsp_sleepmon: Audio: num_sessions=0,num_lpi_sessions=0,timer_pending=1
01-07 23:17:28.569  4799  4799 I adsp_sleepmon: Audio: num_sessions=1,num_lpi_sessions=0,timer_pending=0
01-07 23:17:28.572  4799  4799 I adsp_sleepmon: Audio: num_sessions=0,num_lpi_sessions=0,timer_pending=1
01-07 23:17:28.586  4799  4799 I adsp_sleepmon: Audio: num_sessions=1,num_lpi_sessions=0,timer_pending=0
01-07 23:17:28.590  2174  2174 W audit   : audit_lost=15670 audit_rate_limit=5 audit_backlog_limit=64
01-07 23:17:28.590  2174  2174 E audit   : rate limit exceeded
01-07 23:17:28.592  4799  4799 I adsp_sleepmon: Audio: num_sessions=0,num_lpi_sessions=0,timer_pending=1
01-07 23:17:28.603  4799  4799 I adsp_sleepmon: Audio: num_sessions=1,num_lpi_sessions=0,timer_pending=0
01-07 23:17:28.605  4799  4799 I adsp_sleepmon: Audio: num_sessions=0,num_lpi_sessions=0,timer_pending=1
01-07 23:17:28.616  4799  4799 I adsp_sleepmon: Audio: num_sessions=1,num_lpi_sessions=0,timer_pending=0
01-07 23:17:28.618  4799  4799 I adsp_sleepmon: Audio: num_sessions=0,num_lpi_sessions=0,timer_pending=1
01-07 23:17:28.630  4799  4799 I adsp_sleepmon: Audio: num_sessions=1,num_lpi_sessions=0,timer_pending=0
01-07 23:17:28.632  4799  4799 I adsp_sleepmon: Audio: num_sessions=0,num_lpi_sessions=0,timer_pending=1
01-07 23:17:28.641  4799  4799 I adsp_sleepmon: Audio: num_sessions=1,num_lpi_sessions=0,timer_pending=0
01-07 23:17:28.645  4799  4799 I adsp_sleepmon: Audio: num_sessions=0,num_lpi_sessions=0,timer_pending=1
01-07 23:17:28.660  4799  4799 I adsp_sleepmon: Audio: num_sessions=1,num_lpi_sessions=0,timer_pending=0
01-07 23:17:28.662  4799  4799 I adsp_sleepmon: Audio: num_sessions=0,num_lpi_sessions=0,timer_pending=1
01-07 23:17:28.674  4799  4799 I adsp_sleepmon: Audio: num_sessions=1,num_lpi_sessions=0,timer_pending=0
01-07 23:17:28.677  4799  4799 I adsp_sleepmon: Audio: num_sessions=0,num_lpi_sessions=0,timer_pending=1
01-07 23:17:28.694  4799  4799 I adsp_sleepmon: Audio: num_sessions=1,num_lpi_sessions=0,timer_pending=0
01-07 23:17:28.696  4799  4799 I adsp_sleepmon: Audio: num_sessions=0,num_lpi_sessions=0,timer_pending=1
01-07 23:17:28.708  4799  4799 I adsp_sleepmon: Audio: num_sessions=1,num_lpi_sessions=0,timer_pending=0
01-07 23:17:28.714  4799  4799 I adsp_sleepmon: Audio: num_sessions=0,num_lpi_sessions=0,timer_pending=1
01-07 23:17:28.726  4799  4799 I adsp_sleepmon: Audio: num_sessions=1,num_lpi_sessions=0,timer_pending=0
01-07 23:17:28.729  4799  4799 I adsp_sleepmon: Audio: num_sessions=0,num_lpi_sessions=0,timer_pending=1
01-07 23:17:28.744  4799  4799 I adsp_sleepmon: Audio: num_sessions=1,num_lpi_sessions=0,timer_pending=0
01-07 23:17:28.747  4799  4799 I adsp_sleepmon: Audio: num_sessions=0,num_lpi_sessions=0,timer_pending=1
01-07 23:17:28.752     1     1 I init    : starting service 'wfdhdcphalservice'...
01-07 23:17:28.758  4799  4799 I adsp_sleepmon: Audio: num_sessions=1,num_lpi_sessions=0,timer_pending=0
01-07 23:17:28.761  4799  4799 I adsp_sleepmon: Audio: num_sessions=0,num_lpi_sessions=0,timer_pending=1
01-07 23:17:28.764     1     1 I init    : ... started service 'wfdhdcphalservice' has pid 5718
01-07 23:17:28.775     1     1 I init    : starting service 'mi_thermald'...
01-07 23:17:28.780  4799  4799 I adsp_sleepmon: Audio: num_sessions=1,num_lpi_sessions=0,timer_pending=0
01-07 23:17:28.781     1     1 I init    : ... started service 'mi_thermald' has pid 5719
01-07 23:17:28.786  4799  4799 I adsp_sleepmon: Audio: num_sessions=0,num_lpi_sessions=0,timer_pending=1
01-07 23:17:28.787     1     1 I init    : Service 'wfdhdcphalservice' (pid 5718) received signal 31
01-07 23:17:28.787     1     1 I init    : Sending signal 9 to service 'wfdhdcphalservice' (pid 5718) process group...
01-07 23:17:28.787  5719  5719 F init    : cannot setexeccon('u:r:mi_thermald:s0') for mi_thermald: Invalid argument
01-07 23:17:28.787     1     1 I libprocessgroup: Removed cgroup /sys/fs/cgroup/system/uid_1000/pid_5718
01-07 23:17:28.787     1     1 E init    : process with updatable components 'wfdhdcphalservice' exited 4 times in 4 minutes
01-07 23:17:28.788     1     1 I init    : processing action (sys.init.updatable_crashing=1) from (/system/etc/init/flags_health_check.rc:10)
01-07 23:17:28.789     1     1 I init    : starting service 'exec 49 (/system/bin/flags_health_check UPDATABLE_CRASHING)'...
01-07 23:17:28.798     1     1 I init    : ... started service 'exec 49 (/system/bin/flags_health_check UPDATABLE_CRASHING)' has pid 5720
01-07 23:17:28.798     1     1 I init    : SVC_EXEC service 'exec 49 (/system/bin/flags_health_check UPDATABLE_CRASHING)' pid 5720 (uid 1000 gid 1000+0 context default) started; waiting...
01-07 23:17:28.798     1     1 I init    : Service 'mi_thermald' (pid 5719) exited with status 6
01-07 23:17:28.798     1     1 I init    : Sending signal 9 to service 'mi_thermald' (pid 5719) process group...
01-07 23:17:28.798     1     1 I libprocessgroup: Removed cgroup /sys/fs/cgroup/system/uid_0/pid_5719
01-07 23:17:28.798     1     1 E init    : process with updatable components 'mi_thermald' exited 4 times in 4 minutes
01-07 23:17:28.806  4799  4799 I adsp_sleepmon: Audio: num_sessions=1,num_lpi_sessions=0,timer_pending=0
01-07 23:17:28.809  4799  4799 I adsp_sleepmon: Audio: num_sessions=0,num_lpi_sessions=0,timer_pending=1
01-07 23:17:28.830     1     1 I init    : Service 'exec 49 (/system/bin/flags_health_check UPDATABLE_CRASHING)' (pid 5720) exited with status 0 waiting took 0.033000 seconds
01-07 23:17:28.830     1     1 I init    : Sending signal 9 to service 'exec 49 (/system/bin/flags_health_check UPDATABLE_CRASHING)' (pid 5720) process group...
01-07 23:17:28.830     1     1 I libprocessgroup: Removed cgroup /sys/fs/cgroup/system/uid_1000/pid_5720
01-07 23:17:28.830  4799  4799 I adsp_sleepmon: Audio: num_sessions=1,num_lpi_sessions=0,timer_pending=0
01-07 23:17:28.831     1     1 I init    : processing action (sys.init.updatable_crashing=1) from (/system/etc/init/flags_health_check.rc:10)
01-07 23:17:28.831     1     1 I init    : starting service 'exec 50 (/system/bin/flags_health_check UPDATABLE_CRASHING)'...
01-07 23:17:28.836  4799  4799 I adsp_sleepmon: Audio: num_sessions=0,num_lpi_sessions=0,timer_pending=1
01-07 23:17:28.839     1     1 I init    : ... started service 'exec 50 (/system/bin/flags_health_check UPDATABLE_CRASHING)' has pid 5721
01-07 23:17:28.839     1     1 I init    : SVC_EXEC service 'exec 50 (/system/bin/flags_health_check UPDATABLE_CRASHING)' pid 5721 (uid 1000 gid 1000+0 context default) started; waiting...
01-07 23:17:28.847  4799  4799 I adsp_sleepmon: Audio: num_sessions=1,num_lpi_sessions=0,timer_pending=0
01-07 23:17:28.850  4799  4799 I adsp_sleepmon: Audio: num_sessions=0,num_lpi_sessions=0,timer_pending=1
01-07 23:17:28.865  4799  4799 I adsp_sleepmon: Audio: num_sessions=1,num_lpi_sessions=0,timer_pending=0
01-07 23:17:28.871  4799  4799 I adsp_sleepmon: Audio: num_sessions=0,num_lpi_sessions=0,timer_pending=1
01-07 23:17:28.875     1     1 I init    : Service 'exec 50 (/system/bin/flags_health_check UPDATABLE_CRASHING)' (pid 5721) exited with status 0 waiting took 0.040000 seconds
01-07 23:17:28.875     1     1 I init    : Sending signal 9 to service 'exec 50 (/system/bin/flags_health_check UPDATABLE_CRASHING)' (pid 5721) process group...
01-07 23:17:28.875     1     1 I libprocessgroup: Removed cgroup /sys/fs/cgroup/system/uid_1000/pid_5721
01-07 23:17:28.884  4799  4799 I adsp_sleepmon: Audio: num_sessions=1,num_lpi_sessions=0,timer_pending=0
01-07 23:17:28.886  4799  4799 I adsp_sleepmon: Audio: num_sessions=0,num_lpi_sessions=0,timer_pending=1
01-07 23:17:40.895  2378  5132 W NotificationService: Toast already killed. pkg=org.lineageos.aperture token=android.os.BinderProxy@5a55d6b
01-07 23:17:28.900  4799  4799 I adsp_sleepmon: Audio: num_sessions=1,num_lpi_sessions=0,timer_pending=0
01-07 23:17:28.904  4799  4799 I adsp_sleepmon: Audio: num_sessions=0,num_lpi_sessions=0,timer_pending=1
01-07 23:17:28.916  4799  4799 I adsp_sleepmon: Audio: num_sessions=1,num_lpi_sessions=0,timer_pending=0
01-07 23:17:28.918  4799  4799 I adsp_sleepmon: Audio: num_sessions=0,num_lpi_sessions=0,timer_pending=1
01-07 23:17:28.930  4799  4799 I adsp_sleepmon: Audio: num_sessions=1,num_lpi_sessions=0,timer_pending=0
01-07 23:17:28.932  4799  4799 I adsp_sleepmon: Audio: num_sessions=0,num_lpi_sessions=0,timer_pending=1
01-07 23:17:28.942  4799  4799 I adsp_sleepmon: Audio: num_sessions=1,num_lpi_sessions=0,timer_pending=0
01-07 23:17:28.944  4799  4799 I adsp_sleepmon: Audio: num_sessions=0,num_lpi_sessions=0,timer_pending=1
01-07 23:17:40.954  3313  3356 V WindowManagerShell: Transition animation finished (aborted=false), notifying core (#22) android.os.BinderProxy@710244d@0
01-07 23:17:28.954  4799  4799 I adsp_sleepmon: Audio: num_sessions=1,num_lpi_sessions=0,timer_pending=0
01-07 23:17:28.956  4799  4799 I adsp_sleepmon: Audio: num_sessions=0,num_lpi_sessions=0,timer_pending=1
01-07 23:17:40.957  2378  2507 V WindowManager: Finish Transition (#22): created at 01-07 23:17:40.221 collect-started=0.041ms request-sent=10.302ms started=12.588ms ready=25.067ms sent=262.756ms commit=13.609ms finished=736.131ms
01-07 23:17:40.962  3313  3356 V WindowManagerShell: Track 0 became idle
01-07 23:17:40.962  3313  3356 V WindowManagerShell: All active transition animations finished
01-07 23:17:28.971  4799  4799 I adsp_sleepmon: Audio: num_sessions=1,num_lpi_sessions=0,timer_pending=0
01-07 23:17:28.974  4799  4799 I adsp_sleepmon: Audio: num_sessions=0,num_lpi_sessions=0,timer_pending=1
01-07 23:17:28.984   932   932 D [FTS_TS]fts_input_report_b: [B]P0(552, 1149)[p:18,tm:24] DOWN!
01-07 23:17:28.989  4799  4799 I adsp_sleepmon: Audio: num_sessions=1,num_lpi_sessions=0,timer_pending=0
01-07 23:17:40.992  2378  3259 D BackgroundInstallControlService: Package event received: 0
01-07 23:17:28.991  4799  4799 I adsp_sleepmon: Audio: num_sessions=0,num_lpi_sessions=0,timer_pending=1
01-07 23:17:29.007  4799  4799 I adsp_sleepmon: Audio: num_sessions=1,num_lpi_sessions=0,timer_pending=0
01-07 23:17:29.014  4799  4799 I adsp_sleepmon: Audio: num_sessions=0,num_lpi_sessions=0,timer_pending=1
01-07 23:17:29.024  4799  4799 I adsp_sleepmon: Audio: num_sessions=1,num_lpi_sessions=0,timer_pending=0
01-07 23:17:29.028  4799  4799 I adsp_sleepmon: Audio: num_sessions=0,num_lpi_sessions=0,timer_pending=1
01-07 23:17:41.040  2378  2658 D ActivityManager: freezing 3775 com.android.cellbroadcastreceiver.module
01-07 23:17:29.046  4799  4799 I adsp_sleepmon: Audio: num_sessions=1,num_lpi_sessions=0,timer_pending=0
01-07 23:17:29.053  4799  4799 I adsp_sleepmon: Audio: num_sessions=0,num_lpi_sessions=0,timer_pending=1
01-07 23:17:29.064   932   932 D [FTS_TS]fts_input_report_b: [B]P0 UP!
01-07 23:17:29.064   932   932 D [FTS_TS]fts_input_report_b: [B]Points All Up!
01-07 23:17:29.069  4799  4799 I adsp_sleepmon: Audio: num_sessions=1,num_lpi_sessions=0,timer_pending=0
01-07 23:17:29.075  4799  4799 I adsp_sleepmon: Audio: num_sessions=0,num_lpi_sessions=0,timer_pending=1
01-07 23:17:29.096  4799  4799 I adsp_sleepmon: Audio: num_sessions=1,num_lpi_sessions=0,timer_pending=0
01-07 23:17:29.104  4799  4799 I adsp_sleepmon: Audio: num_sessions=0,num_lpi_sessions=0,timer_pending=1
01-07 23:17:29.120  4799  4799 I adsp_sleepmon: Audio: num_sessions=1,num_lpi_sessions=0,timer_pending=0
01-07 23:17:29.123  4799  4799 I adsp_sleepmon: Audio: num_sessions=0,num_lpi_sessions=0,timer_pending=1
01-07 23:17:29.135  4799  4799 I adsp_sleepmon: Audio: num_sessions=1,num_lpi_sessions=0,timer_pending=0
01-07 23:17:29.142  4799  4799 I adsp_sleepmon: Audio: num_sessions=0,num_lpi_sessions=0,timer_pending=1
01-07 23:17:29.164  4799  4799 I adsp_sleepmon: Audio: num_sessions=1,num_lpi_sessions=0,timer_pending=0
01-07 23:17:29.168  4799  4799 I adsp_sleepmon: Audio: num_sessions=0,num_lpi_sessions=0,timer_pending=1
01-07 23:17:41.173  2378  4607 E TaskPersister: File error accessing recents directory (directory doesn't exist?).
01-07 23:17:29.183  4799  4799 I adsp_sleepmon: Audio: num_sessions=1,num_lpi_sessions=0,timer_pending=0
01-07 23:17:29.186  4799  4799 I adsp_sleepmon: Audio: num_sessions=0,num_lpi_sessions=0,timer_pending=1
01-07 23:17:41.196  2378  2658 D ActivityManager: freezing 5029 com.android.carrierdefaultapp
01-07 23:17:29.197  4799  4799 I adsp_sleepmon: Audio: num_sessions=1,num_lpi_sessions=0,timer_pending=0
01-07 23:17:29.204  4799  4799 I adsp_sleepmon: Audio: num_sessions=0,num_lpi_sessions=0,timer_pending=1
01-07 23:17:29.214  4799  4799 I adsp_sleepmon: Audio: num_sessions=1,num_lpi_sessions=0,timer_pending=0
01-07 23:17:29.217  4799  4799 I adsp_sleepmon: Audio: num_sessions=0,num_lpi_sessions=0,timer_pending=1
01-07 23:17:29.225   457   457 I servicemanager: Caller(pid=4909,uid=10160,sid=u:r:rkpdapp:s0:c160,c256,c512,c768) Since 'android.hardware.drm.IDrmFactory/wfdhdcp' could not be found trying to start it as a lazy AIDL service. (if it's not configured to be a lazy service, it may be stuck starting or still starting).
01-07 23:17:29.227     1     1 E init    : Control message: Could not find 'aidl/android.hardware.drm.IDrmFactory/wfdhdcp' for ctl.interface_start from pid: 457 (/system/bin/servicemanager)
01-07 23:17:29.228  5723  5723 I servicemanager: Caller(pid=4909,uid=10160,sid=u:r:rkpdapp:s0:c160,c256,c512,c768) Tried to start aidl service android.hardware.drm.IDrmFactory/wfdhdcp as a lazy service, but was unable to. Usually this happens when a service is not installed, but if the service is intended to be used as a lazy service, then it may be configured incorrectly.
01-07 23:17:29.232  4799  4799 I adsp_sleepmon: Audio: num_sessions=1,num_lpi_sessions=0,timer_pending=0
01-07 23:17:29.239  4799  4799 I adsp_sleepmon: Audio: num_sessions=0,num_lpi_sessions=0,timer_pending=1
01-07 23:17:29.255  4799  4799 I adsp_sleepmon: Audio: num_sessions=1,num_lpi_sessions=0,timer_pending=0
01-07 23:17:29.262  4799  4799 I adsp_sleepmon: Audio: num_sessions=0,num_lpi_sessions=0,timer_pending=1
01-07 23:17:41.275  2378  2658 D ActivityManager: freezing 3977 com.android.dialer
01-07 23:17:29.273  4799  4799 I adsp_sleepmon: Audio: num_sessions=1,num_lpi_sessions=0,timer_pending=0
01-07 23:17:41.278  2378  2658 D ActivityManager: freezing 4657 com.android.imsserviceentitlement
01-07 23:17:29.280  4799  4799 I adsp_sleepmon: Audio: num_sessions=0,num_lpi_sessions=0,timer_pending=1
01-07 23:17:29.296  4799  4799 I adsp_sleepmon: Audio: num_sessions=1,num_lpi_sessions=0,timer_pending=0
01-07 23:17:29.299   457   457 I servicemanager: Caller(pid=2378,uid=1000,sid=u:r:system_server:s0) Since 'android.hardware.biometrics.fingerprint.virtualhal.IVirtualHal/virtual' could not be found trying to start it as a lazy AIDL service. (if it's not configured to be a lazy service, it may be stuck starting or still starting).
01-07 23:17:29.300     1     1 E init    : Control message: Could not find 'aidl/android.hardware.biometrics.fingerprint.virtualhal.IVirtualHal/virtual' for ctl.interface_start from pid: 457 (/system/bin/servicemanager)
01-07 23:17:29.300  5724  5724 I servicemanager: Caller(pid=2378,uid=1000,sid=u:r:system_server:s0) Tried to start aidl service android.hardware.biometrics.fingerprint.virtualhal.IVirtualHal/virtual as a lazy service, but was unable to. Usually this happens when a service is not installed, but if the service is intended to be used as a lazy service, then it may be configured incorrectly.
01-07 23:17:29.304  4799  4799 I adsp_sleepmon: Audio: num_sessions=0,num_lpi_sessions=0,timer_pending=1
01-07 23:17:29.322  4799  4799 I adsp_sleepmon: Audio: num_sessions=1,num_lpi_sessions=0,timer_pending=0
01-07 23:17:29.325  4799  4799 I adsp_sleepmon: Audio: num_sessions=0,num_lpi_sessions=0,timer_pending=1
01-07 23:17:41.339  2378  2658 D ActivityManager: freezing 5044 com.android.healthconnect.controller
01-07 23:17:29.340  4799  4799 I adsp_sleepmon: Audio: num_sessions=1,num_lpi_sessions=0,timer_pending=0
01-07 23:17:29.347  4799  4799 I adsp_sleepmon: Audio: num_sessions=0,num_lpi_sessions=0,timer_pending=1
01-07 23:17:29.361  4799  4799 I adsp_sleepmon: Audio: num_sessions=1,num_lpi_sessions=0,timer_pending=0
01-07 23:17:29.364  4799  4799 I adsp_sleepmon: Audio: num_sessions=0,num_lpi_sessions=0,timer_pending=1
01-07 23:17:29.376  4799  4799 I adsp_sleepmon: Audio: num_sessions=1,num_lpi_sessions=0,timer_pending=0
01-07 23:17:29.379  4799  4799 I adsp_sleepmon: Audio: num_sessions=0,num_lpi_sessions=0,timer_pending=1
01-07 23:17:29.394  4799  4799 I adsp_sleepmon: Audio: num_sessions=1,num_lpi_sessions=0,timer_pending=0
01-07 23:17:29.397  4799  4799 I adsp_sleepmon: Audio: num_sessions=0,num_lpi_sessions=0,timer_pending=1
01-07 23:17:29.407  4799  4799 I adsp_sleepmon: Audio: num_sessions=1,num_lpi_sessions=0,timer_pending=0
01-07 23:17:29.410  4799  4799 I adsp_sleepmon: Audio: num_sessions=0,num_lpi_sessions=0,timer_pending=1
01-07 23:17:29.426  4799  4799 I adsp_sleepmon: Audio: num_sessions=1,num_lpi_sessions=0,timer_pending=0
01-07 23:17:29.429  4799  4799 I adsp_sleepmon: Audio: num_sessions=0,num_lpi_sessions=0,timer_pending=1
01-07 23:17:29.444  4799  4799 I adsp_sleepmon: Audio: num_sessions=1,num_lpi_sessions=0,timer_pending=0
01-07 23:17:29.452  4799  4799 I adsp_sleepmon: Audio: num_sessions=0,num_lpi_sessions=0,timer_pending=1
01-07 23:17:29.469  4799  4799 I adsp_sleepmon: Audio: num_sessions=1,num_lpi_sessions=0,timer_pending=0
01-07 23:17:29.476  4799  4799 I adsp_sleepmon: Audio: num_sessions=0,num_lpi_sessions=0,timer_pending=1
01-07 23:17:29.491  4799  4799 I adsp_sleepmon: Audio: num_sessions=1,num_lpi_sessions=0,timer_pending=0
01-07 23:17:41.496  2378  2658 D ActivityManager: freezing 4448 com.android.documentsui
01-07 23:17:29.499  4799  4799 I adsp_sleepmon: Audio: num_sessions=0,num_lpi_sessions=0,timer_pending=1
01-07 23:17:29.515  4799  4799 I adsp_sleepmon: Audio: num_sessions=1,num_lpi_sessions=0,timer_pending=0
01-07 23:17:29.519  4799  4799 I adsp_sleepmon: Audio: num_sessions=0,num_lpi_sessions=0,timer_pending=1
01-07 23:17:29.533  4799  4799 I adsp_sleepmon: Audio: num_sessions=1,num_lpi_sessions=0,timer_pending=0
01-07 23:17:29.540  4799  4799 I adsp_sleepmon: Audio: num_sessions=0,num_lpi_sessions=0,timer_pending=1
01-07 23:17:29.554  4799  4799 I adsp_sleepmon: Audio: num_sessions=1,num_lpi_sessions=0,timer_pending=0
01-07 23:17:29.557  4799  4799 I adsp_sleepmon: Audio: num_sessions=0,num_lpi_sessions=0,timer_pending=1
01-07 23:17:29.580  4799  4799 I adsp_sleepmon: Audio: num_sessions=1,num_lpi_sessions=0,timer_pending=0
01-07 23:17:29.587  4799  4799 I adsp_sleepmon: Audio: num_sessions=0,num_lpi_sessions=0,timer_pending=1
01-07 23:17:29.605  4799  4799 I adsp_sleepmon: Audio: num_sessions=1,num_lpi_sessions=0,timer_pending=0
01-07 23:17:29.608  4799  4799 I adsp_sleepmon: Audio: num_sessions=0,num_lpi_sessions=0,timer_pending=1
01-07 23:17:29.622  4799  4799 I adsp_sleepmon: Audio: num_sessions=1,num_lpi_sessions=0,timer_pending=0
01-07 23:17:29.631  4799  4799 I adsp_sleepmon: Audio: num_sessions=0,num_lpi_sessions=0,timer_pending=1
01-07 23:17:29.650  4799  4799 I adsp_sleepmon: Audio: num_sessions=1,num_lpi_sessions=0,timer_pending=0
01-07 23:17:29.653  4799  4799 I adsp_sleepmon: Audio: num_sessions=0,num_lpi_sessions=0,timer_pending=1
01-07 23:17:29.667  4799  4799 I adsp_sleepmon: Audio: num_sessions=1,num_lpi_sessions=0,timer_pending=0
01-07 23:17:29.673  4799  4799 I adsp_sleepmon: Audio: num_sessions=0,num_lpi_sessions=0,timer_pending=1
01-07 23:17:29.690  4799  4799 I adsp_sleepmon: Audio: num_sessions=1,num_lpi_sessions=0,timer_pending=0
01-07 23:17:29.693  4799  4799 I adsp_sleepmon: Audio: num_sessions=0,num_lpi_sessions=0,timer_pending=1
01-07 23:17:29.709  4799  4799 I adsp_sleepmon: Audio: num_sessions=1,num_lpi_sessions=0,timer_pending=0
01-07 23:17:29.714   932   932 D [FTS_TS]fts_input_report_b: [B]P0 UP!
01-07 23:17:29.714   932   932 D [FTS_TS]fts_input_report_b: [B]Points All Up!
01-07 23:17:29.716  4799  4799 I adsp_sleepmon: Audio: num_sessions=0,num_lpi_sessions=0,timer_pending=1
01-07 23:17:29.736  4799  4799 I adsp_sleepmon: Audio: num_sessions=1,num_lpi_sessions=0,timer_pending=0
01-07 23:17:29.743  4799  4799 I adsp_sleepmon: Audio: num_sessions=0,num_lpi_sessions=0,timer_pending=1
01-07 23:17:29.760  4799  4799 I adsp_sleepmon: Audio: num_sessions=1,num_lpi_sessions=0,timer_pending=0
01-07 23:17:29.768  4799  4799 I adsp_sleepmon: Audio: num_sessions=0,num_lpi_sessions=0,timer_pending=1
01-07 23:17:29.781   932   932 D [FTS_TS]fts_input_report_b: [B]P0(419, 1486)[p:29,tm:48] DOWN!
01-07 23:17:29.792  4799  4799 I adsp_sleepmon: Audio: num_sessions=1,num_lpi_sessions=0,timer_pending=0
01-07 23:17:29.794  4799  4799 I adsp_sleepmon: Audio: num_sessions=0,num_lpi_sessions=0,timer_pending=1
01-07 23:17:29.807  4799  4799 I adsp_sleepmon: Audio: num_sessions=1,num_lpi_sessions=0,timer_pending=0
01-07 23:17:29.815  4799  4799 I adsp_sleepmon: Audio: num_sessions=0,num_lpi_sessions=0,timer_pending=1
01-07 23:17:29.830  4799  4799 I adsp_sleepmon: Audio: num_sessions=1,num_lpi_sessions=0,timer_pending=0
01-07 23:17:29.834  4799  4799 I adsp_sleepmon: Audio: num_sessions=0,num_lpi_sessions=0,timer_pending=1
01-07 23:17:29.855  4799  4799 I adsp_sleepmon: Audio: num_sessions=1,num_lpi_sessions=0,timer_pending=0
01-07 23:17:29.862  4799  4799 I adsp_sleepmon: Audio: num_sessions=0,num_lpi_sessions=0,timer_pending=1
01-07 23:17:29.872   932   932 D [FTS_TS]fts_input_report_b: [B]P0 UP!
01-07 23:17:29.872   932   932 D [FTS_TS]fts_input_report_b: [B]Points All Up!
01-07 23:17:29.888  4799  4799 I adsp_sleepmon: Audio: num_sessions=1,num_lpi_sessions=0,timer_pending=0
01-07 23:17:29.890  4799  4799 I adsp_sleepmon: Audio: num_sessions=0,num_lpi_sessions=0,timer_pending=1
01-07 23:17:29.909  4799  4799 I adsp_sleepmon: Audio: num_sessions=1,num_lpi_sessions=0,timer_pending=0
01-07 23:17:29.912  4799  4799 I adsp_sleepmon: Audio: num_sessions=0,num_lpi_sessions=0,timer_pending=1
01-07 23:17:29.923  4799  4799 I adsp_sleepmon: Audio: num_sessions=1,num_lpi_sessions=0,timer_pending=0
01-07 23:17:29.925  4799  4799 I adsp_sleepmon: Audio: num_sessions=0,num_lpi_sessions=0,timer_pending=1
01-07 23:17:29.946  4799  4799 I adsp_sleepmon: Audio: num_sessions=1,num_lpi_sessions=0,timer_pending=0
01-07 23:17:29.954  4799  4799 I adsp_sleepmon: Audio: num_sessions=0,num_lpi_sessions=0,timer_pending=1
01-07 23:17:29.973  4799  4799 I adsp_sleepmon: Audio: num_sessions=1,num_lpi_sessions=0,timer_pending=0
01-07 23:17:29.976  4799  4799 I adsp_sleepmon: Audio: num_sessions=0,num_lpi_sessions=0,timer_pending=1
01-07 23:17:29.981   932   932 D [FTS_TS]fts_input_report_b: [B]P0(402, 1475)[p:34,tm:48] DOWN!
01-07 23:17:29.991  4799  4799 I adsp_sleepmon: Audio: num_sessions=1,num_lpi_sessions=0,timer_pending=0
01-07 23:17:29.998  4799  4799 I adsp_sleepmon: Audio: num_sessions=0,num_lpi_sessions=0,timer_pending=1
01-07 23:17:30.017  4799  4799 I adsp_sleepmon: Audio: num_sessions=1,num_lpi_sessions=0,timer_pending=0
01-07 23:17:30.021  4799  4799 I adsp_sleepmon: Audio: num_sessions=0,num_lpi_sessions=0,timer_pending=1
01-07 23:17:30.032  4799  4799 I adsp_sleepmon: Audio: num_sessions=1,num_lpi_sessions=0,timer_pending=0
01-07 23:17:30.037  4799  4799 I adsp_sleepmon: Audio: num_sessions=0,num_lpi_sessions=0,timer_pending=1
01-07 23:17:30.039   932   932 D [FTS_TS]fts_input_report_b: [B]P0 UP!
01-07 23:17:30.039   932   932 D [FTS_TS]fts_input_report_b: [B]Points All Up!
01-07 23:17:30.055  4799  4799 I adsp_sleepmon: Audio: num_sessions=1,num_lpi_sessions=0,timer_pending=0
01-07 23:17:30.063  4799  4799 I adsp_sleepmon: Audio: num_sessions=0,num_lpi_sessions=0,timer_pending=1
01-07 23:17:30.077  4799  4799 I adsp_sleepmon: Audio: num_sessions=1,num_lpi_sessions=0,timer_pending=0
01-07 23:17:30.081  4799  4799 I adsp_sleepmon: Audio: num_sessions=0,num_lpi_sessions=0,timer_pending=1
01-07 23:17:30.095  4799  4799 I adsp_sleepmon: Audio: num_sessions=1,num_lpi_sessions=0,timer_pending=0
01-07 23:17:30.103  4799  4799 I adsp_sleepmon: Audio: num_sessions=0,num_lpi_sessions=0,timer_pending=1
01-07 23:17:30.118  4799  4799 I adsp_sleepmon: Audio: num_sessions=1,num_lpi_sessions=0,timer_pending=0
01-07 23:17:30.120  4799  4799 I adsp_sleepmon: Audio: num_sessions=0,num_lpi_sessions=0,timer_pending=1
01-07 23:17:30.130   932   932 D [FTS_TS]fts_input_report_b: [B]P0(396, 1476)[p:29,tm:40] DOWN!
01-07 23:17:30.135  4799  4799 I adsp_sleepmon: Audio: num_sessions=1,num_lpi_sessions=0,timer_pending=0
01-07 23:17:30.141  4799  4799 I adsp_sleepmon: Audio: num_sessions=0,num_lpi_sessions=0,timer_pending=1
01-07 23:17:30.153  4799  4799 I adsp_sleepmon: Audio: num_sessions=1,num_lpi_sessions=0,timer_pending=0
01-07 23:17:30.155  4799  4799 I adsp_sleepmon: Audio: num_sessions=0,num_lpi_sessions=0,timer_pending=1
01-07 23:17:30.168  4799  4799 I adsp_sleepmon: Audio: num_sessions=1,num_lpi_sessions=0,timer_pending=0
01-07 23:17:30.176  4799  4799 I adsp_sleepmon: Audio: num_sessions=0,num_lpi_sessions=0,timer_pending=1
01-07 23:17:30.189  4799  4799 I adsp_sleepmon: Audio: num_sessions=1,num_lpi_sessions=0,timer_pending=0
01-07 23:17:30.191  4799  4799 I adsp_sleepmon: Audio: num_sessions=0,num_lpi_sessions=0,timer_pending=1
01-07 23:17:30.205  4799  4799 I adsp_sleepmon: Audio: num_sessions=1,num_lpi_sessions=0,timer_pending=0
01-07 23:17:30.210  4799  4799 I adsp_sleepmon: Audio: num_sessions=0,num_lpi_sessions=0,timer_pending=1
01-07 23:17:30.214   932   932 D [FTS_TS]fts_input_report_b: [B]P0 UP!
01-07 23:17:30.214   932   932 D [FTS_TS]fts_input_report_b: [B]Points All Up!
01-07 23:17:42.221  2378  5199 I NotificationService: cancelToast pkg=com.android.settings token=android.os.BinderProxy@51701e6
01-07 23:17:30.226   457   457 I servicemanager: Caller(pid=4909,uid=10160,sid=u:r:rkpdapp:s0:c160,c256,c512,c768) Since 'android.hardware.drm.IDrmFactory/wfdhdcp' could not be found trying to start it as a lazy AIDL service. (if it's not configured to be a lazy service, it may be stuck starting or still starting).
01-07 23:17:30.226  4799  4799 I adsp_sleepmon: Audio: num_sessions=1,num_lpi_sessions=0,timer_pending=0
01-07 23:17:30.229     1     1 E init    : Control message: Could not find 'aidl/android.hardware.drm.IDrmFactory/wfdhdcp' for ctl.interface_start from pid: 457 (/system/bin/servicemanager)
01-07 23:17:30.229  5733  5733 I servicemanager: Caller(pid=4909,uid=10160,sid=u:r:rkpdapp:s0:c160,c256,c512,c768) Tried to start aidl service android.hardware.drm.IDrmFactory/wfdhdcp as a lazy service, but was unable to. Usually this happens when a service is not installed, but if the service is intended to be used as a lazy service, then it may be configured incorrectly.
01-07 23:17:30.234  4799  4799 I adsp_sleepmon: Audio: num_sessions=0,num_lpi_sessions=0,timer_pending=1
01-07 23:17:30.255  4799  4799 I adsp_sleepmon: Audio: num_sessions=1,num_lpi_sessions=0,timer_pending=0
01-07 23:17:30.257  4799  4799 I adsp_sleepmon: Audio: num_sessions=0,num_lpi_sessions=0,timer_pending=1
01-07 23:17:30.271  4799  4799 I adsp_sleepmon: Audio: num_sessions=1,num_lpi_sessions=0,timer_pending=0
01-07 23:17:30.274  4799  4799 I adsp_sleepmon: Audio: num_sessions=0,num_lpi_sessions=0,timer_pending=1
01-07 23:17:30.286  4799  4799 I adsp_sleepmon: Audio: num_sessions=1,num_lpi_sessions=0,timer_pending=0
01-07 23:17:30.289  4799  4799 I adsp_sleepmon: Audio: num_sessions=0,num_lpi_sessions=0,timer_pending=1
01-07 23:17:30.300  4799  4799 I adsp_sleepmon: Audio: num_sessions=1,num_lpi_sessions=0,timer_pending=0
01-07 23:17:30.301   457   457 I servicemanager: Caller(pid=2378,uid=1000,sid=u:r:system_server:s0) Since 'android.hardware.biometrics.fingerprint.virtualhal.IVirtualHal/virtual' could not be found trying to start it as a lazy AIDL service. (if it's not configured to be a lazy service, it may be stuck starting or still starting).
01-07 23:17:30.302     1     1 E init    : Control message: Could not find 'aidl/android.hardware.biometrics.fingerprint.virtualhal.IVirtualHal/virtual' for ctl.interface_start from pid: 457 (/system/bin/servicemanager)
01-07 23:17:30.302  5734  5734 I servicemanager: Caller(pid=2378,uid=1000,sid=u:r:system_server:s0) Tried to start aidl service android.hardware.biometrics.fingerprint.virtualhal.IVirtualHal/virtual as a lazy service, but was unable to. Usually this happens when a service is not installed, but if the service is intended to be used as a lazy service, then it may be configured incorrectly.
01-07 23:17:30.306   932   932 D [FTS_TS]fts_input_report_b: [B]P0(394, 1475)[p:24,tm:40] DOWN!
01-07 23:17:30.309  4799  4799 I adsp_sleepmon: Audio: num_sessions=0,num_lpi_sessions=0,timer_pending=1
01-07 23:17:30.323  4799  4799 I adsp_sleepmon: Audio: num_sessions=1,num_lpi_sessions=0,timer_pending=0
01-07 23:17:30.326  4799  4799 I adsp_sleepmon: Audio: num_sessions=0,num_lpi_sessions=0,timer_pending=1
01-07 23:17:30.339  4799  4799 I adsp_sleepmon: Audio: num_sessions=1,num_lpi_sessions=0,timer_pending=0
01-07 23:17:30.342  4799  4799 I adsp_sleepmon: Audio: num_sessions=0,num_lpi_sessions=0,timer_pending=1
01-07 23:17:30.359  4799  4799 I adsp_sleepmon: Audio: num_sessions=1,num_lpi_sessions=0,timer_pending=0
01-07 23:17:30.362  4799  4799 I adsp_sleepmon: Audio: num_sessions=0,num_lpi_sessions=0,timer_pending=1
01-07 23:17:30.364   932   932 D [FTS_TS]fts_input_report_b: [B]P0 UP!
01-07 23:17:30.364   932   932 D [FTS_TS]fts_input_report_b: [B]Points All Up!
01-07 23:17:42.370  2378  5199 I NotificationService: cancelToast pkg=com.android.settings token=android.os.BinderProxy@2fb677d
01-07 23:17:30.382  4799  4799 I adsp_sleepmon: Audio: num_sessions=1,num_lpi_sessions=0,timer_pending=0
01-07 23:17:30.390  4799  4799 I adsp_sleepmon: Audio: num_sessions=0,num_lpi_sessions=0,timer_pending=1
01-07 23:17:30.407  4799  4799 I adsp_sleepmon: Audio: num_sessions=1,num_lpi_sessions=0,timer_pending=0
01-07 23:17:30.410  4799  4799 I adsp_sleepmon: Audio: num_sessions=0,num_lpi_sessions=0,timer_pending=1
01-07 23:17:30.423  4799  4799 I adsp_sleepmon: Audio: num_sessions=1,num_lpi_sessions=0,timer_pending=0
01-07 23:17:30.431  4799  4799 I adsp_sleepmon: Audio: num_sessions=0,num_lpi_sessions=0,timer_pending=1
01-07 23:17:30.447  4799  4799 I adsp_sleepmon: Audio: num_sessions=1,num_lpi_sessions=0,timer_pending=0
01-07 23:17:30.453  4799  4799 I adsp_sleepmon: Audio: num_sessions=0,num_lpi_sessions=0,timer_pending=1
01-07 23:17:30.468  4799  4799 I adsp_sleepmon: Audio: num_sessions=1,num_lpi_sessions=0,timer_pending=0
01-07 23:17:30.470  4799  4799 I adsp_sleepmon: Audio: num_sessions=0,num_lpi_sessions=0,timer_pending=1
01-07 23:17:30.480   932   932 D [FTS_TS]fts_input_report_b: [B]P0(394, 1470)[p:21,tm:16] DOWN!
01-07 23:17:30.486  4799  4799 I adsp_sleepmon: Audio: num_sessions=1,num_lpi_sessions=0,timer_pending=0
01-07 23:17:42.489  2378  2623 W NotificationService: Toast already killed. pkg=com.android.settings token=android.os.BinderProxy@51701e6
01-07 23:17:30.495  4799  4799 I adsp_sleepmon: Audio: num_sessions=0,num_lpi_sessions=0,timer_pending=1
01-07 23:17:30.513  4799  4799 I adsp_sleepmon: Audio: num_sessions=1,num_lpi_sessions=0,timer_pending=0
01-07 23:17:30.516  4799  4799 I adsp_sleepmon: Audio: num_sessions=0,num_lpi_sessions=0,timer_pending=1
01-07 23:17:30.527  4799  4799 I adsp_sleepmon: Audio: num_sessions=1,num_lpi_sessions=0,timer_pending=0
01-07 23:17:30.529  4799  4799 I adsp_sleepmon: Audio: num_sessions=0,num_lpi_sessions=0,timer_pending=1
01-07 23:17:30.530   932   932 D [FTS_TS]fts_input_report_b: [B]P0 UP!
01-07 23:17:30.530   932   932 D [FTS_TS]fts_input_report_b: [B]Points All Up!
01-07 23:17:42.535  2378  5199 I NotificationService: cancelToast pkg=com.android.settings token=android.os.BinderProxy@44141ca
01-07 23:17:30.544  4799  4799 I adsp_sleepmon: Audio: num_sessions=1,num_lpi_sessions=0,timer_pending=0
01-07 23:17:30.547  4799  4799 I adsp_sleepmon: Audio: num_sessions=0,num_lpi_sessions=0,timer_pending=1
01-07 23:17:30.558  4799  4799 I adsp_sleepmon: Audio: num_sessions=1,num_lpi_sessions=0,timer_pending=0
01-07 23:17:30.566  4799  4799 I adsp_sleepmon: Audio: num_sessions=0,num_lpi_sessions=0,timer_pending=1
01-07 23:17:30.581  4799  4799 I adsp_sleepmon: Audio: num_sessions=1,num_lpi_sessions=0,timer_pending=0
01-07 23:17:30.584  4799  4799 I adsp_sleepmon: Audio: num_sessions=0,num_lpi_sessions=0,timer_pending=1
01-07 23:17:30.596  4799  4799 I adsp_sleepmon: Audio: num_sessions=1,num_lpi_sessions=0,timer_pending=0
01-07 23:17:30.599  4799  4799 I adsp_sleepmon: Audio: num_sessions=0,num_lpi_sessions=0,timer_pending=1
01-07 23:17:30.612  4799  4799 I adsp_sleepmon: Audio: num_sessions=1,num_lpi_sessions=0,timer_pending=0
01-07 23:17:30.619  4799  4799 I adsp_sleepmon: Audio: num_sessions=0,num_lpi_sessions=0,timer_pending=1
01-07 23:17:30.634  4799  4799 I adsp_sleepmon: Audio: num_sessions=1,num_lpi_sessions=0,timer_pending=0
01-07 23:17:30.637  4799  4799 I adsp_sleepmon: Audio: num_sessions=0,num_lpi_sessions=0,timer_pending=1
01-07 23:17:30.647   932   932 D [FTS_TS]fts_input_report_b: [B]P0(398, 1475)[p:24,tm:32] DOWN!
01-07 23:17:30.650  4799  4799 I adsp_sleepmon: Audio: num_sessions=1,num_lpi_sessions=0,timer_pending=0
01-07 23:17:30.653  4799  4799 I adsp_sleepmon: Audio: num_sessions=0,num_lpi_sessions=0,timer_pending=1
01-07 23:17:30.672  4799  4799 I adsp_sleepmon: Audio: num_sessions=1,num_lpi_sessions=0,timer_pending=0
01-07 23:17:30.675  4799  4799 I adsp_sleepmon: Audio: num_sessions=0,num_lpi_sessions=0,timer_pending=1
01-07 23:17:30.687  4799  4799 I adsp_sleepmon: Audio: num_sessions=1,num_lpi_sessions=0,timer_pending=0
01-07 23:17:30.689  4799  4799 I adsp_sleepmon: Audio: num_sessions=0,num_lpi_sessions=0,timer_pending=1
01-07 23:17:30.697   932   932 D [FTS_TS]fts_input_report_b: [B]P0 UP!
01-07 23:17:30.697   932   932 D [FTS_TS]fts_input_report_b: [B]Points All Up!
01-07 23:17:30.700  4799  4799 I adsp_sleepmon: Audio: num_sessions=1,num_lpi_sessions=0,timer_pending=0
01-07 23:17:30.705  4799  4799 I adsp_sleepmon: Audio: num_sessions=0,num_lpi_sessions=0,timer_pending=1
01-07 23:17:42.713  2378  5120 I NotificationService: cancelToast pkg=com.android.settings token=android.os.BinderProxy@51a03b1
01-07 23:17:42.720  2378  2555 I ActivityManager: Killing 4927:com.android.shell/2000 (adj 955): change com.android.shell
01-07 23:17:30.724  4799  4799 I adsp_sleepmon: Audio: num_sessions=1,num_lpi_sessions=0,timer_pending=0
01-07 23:17:42.732  2378  2686 V AccessibilityManagerService: onUserStateChangedLocked for userId: 0, forceUpdate: false
01-07 23:17:30.731  4799  4799 I adsp_sleepmon: Audio: num_sessions=0,num_lpi_sessions=0,timer_pending=1
01-07 23:17:42.734  2378  2686 W MagnificationConnectionManager: requestConnection duplicated request: connect=false, mConnectionState=DISCONNECTED
01-07 23:17:42.737  2378  3258 D ShortcutService: received package broadcast intent: Intent { act=android.intent.action.PACKAGE_CHANGED dat=package: flg=0x45000010 (has extras) }
01-07 23:17:42.737  2378  3258 D ShortcutService: changing package: com.android.shell userId=0
01-07 23:17:42.738  2378  5120 W AppOpService: Ignored setUidMode call for runtime permission app op: uid = 10109, code = RECEIVE_WAP_PUSH, mode = allow, callingUid = 1001, oldMode = allow
01-07 23:17:42.738  2378  5120 W AppOpService: Ignored setUidMode call for runtime permission app op: uid = 10109, code = READ_CELL_BROADCASTS, mode = allow, callingUid = 1001, oldMode = allow
01-07 23:17:42.743  2378  2515 W VoiceInteractionManager: no available voice recognition services found for user 0
01-07 23:17:42.747  2378  5131 W AppOpService: Ignored setUidMode call for runtime permission app op: uid = 1001, code = READ_SMS, mode = allow, callingUid = 1001, oldMode = allow
01-07 23:17:42.749  2378  5096 W AppOpService: Ignored setUidMode call for runtime permission app op: uid = 1001, code = RECEIVE_SMS, mode = allow, callingUid = 1001, oldMode = allow
01-07 23:17:42.749  2378  5096 W AppOpService: Ignored setUidMode call for runtime permission app op: uid = 1001, code = RECEIVE_WAP_PUSH, mode = allow, callingUid = 1001, oldMode = allow
01-07 23:17:42.750  2378  5096 W AppOpService: Ignored setUidMode call for runtime permission app op: uid = 1001, code = SEND_SMS, mode = allow, callingUid = 1001, oldMode = allow
01-07 23:17:42.750  2378  5096 W AppOpService: Ignored setUidMode call for runtime permission app op: uid = 1001, code = READ_CELL_BROADCASTS, mode = allow, callingUid = 1001, oldMode = allow
01-07 23:17:30.751  1410  1410 W audit   : audit_lost=17332 audit_rate_limit=5 audit_backlog_limit=64
01-07 23:17:30.751  1410  1410 E audit   : rate limit exceeded
01-07 23:17:30.752  4799  4799 I adsp_sleepmon: Audio: num_sessions=1,num_lpi_sessions=0,timer_pending=0
01-07 23:17:42.759  2378  3304 E PermissionService: revokeRuntimePermission: Cannot change system fixed permission android.permission.health.READ_HEART_RATE for package com.android.shell
01-07 23:17:30.760  4799  4799 I adsp_sleepmon: Audio: num_sessions=0,num_lpi_sessions=0,timer_pending=1
01-07 23:17:42.760  2378  3304 E PermissionService: revokeRuntimePermission: Cannot change system fixed permission android.permission.health.READ_OXYGEN_SATURATION for package com.android.shell
01-07 23:17:42.760  2378  3304 E PermissionService: revokeRuntimePermission: Cannot change system fixed permission android.permission.health.READ_SKIN_TEMPERATURE for package com.android.shell
01-07 23:17:42.762  2378  3304 W HealthPackageChangesMonitor: Revoked all health permissions from com.android.shell for user: UserHandle{0}
01-07 23:17:42.770  2378  5096 W AppOpService: Ignored setUidMode call for runtime permission app op: uid = 10109, code = RECEIVE_WAP_PUSH, mode = allow, callingUid = 1001, oldMode = allow
01-07 23:17:42.770  2378  5198 V ActivityManager: Got obituary of 4927:com.android.shell
01-07 23:17:42.771  2378  2623 W AppOpService: Ignored setUidMode call for runtime permission app op: uid = 10109, code = READ_CELL_BROADCASTS, mode = allow, callingUid = 1001, oldMode = allow
01-07 23:17:30.770   737   737 I binder  : undelivered transaction 287602, process died.
01-07 23:17:30.782  4799  4799 I adsp_sleepmon: Audio: num_sessions=1,num_lpi_sessions=0,timer_pending=0
01-07 23:17:42.786  2378  5096 W AppOpService: Ignored setUidMode call for runtime permission app op: uid = 1001, code = READ_SMS, mode = allow, callingUid = 1001, oldMode = allow
01-07 23:17:30.788  4799  4799 I adsp_sleepmon: Audio: num_sessions=0,num_lpi_sessions=0,timer_pending=1
01-07 23:17:42.790  2378  5199 W AppOpService: Ignored setUidMode call for runtime permission app op: uid = 1001, code = RECEIVE_SMS, mode = allow, callingUid = 1001, oldMode = allow
01-07 23:17:42.793  2378  5199 W AppOpService: Ignored setUidMode call for runtime permission app op: uid = 1001, code = RECEIVE_WAP_PUSH, mode = allow, callingUid = 1001, oldMode = allow
01-07 23:17:42.794  2378  5096 W AppOpService: Ignored setUidMode call for runtime permission app op: uid = 1001, code = SEND_SMS, mode = allow, callingUid = 1001, oldMode = allow
01-07 23:17:42.795  2378  5199 W AppOpService: Ignored setUidMode call for runtime permission app op: uid = 1001, code = READ_CELL_BROADCASTS, mode = allow, callingUid = 1001, oldMode = allow
01-07 23:17:42.803  2378  5096 W NotificationService: Toast already killed. pkg=com.android.settings token=android.os.BinderProxy@44141ca
01-07 23:17:30.804  4799  4799 I adsp_sleepmon: Audio: num_sessions=1,num_lpi_sessions=0,timer_pending=0
01-07 23:17:30.810  4799  4799 I adsp_sleepmon: Audio: num_sessions=0,num_lpi_sessions=0,timer_pending=1
01-07 23:17:30.830  4799  4799 I adsp_sleepmon: Audio: num_sessions=1,num_lpi_sessions=0,timer_pending=0
01-07 23:17:30.832  4799  4799 I adsp_sleepmon: Audio: num_sessions=0,num_lpi_sessions=0,timer_pending=1
01-07 23:17:30.843  4799  4799 I adsp_sleepmon: Audio: num_sessions=1,num_lpi_sessions=0,timer_pending=0
01-07 23:17:30.851  4799  4799 I adsp_sleepmon: Audio: num_sessions=0,num_lpi_sessions=0,timer_pending=1
01-07 23:17:30.866  4799  4799 I adsp_sleepmon: Audio: num_sessions=1,num_lpi_sessions=0,timer_pending=0
01-07 23:17:30.870  4799  4799 I adsp_sleepmon: Audio: num_sessions=0,num_lpi_sessions=0,timer_pending=1
01-07 23:17:30.888  4799  4799 I adsp_sleepmon: Audio: num_sessions=1,num_lpi_sessions=0,timer_pending=0
01-07 23:17:30.895  4799  4799 I adsp_sleepmon: Audio: num_sessions=0,num_lpi_sessions=0,timer_pending=1
01-07 23:17:30.911  4799  4799 I adsp_sleepmon: Audio: num_sessions=1,num_lpi_sessions=0,timer_pending=0
01-07 23:17:30.914  4799  4799 I adsp_sleepmon: Audio: num_sessions=0,num_lpi_sessions=0,timer_pending=1
01-07 23:17:30.929  4799  4799 I adsp_sleepmon: Audio: num_sessions=1,num_lpi_sessions=0,timer_pending=0
01-07 23:17:30.932  4799  4799 I adsp_sleepmon: Audio: num_sessions=0,num_lpi_sessions=0,timer_pending=1
01-07 23:17:30.943  4799  4799 I adsp_sleepmon: Audio: num_sessions=1,num_lpi_sessions=0,timer_pending=0
01-07 23:17:30.950  4799  4799 I adsp_sleepmon: Audio: num_sessions=0,num_lpi_sessions=0,timer_pending=1
01-07 23:17:30.961  4799  4799 I adsp_sleepmon: Audio: num_sessions=1,num_lpi_sessions=0,timer_pending=0
01-07 23:17:30.964  4799  4799 I adsp_sleepmon: Audio: num_sessions=0,num_lpi_sessions=0,timer_pending=1
01-07 23:17:30.975  4799  4799 I adsp_sleepmon: Audio: num_sessions=1,num_lpi_sessions=0,timer_pending=0
01-07 23:17:30.978  4799  4799 I adsp_sleepmon: Audio: num_sessions=0,num_lpi_sessions=0,timer_pending=1
01-07 23:17:30.997  4799  4799 I adsp_sleepmon: Audio: num_sessions=1,num_lpi_sessions=0,timer_pending=0
01-07 23:17:31.006   932   932 D [FTS_TS]fts_input_report_b: [B]P0(717, 992)[p:15,tm:16] DOWN!
01-07 23:17:31.007  4799  4799 I adsp_sleepmon: Audio: num_sessions=0,num_lpi_sessions=0,timer_pending=1
01-07 23:17:43.015  2378  5199 D CoreBackPreview: startBackNavigation currentTask=Task{c8ab6af #9 type=standard A=1000:com.android.settings.root}, topRunningActivity=ActivityRecord{24965759 u0 com.android.settings/.SubSettings t9}, callbackInfo=OnBackInvokedCallbackInfo{mCallback=android.window.IOnBackInvokedCallback$Stub$Proxy@de2b6ac, mPriority=-1, mIsAnimationCallback=false, mOverrideBehavior=0}, currentFocus=Window{6408cfe u0 com.android.settings/com.android.settings.SubSettings}
01-07 23:17:43.015  2378  5199 D CoreBackPreview: Previous Destination is Activity:ComponentInfo{com.android.settings/com.android.settings.homepage.SettingsHomepageActivity} Task:Task=9 removedContainer:ActivityRecord{24965759 u0 com.android.settings/.SubSettings t9}, backType=TYPE_CROSS_ACTIVITY
01-07 23:17:43.018  2378  5199 D CoreBackPreview: Setting Activity.mLauncherTaskBehind to true. Activity=ActivityRecord{190537358 u0 com.android.settings/.Settings t9}
01-07 23:17:43.030  3313  3356 D ShellBackPreview: Received backNavigationInfo:BackNavigationInfo{mType=TYPE_CROSS_ACTIVITY (2), mOnBackNavigationDone=android.os.RemoteCallback@c9d1490, mOnBackInvokedCallback=android.window.IOnBackInvokedCallback$Stub$Proxy@285d189, mPrepareRemoteAnimation=true, mAnimationCallback=false, mCustomizeAnimationInfo=null}
01-07 23:17:43.030  3313  3356 V WindowManagerShell: Transition requested (#23): android.os.BinderProxy@1c8258e TransitionRequestInfo { type = PREDICTIVE_BACK, triggerTask = null, pipChange = null, remoteTransition = null, displayChange = null, flags = 0, debugId = 23 }
01-07 23:17:43.030  3313  3356 V WindowManagerShell: Transition (#23): request handled by BackAnimationController$BackTransitionHandler
01-07 23:17:31.031  4799  4799 I adsp_sleepmon: Audio: num_sessions=1,num_lpi_sessions=0,timer_pending=0
01-07 23:17:31.038  4799  4799 I adsp_sleepmon: Audio: num_sessions=0,num_lpi_sessions=0,timer_pending=1
01-07 23:17:43.055  2378  5096 W ContextImpl: Calling a method in the system process without a qualified user: android.app.ContextImpl.sendBroadcastMultiplePermissions:1319 android.content.Context.sendBroadcastMultiplePermissions:2583 com.android.server.TelephonyRegistry.broadcastServiceStateChanged:4159 com.android.server.TelephonyRegistry.notifyServiceStateForPhoneId:1848 com.android.internal.telephony.ITelephonyRegistry$Stub.onTransact:613 
01-07 23:17:31.056  4799  4799 I adsp_sleepmon: Audio: num_sessions=1,num_lpi_sessions=0,timer_pending=0
