01-07 23:17:32.947  4799  4799 I adsp_sleepmon: Audio: num_sessions=0,num_lpi_sessions=0,timer_pending=1
01-07 23:17:32.964  4799  4799 I adsp_sleepmon: Audio: num_sessions=1,num_lpi_sessions=0,timer_pending=0
01-07 23:17:32.968  4799  4799 I adsp_sleepmon: Audio: num_sessions=0,num_lpi_sessions=0,timer_pending=1
01-07 23:17:32.985  4799  4799 I adsp_sleepmon: Audio: num_sessions=1,num_lpi_sessions=0,timer_pending=0
01-07 23:17:32.992  4799  4799 I adsp_sleepmon: Audio: num_sessions=0,num_lpi_sessions=0,timer_pending=1
01-07 23:17:33.011  4799  4799 I adsp_sleepmon: Audio: num_sessions=1,num_lpi_sessions=0,timer_pending=0
01-07 23:17:33.016  4799  4799 I adsp_sleepmon: Audio: num_sessions=0,num_lpi_sessions=0,timer_pending=1
01-07 23:17:33.035  4799  4799 I adsp_sleepmon: Audio: num_sessions=1,num_lpi_sessions=0,timer_pending=0
01-07 23:17:33.044  4799  4799 I adsp_sleepmon: Audio: num_sessions=0,num_lpi_sessions=0,timer_pending=1
01-07 23:17:33.067  4799  4799 I adsp_sleepmon: Audio: num_sessions=1,num_lpi_sessions=0,timer_pending=0
01-07 23:17:33.072  4799  4799 I adsp_sleepmon: Audio: num_sessions=0,num_lpi_sessions=0,timer_pending=1
01-07 23:17:33.090  4799  4799 I adsp_sleepmon: Audio: num_sessions=1,num_lpi_sessions=0,timer_pending=0
01-07 23:17:33.098  4799  4799 I adsp_sleepmon: Audio: num_sessions=0,num_lpi_sessions=0,timer_pending=1
01-07 23:17:33.116  4799  4799 I adsp_sleepmon: Audio: num_sessions=1,num_lpi_sessions=0,timer_pending=0
01-07 23:17:33.119  4799  4799 I adsp_sleepmon: Audio: num_sessions=0,num_lpi_sessions=0,timer_pending=1
01-07 23:17:33.134  4799  4799 I adsp_sleepmon: Audio: num_sessions=1,num_lpi_sessions=0,timer_pending=0
01-07 23:17:33.139  4799  4799 I adsp_sleepmon: Audio: num_sessions=0,num_lpi_sessions=0,timer_pending=1
01-07 23:17:33.139   932   932 D [FTS_TS]fts_input_report_b: [B]P0 UP!
01-07 23:17:33.139   932   932 D [FTS_TS]fts_input_report_b: [B]Points All Up!
01-07 23:17:45.147  2378  5132 W OptProp : Cannot read opt property android.window.PROPERTY_COMPAT_ALLOW_MIN_ASPECT_RATIO_OVERRIDE
01-07 23:17:45.148  2378  5132 W OptProp : Cannot read opt property android.window.PROPERTY_COMPAT_ALLOW_ORIENTATION_OVERRIDE
01-07 23:17:45.155  2378  5132 I ActivityTaskManager: START u0 {act=android.intent.action.MAIN xflg=0x4 cmp=com.android.settings/.SubSettings (has extras)} with LAUNCH_MULTIPLE from uid 1000 (sr=37170345) (BAL_ALLOW_VISIBLE_WINDOW) result code=0
01-07 23:17:33.155  4799  4799 I adsp_sleepmon: Audio: num_sessions=1,num_lpi_sessions=0,timer_pending=0
01-07 23:17:45.157  3313  3356 V WindowManagerShell: Transition requested (#26): android.os.BinderProxy@ab59dd9 TransitionRequestInfo { type = OPEN, triggerTask = TaskInfo{userId=0 taskId=9 effectiveUid=1000 displayId=0 isRunning=true baseIntent=Intent { act=android.intent.action.MAIN cat=[android.intent.category.LAUNCHER] flg=0x10200000 cmp=com.android.settings/.Settings } baseActivity=ComponentInfo{com.android.settings/com.android.settings.homepage.SettingsHomepageActivity} topActivity=ComponentInfo{com.android.settings/com.android.settings.SubSettings} origActivity=ComponentInfo{com.android.settings/com.android.settings.Settings} realActivity=ComponentInfo{com.android.settings/com.android.settings.homepage.SettingsHomepageActivity} numActivities=3 lastActiveTime=74146 supportsMultiWindow=true resizeMode=1 isResizeable=true minWidth=-1 minHeight=-1 defaultMinSize=220 token=WCT{android.window.IWindowContainerToken$Stub$Proxy@442839e} topActivityType=1 pictureInPictureParams=null shouldDockBigOverlays=false launchIntoPipHostTaskId=-1 lastParentTaskIdBeforePip=-1 displayCutoutSafeInsets=Rect(0, 0 - 0, 0) topActivityInfo=ActivityInfo{ea05e7f com.android.settings.SubSettings} launchCookies=[android.os.BinderProxy@61412a8] positionInParent=Point(0, 0) parentTaskId=-1 isFocused=true isVisible=true isVisibleRequested=true isTopActivityNoDisplay=false isSleeping=false locusId=null displayAreaFeatureId=1 isTopActivityTransparent=false isActivityStackTransparent=false lastNonFullscreenBounds=Rect(185, 493 - 535, 1213) capturedLink=null capturedLinkTimestamp=0 requestedVisibleTypes=-9 topActivityRequestOpenInBrowserEducationTimestamp=0 appCompatTaskInfo=AppCompatTaskInfo { topActivityInSizeCompat=false eligibleForLetterboxEducation= false isLetterboxEducationEnabled= false isLetterboxDoubleTapEnabled= false eligibleForUserAspectRatioButton= false topActivityBoundsLetterboxed= false isFromLetterboxDoubleTap= false topActivityLetterboxVerticalPosition= -1 topActivityLetterboxHorizontalPosition= -1 topActivityLetterboxWidth=-1 topActivityLetterboxHeight=-1 topActivityAppBounds=Rect(0, 0 - 720, 1640) isUserFullscreenOverrideEnabled=false isSystemFullscreenOverrideEnabled=false hasMinAspectRatioOverride=false topActivityLetterboxBounds=null cameraCompatTaskInfo=CameraCompatTaskInfo { freeformCameraCompatMode=inactive}} topActivityMainWindowFrame=null}, pipChange = null, remoteTransition = null, displayChange = null, flags = 0, debugId = 26 }
01-07 23:17:45.158  3313  3356 D ShellSplitScreen: logExit: no-op, mLoggerSessionId is null
01-07 23:17:33.158  4799  4799 I adsp_sleepmon: Audio: num_sessions=0,num_lpi_sessions=0,timer_pending=1
01-07 23:17:45.166  2378  3259 D BackgroundInstallControlService: Package event received: 0
01-07 23:17:45.170  2378  5096 W OptProp : Cannot read opt property android.window.PROPERTY_COMPAT_ALLOW_RESIZEABLE_ACTIVITY_OVERRIDES
01-07 23:17:33.172  4799  4799 I adsp_sleepmon: Audio: num_sessions=1,num_lpi_sessions=0,timer_pending=0
01-07 23:17:45.174  2378  3259 D BackgroundInstallControlService: Package event received: 0
01-07 23:17:45.174  2378  3259 D BackgroundInstallControlService: Package event received: 0
01-07 23:17:33.175  4799  4799 I adsp_sleepmon: Audio: num_sessions=0,num_lpi_sessions=0,timer_pending=1
01-07 23:17:33.186  4799  4799 I adsp_sleepmon: Audio: num_sessions=1,num_lpi_sessions=0,timer_pending=0
01-07 23:17:33.189  4799  4799 I adsp_sleepmon: Audio: num_sessions=0,num_lpi_sessions=0,timer_pending=1
01-07 23:17:33.203  4799  4799 I adsp_sleepmon: Audio: num_sessions=1,num_lpi_sessions=0,timer_pending=0
01-07 23:17:33.206  4799  4799 I adsp_sleepmon: Audio: num_sessions=0,num_lpi_sessions=0,timer_pending=1
01-07 23:17:33.216  4799  4799 I adsp_sleepmon: Audio: num_sessions=1,num_lpi_sessions=0,timer_pending=0
01-07 23:17:33.218  4799  4799 I adsp_sleepmon: Audio: num_sessions=0,num_lpi_sessions=0,timer_pending=1
01-07 23:17:33.229  4799  4799 I adsp_sleepmon: Audio: num_sessions=1,num_lpi_sessions=0,timer_pending=0
01-07 23:17:33.231  4799  4799 I adsp_sleepmon: Audio: num_sessions=0,num_lpi_sessions=0,timer_pending=1
01-07 23:17:33.233   457   457 I servicemanager: Caller(pid=4909,uid=10160,sid=u:r:rkpdapp:s0:c160,c256,c512,c768) Since 'android.hardware.drm.IDrmFactory/wfdhdcp' could not be found trying to start it as a lazy AIDL service. (if it's not configured to be a lazy service, it may be stuck starting or still starting).
01-07 23:17:33.235     1     1 E init    : Control message: Could not find 'aidl/android.hardware.drm.IDrmFactory/wfdhdcp' for ctl.interface_start from pid: 457 (/system/bin/servicemanager)
01-07 23:17:33.235  5768  5768 I servicemanager: Caller(pid=4909,uid=10160,sid=u:r:rkpdapp:s0:c160,c256,c512,c768) Tried to start aidl service android.hardware.drm.IDrmFactory/wfdhdcp as a lazy service, but was unable to. Usually this happens when a service is not installed, but if the service is intended to be used as a lazy service, then it may be configured incorrectly.
01-07 23:17:45.238  2378  5132 E UserRestrictionsUtils: Unknown restriction queried by uid 1000 (com.android.server.telecom et al): null
01-07 23:17:45.239  2378  5096 E UserRestrictionsUtils: Unknown restriction queried by uid 1000 (com.android.server.telecom et al): null
01-07 23:17:45.240  2378  5198 E UserRestrictionsUtils: Unknown restriction queried by uid 1000 (com.android.server.telecom et al): null
01-07 23:17:45.241  2378  5096 E UserRestrictionsUtils: Unknown restriction queried by uid 1000 (com.android.server.telecom et al): null
01-07 23:17:45.241  2378  5096 E UserRestrictionsUtils: Unknown restriction queried by uid 1000 (com.android.server.telecom et al): null
01-07 23:17:45.243  2378  5096 E UserRestrictionsUtils: Unknown restriction queried by uid 1000 (com.android.server.telecom et al): null
01-07 23:17:45.246  2378  5096 E UserRestrictionsUtils: Unknown restriction queried by uid 1000 (com.android.server.telecom et al): null
01-07 23:17:33.248  4799  4799 I adsp_sleepmon: Audio: num_sessions=1,num_lpi_sessions=0,timer_pending=0
01-07 23:17:33.255  4799  4799 I adsp_sleepmon: Audio: num_sessions=0,num_lpi_sessions=0,timer_pending=1
01-07 23:17:33.261   457   457 I servicemanager: Caller(pid=3554,uid=1000,sid=u:r:system_app:s0) Could not find android.hardware.dumpstate.IDumpstateDevice/default in the VINTF manifest. No alternative instances declared in VINTF.
01-07 23:17:33.271  4799  4799 I adsp_sleepmon: Audio: num_sessions=1,num_lpi_sessions=0,timer_pending=0
01-07 23:17:33.277  4799  4799 I adsp_sleepmon: Audio: num_sessions=0,num_lpi_sessions=0,timer_pending=1
01-07 23:17:33.292  4799  4799 I adsp_sleepmon: Audio: num_sessions=1,num_lpi_sessions=0,timer_pending=0
01-07 23:17:33.295  4799  4799 I adsp_sleepmon: Audio: num_sessions=0,num_lpi_sessions=0,timer_pending=1
01-07 23:17:33.299   457   457 I servicemanager: Caller(pid=3554,uid=1000,sid=u:r:system_app:s0) Could not find android.hardware.dumpstate.IDumpstateDevice/default in the VINTF manifest. No alternative instances declared in VINTF.
01-07 23:17:33.310   457   457 I servicemanager: Caller(pid=2378,uid=1000,sid=u:r:system_server:s0) Since 'android.hardware.biometrics.fingerprint.virtualhal.IVirtualHal/virtual' could not be found trying to start it as a lazy AIDL service. (if it's not configured to be a lazy service, it may be stuck starting or still starting).
01-07 23:17:33.313     1     1 E init    : Control message: Could not find 'aidl/android.hardware.biometrics.fingerprint.virtualhal.IVirtualHal/virtual' for ctl.interface_start from pid: 457 (/system/bin/servicemanager)
01-07 23:17:33.313  4799  4799 I adsp_sleepmon: Audio: num_sessions=1,num_lpi_sessions=0,timer_pending=0
01-07 23:17:33.315  5773  5773 I servicemanager: Caller(pid=2378,uid=1000,sid=u:r:system_server:s0) Tried to start aidl service android.hardware.biometrics.fingerprint.virtualhal.IVirtualHal/virtual as a lazy service, but was unable to. Usually this happens when a service is not installed, but if the service is intended to be used as a lazy service, then it may be configured incorrectly.
01-07 23:17:33.319  4799  4799 I adsp_sleepmon: Audio: num_sessions=0,num_lpi_sessions=0,timer_pending=1
01-07 23:17:33.332  4799  4799 I adsp_sleepmon: Audio: num_sessions=1,num_lpi_sessions=0,timer_pending=0
01-07 23:17:33.334  4799  4799 I adsp_sleepmon: Audio: num_sessions=0,num_lpi_sessions=0,timer_pending=1
01-07 23:17:33.350  4799  4799 I adsp_sleepmon: Audio: num_sessions=1,num_lpi_sessions=0,timer_pending=0
01-07 23:17:33.352  4799  4799 I adsp_sleepmon: Audio: num_sessions=0,num_lpi_sessions=0,timer_pending=1
01-07 23:17:33.366   457   457 I servicemanager: Caller(pid=3554,uid=1000,sid=u:r:system_app:s0) Could not find android.hardware.dumpstate.IDumpstateDevice/default in the VINTF manifest. No alternative instances declared in VINTF.
01-07 23:17:33.370  4799  4799 I adsp_sleepmon: Audio: num_sessions=1,num_lpi_sessions=0,timer_pending=0
01-07 23:17:33.375  4799  4799 I adsp_sleepmon: Audio: num_sessions=0,num_lpi_sessions=0,timer_pending=1
01-07 23:17:33.377  5696  5696 W audit   : audit_lost=17334 audit_rate_limit=5 audit_backlog_limit=64
01-07 23:17:33.377  5696  5696 E audit   : rate limit exceeded
01-07 23:17:33.379  3299  3299 I [schedu][0x59b774f3][17:47:45.378623] adrastea: [3299:I:OSIF] scan start scan id 40966
01-07 23:17:33.391  4799  4799 I adsp_sleepmon: Audio: num_sessions=1,num_lpi_sessions=0,timer_pending=0
01-07 23:17:33.396  4799  4799 I adsp_sleepmon: Audio: num_sessions=0,num_lpi_sessions=0,timer_pending=1
01-07 23:17:45.402  2378  5143 D CoreBackPreview: Window{f05f536 u0 com.android.settings/com.android.settings.SubSettings}: Setting back callback OnBackInvokedCallbackInfo{mCallback=android.window.IOnBackInvokedCallback$Stub$Proxy@afc25a4, mPriority=-1, mIsAnimationCallback=false, mOverrideBehavior=0}
01-07 23:17:33.412  4799  4799 I adsp_sleepmon: Audio: num_sessions=1,num_lpi_sessions=0,timer_pending=0
01-07 23:17:33.415  4799  4799 I adsp_sleepmon: Audio: num_sessions=0,num_lpi_sessions=0,timer_pending=1
01-07 23:17:33.428  4799  4799 I adsp_sleepmon: Audio: num_sessions=1,num_lpi_sessions=0,timer_pending=0
01-07 23:17:33.432  4799  4799 I adsp_sleepmon: Audio: num_sessions=0,num_lpi_sessions=0,timer_pending=1
01-07 23:17:33.451  4799  4799 I adsp_sleepmon: Audio: num_sessions=1,num_lpi_sessions=0,timer_pending=0
01-07 23:17:33.458  4799  4799 I adsp_sleepmon: Audio: num_sessions=0,num_lpi_sessions=0,timer_pending=1
01-07 23:17:45.468  3313  3741 V WindowManagerShell: onTransitionReady(transaction=10213432231423)
01-07 23:17:45.469  3313  3356 V WindowManagerShell: onTransitionReady (#26) android.os.BinderProxy@ab59dd9: {id=26 t=OPEN f=0x0 trk=0 r=[0@Point(0, 0)] c=[
01-07 23:17:45.469  3313  3356 V WindowManagerShell:         {m=OPEN f=FILLS_TASK leash=Surface(name=ActivityRecord{220521604 u0 com.android.settings/.SubSettings)/@0x6d93e95 sb=Rect(0, 0 - 0, 0) eb=Rect(0, 0 - 720, 1640) epz=Point(720, 1640) d=-1->0 r=-1->0:-1 bc=ff1b2122 component=com.android.settings/.SubSettings opt={t=FROM_STYLE mUserId=0}},
01-07 23:17:45.469  3313  3356 V WindowManagerShell:         {m=TO_BACK f=FILLS_TASK leash=Surface(name=ActivityRecord{37170345 u0 com.android.settings/.SubSettings)/@0x7cf3baa sb=Rect(0, 0 - 720, 1640) eb=Rect(0, 0 - 720, 1640) epz=Point(720, 1640) d=0 bc=ff1b2122 component=com.android.settings/.SubSettings opt={t=FROM_STYLE mUserId=0}}
01-07 23:17:45.469  3313  3356 V WindowManagerShell:     ]}
01-07 23:17:45.469  3313  3356 V WindowManagerShell: Playing animation for (#26) android.os.BinderProxy@ab59dd9@0
01-07 23:17:45.469  3313  3356 V ShellRecents: RecentsTransitionHandler.startAnimation: no controller found
01-07 23:17:45.469  3313  3356 V WindowManagerShell: Transition doesn't have explicit remote, search filters for match for {id=26 t=OPEN f=0x0 trk=0 r=[0@Point(0, 0)] c=[{m=OPEN f=FILLS_TASK leash=Surface(name=ActivityRecord{220521604 u0 com.android.settings/.SubSettings)/@0x6d93e95 sb=Rect(0, 0 - 0, 0) eb=Rect(0, 0 - 720, 1640) epz=Point(720, 1640) d=-1->0 r=-1->0:-1 bc=ff1b2122 component=com.android.settings/.SubSettings opt={t=FROM_STYLE mUserId=0}},{m=TO_BACK f=FILLS_TASK leash=Surface(name=ActivityRecord{37170345 u0 com.android.settings/.SubSettings)/@0x7cf3baa sb=Rect(0, 0 - 720, 1640) eb=Rect(0, 0 - 720, 1640) epz=Point(720, 1640) d=0 bc=ff1b2122 component=com.android.settings/.SubSettings opt={t=FROM_STYLE mUserId=0}}]}
01-07 23:17:45.469  3313  3356 V WindowManagerShell:  Checking filter Pair{{types=[] flags=0x0] notFlags=0x100 checks=[{atype=home independent=true modes=[OPEN,TO_FRONT] flags=NONE mustBeTask=false order=TOP topActivity=ComponentInfo{com.android.launcher3/com.android.launcher3.uioverrides.QuickstepLauncher} launchCookie=null windowingMode=undefined},{atype=standard independent=true modes=[CLOSE,TO_BACK] flags=NONE mustBeTask=false order=ANY topActivity=null launchCookie=null windowingMode=undefined},{NOT atype=undefined independent=true modes=[] flags=NONE mustBeTask=true order=ANY topActivity=null launchCookie=null customAnim=true windowingMode=undefined}]} RemoteTransition { remoteTransition = android.window.IRemoteTransition$Stub$Proxy@d433d67, appThread = android.app.IApplicationThread$Stub$Proxy@700b714, debugName = QuickstepLaunchHome }}
01-07 23:17:45.469  3313  3356 V WindowManagerShell:  Delegate animation for (#26) to null
01-07 23:17:45.469  3313  3356 V WindowManagerShell: start default transition animation, info = {id=26 t=OPEN f=0x0 trk=0 r=[0@Point(0, 0)] c=[{m=OPEN f=FILLS_TASK leash=Surface(name=ActivityRecord{220521604 u0 com.android.settings/.SubSettings)/@0x6d93e95 sb=Rect(0, 0 - 0, 0) eb=Rect(0, 0 - 720, 1640) epz=Point(720, 1640) d=-1->0 r=-1->0:-1 bc=ff1b2122 component=com.android.settings/.SubSettings opt={t=FROM_STYLE mUserId=0}},{m=TO_BACK f=FILLS_TASK leash=Surface(name=ActivityRecord{37170345 u0 com.android.settings/.SubSettings)/@0x7cf3baa sb=Rect(0, 0 - 720, 1640) eb=Rect(0, 0 - 720, 1640) epz=Point(720, 1640) d=0 bc=ff1b2122 component=com.android.settings/.SubSettings opt={t=FROM_STYLE mUserId=0}}]}
01-07 23:17:45.474  3313  3356 V WindowManagerShell: loadAnimation: anim=android.view.animation.AnimationSet@6bd9e77 animAttr=0x5 type=OPEN isEntrance=false
01-07 23:17:33.473  4799  4799 I adsp_sleepmon: Audio: num_sessions=1,num_lpi_sessions=0,timer_pending=0
01-07 23:17:33.476  4799  4799 I adsp_sleepmon: Audio: num_sessions=0,num_lpi_sessions=0,timer_pending=1
01-07 23:17:45.478  3313  3356 V WindowManagerShell: loadAnimation: anim=android.view.animation.AnimationSet@b8f9602 animAttr=0x4 type=OPEN isEntrance=true
01-07 23:17:45.479  3313  3356 V WindowManagerShell:  animated by com.android.wm.shell.transition.DefaultTransitionHandler@5869ecc
01-07 23:17:45.480  2378  2507 V WindowManager: Sent Transition (#26) createdAt=01-07 23:17:45.146 via request=TransitionRequestInfo { type = OPEN, triggerTask = TaskInfo{userId=0 taskId=9 effectiveUid=1000 displayId=0 isRunning=true baseIntent=Intent { act=android.intent.action.MAIN cat=[android.intent.category.LAUNCHER] flg=0x10200000 cmp=com.android.settings/.Settings } baseActivity=ComponentInfo{com.android.settings/com.android.settings.homepage.SettingsHomepageActivity} topActivity=ComponentInfo{com.android.settings/com.android.settings.SubSettings} origActivity=ComponentInfo{com.android.settings/com.android.settings.Settings} realActivity=ComponentInfo{com.android.settings/com.android.settings.homepage.SettingsHomepageActivity} numActivities=3 lastActiveTime=74146 supportsMultiWindow=true resizeMode=1 isResizeable=true minWidth=-1 minHeight=-1 defaultMinSize=220 token=WCT{RemoteToken{24e7cfd Task{c8ab6af #9 type=standard A=1000:com.android.settings.root}}} topActivityType=1 pictureInPictureParams=null shouldDockBigOverlays=false launchIntoPipHostTaskId=-1 lastParentTaskIdBeforePip=-1 displayCutoutSafeInsets=Rect(0, 0 - 0, 0) topActivityInfo=ActivityInfo{6fc853c com.android.settings.SubSettings} launchCookies=[android.os.BinderProxy@f578c43] positionInParent=Point(0, 0) parentTaskId=-1 isFocused=true isVisible=true isVisibleRequested=true isTopActivityNoDisplay=false isSleeping=false locusId=null displayAreaFeatureId=1 isTopActivityTransparent=false isActivityStackTransparent=false lastNonFullscreenBounds=Rect(185, 493 - 535, 1213) capturedLink=null capturedLinkTimestamp=0 requestedVisibleTypes=-9 topActivityRequestOpenInBrowserEducationTimestamp=0 appCompatTaskInfo=AppCompatTaskInfo { topActivityInSizeCompat=false eligibleForLetterboxEducation= false isLetterboxEducationEnabled= false isLetterboxDoubleTapEnabled= false eligibleForUserAspectRatioButton= false topActivityBoundsLetterboxed= false isFromLetterboxDoubleTap= false topActivityLetterboxVerticalPosition= -1 topActivityLetterboxHorizontalPosition= -1 topActivityLetterboxWidth=-1 topActivityLetterboxHeight=-1 topActivityAppBounds=Rect(0, 0 - 720, 1640) isUserFullscreenOverrideEnabled=false isSystemFullscreenOverrideEnabled=false hasMinAspectRatioOverride=false topActivityLetterboxBounds=null cameraCompatTaskInfo=CameraCompatTaskInfo { freeformCameraCompatMode=inactive}} topActivityMainWindowFrame=null}, pipChange = null, remoteTransition = null, displayChange = null, flags = 0, debugId = 26 }
01-07 23:17:45.480  2378  2507 V WindowManager:     startWCT=WindowContainerTransaction { changes= {} hops= [] errorCallbackToken=null taskFragmentOrganizer=null }
01-07 23:17:45.480  2378  2507 V WindowManager:     info={id=26 t=OPEN f=0x0 trk=0 r=[0@Point(0, 0)] c=[
01-07 23:17:45.480  2378  2507 V WindowManager:         {m=OPEN f=FILLS_TASK leash=Surface(name=ActivityRecord{220521604 u0 com.android.settings/.SubSettings)/@0xe79af09 sb=Rect(0, 0 - 0, 0) eb=Rect(0, 0 - 720, 1640) epz=Point(720, 1640) d=-1->0 r=-1->0:-1 bc=ff1b2122 component=com.android.settings/.SubSettings opt={t=FROM_STYLE mUserId=0}},
01-07 23:17:45.480  2378  2507 V WindowManager:         {m=TO_BACK f=FILLS_TASK leash=Surface(name=ActivityRecord{37170345 u0 com.android.settings/.SubSettings)/@0x903df8e sb=Rect(0, 0 - 720, 1640) eb=Rect(0, 0 - 720, 1640) epz=Point(720, 1640) d=0 bc=ff1b2122 component=com.android.settings/.SubSettings opt={t=FROM_STYLE mUserId=0}}
01-07 23:17:45.480  2378  2507 V WindowManager:     ]}
01-07 23:17:45.482  2378  2510 D OomAdjuster: Not killing cached processes
01-07 23:17:33.490  4799  4799 I adsp_sleepmon: Audio: num_sessions=1,num_lpi_sessions=0,timer_pending=0
01-07 23:17:33.496  4799  4799 I adsp_sleepmon: Audio: num_sessions=0,num_lpi_sessions=0,timer_pending=1
01-07 23:17:33.512  4799  4799 I adsp_sleepmon: Audio: num_sessions=1,num_lpi_sessions=0,timer_pending=0
01-07 23:17:33.514  4799  4799 I adsp_sleepmon: Audio: num_sessions=0,num_lpi_sessions=0,timer_pending=1
01-07 23:17:33.526  4799  4799 I adsp_sleepmon: Audio: num_sessions=1,num_lpi_sessions=0,timer_pending=0
01-07 23:17:33.529  4799  4799 I adsp_sleepmon: Audio: num_sessions=0,num_lpi_sessions=0,timer_pending=1
01-07 23:17:33.541  4799  4799 I adsp_sleepmon: Audio: num_sessions=1,num_lpi_sessions=0,timer_pending=0
01-07 23:17:33.544  4799  4799 I adsp_sleepmon: Audio: num_sessions=0,num_lpi_sessions=0,timer_pending=1
01-07 23:17:33.558  4799  4799 I adsp_sleepmon: Audio: num_sessions=1,num_lpi_sessions=0,timer_pending=0
01-07 23:17:33.560  4799  4799 I adsp_sleepmon: Audio: num_sessions=0,num_lpi_sessions=0,timer_pending=1
01-07 23:17:33.572  4799  4799 I adsp_sleepmon: Audio: num_sessions=1,num_lpi_sessions=0,timer_pending=0
01-07 23:17:33.574  4799  4799 I adsp_sleepmon: Audio: num_sessions=0,num_lpi_sessions=0,timer_pending=1
01-07 23:17:33.587  4799  4799 I adsp_sleepmon: Audio: num_sessions=1,num_lpi_sessions=0,timer_pending=0
01-07 23:17:33.589  4799  4799 I adsp_sleepmon: Audio: num_sessions=0,num_lpi_sessions=0,timer_pending=1
01-07 23:17:33.605  4799  4799 I adsp_sleepmon: Audio: num_sessions=1,num_lpi_sessions=0,timer_pending=0
01-07 23:17:33.607  4799  4799 I adsp_sleepmon: Audio: num_sessions=0,num_lpi_sessions=0,timer_pending=1
01-07 23:17:33.616  4799  4799 I adsp_sleepmon: Audio: num_sessions=1,num_lpi_sessions=0,timer_pending=0
01-07 23:17:33.618  4799  4799 I adsp_sleepmon: Audio: num_sessions=0,num_lpi_sessions=0,timer_pending=1
01-07 23:17:33.632  4799  4799 I adsp_sleepmon: Audio: num_sessions=1,num_lpi_sessions=0,timer_pending=0
01-07 23:17:33.635  4799  4799 I adsp_sleepmon: Audio: num_sessions=0,num_lpi_sessions=0,timer_pending=1
01-07 23:17:33.644  4799  4799 I adsp_sleepmon: Audio: num_sessions=1,num_lpi_sessions=0,timer_pending=0
01-07 23:17:33.647  4799  4799 I adsp_sleepmon: Audio: num_sessions=0,num_lpi_sessions=0,timer_pending=1
01-07 23:17:33.658  4799  4799 I adsp_sleepmon: Audio: num_sessions=1,num_lpi_sessions=0,timer_pending=0
01-07 23:17:33.660  4799  4799 I adsp_sleepmon: Audio: num_sessions=0,num_lpi_sessions=0,timer_pending=1
01-07 23:17:33.671  4799  4799 I adsp_sleepmon: Audio: num_sessions=1,num_lpi_sessions=0,timer_pending=0
01-07 23:17:33.674  4799  4799 I adsp_sleepmon: Audio: num_sessions=0,num_lpi_sessions=0,timer_pending=1
01-07 23:17:33.692  4799  4799 I adsp_sleepmon: Audio: num_sessions=1,num_lpi_sessions=0,timer_pending=0
01-07 23:17:33.694  4799  4799 I adsp_sleepmon: Audio: num_sessions=0,num_lpi_sessions=0,timer_pending=1
01-07 23:17:33.704  4799  4799 I adsp_sleepmon: Audio: num_sessions=1,num_lpi_sessions=0,timer_pending=0
01-07 23:17:33.706  4799  4799 I adsp_sleepmon: Audio: num_sessions=0,num_lpi_sessions=0,timer_pending=1
01-07 23:17:33.716   932   932 D [FTS_TS]fts_input_report_b: [B]P0(529, 1309)[p:21,tm:16] DOWN!
01-07 23:17:33.716  4799  4799 I adsp_sleepmon: Audio: num_sessions=1,num_lpi_sessions=0,timer_pending=0
01-07 23:17:33.723  4799  4799 I adsp_sleepmon: Audio: num_sessions=0,num_lpi_sessions=0,timer_pending=1
01-07 23:17:33.732  4799  4799 I adsp_sleepmon: Audio: num_sessions=1,num_lpi_sessions=0,timer_pending=0
01-07 23:17:33.734  4799  4799 I adsp_sleepmon: Audio: num_sessions=0,num_lpi_sessions=0,timer_pending=1
01-07 23:17:33.744  4799  4799 I adsp_sleepmon: Audio: num_sessions=1,num_lpi_sessions=0,timer_pending=0
01-07 23:17:33.747  4799  4799 I adsp_sleepmon: Audio: num_sessions=0,num_lpi_sessions=0,timer_pending=1
01-07 23:17:33.757     1     1 I init    : starting service 'wfdhdcphalservice'...
01-07 23:17:33.759  4799  4799 I adsp_sleepmon: Audio: num_sessions=1,num_lpi_sessions=0,timer_pending=0
01-07 23:17:33.761  4799  4799 I adsp_sleepmon: Audio: num_sessions=0,num_lpi_sessions=0,timer_pending=1
01-07 23:17:33.767     1     1 I init    : ... started service 'wfdhdcphalservice' has pid 5781
01-07 23:17:33.778     1     1 I init    : starting service 'mi_thermald'...
01-07 23:17:33.778  4799  4799 I adsp_sleepmon: Audio: num_sessions=1,num_lpi_sessions=0,timer_pending=0
01-07 23:17:33.782  4799  4799 I adsp_sleepmon: Audio: num_sessions=0,num_lpi_sessions=0,timer_pending=1
01-07 23:17:33.791  5782  5782 F init    : cannot setexeccon('u:r:mi_thermald:s0') for mi_thermald: Invalid argument
01-07 23:17:33.792     1     1 I init    : ... started service 'mi_thermald' has pid 5782
01-07 23:17:33.799  4799  4799 I adsp_sleepmon: Audio: num_sessions=1,num_lpi_sessions=0,timer_pending=0
01-07 23:17:33.800     1     1 I init    : Service 'wfdhdcphalservice' (pid 5781) received signal 31
01-07 23:17:33.800     1     1 I init    : Sending signal 9 to service 'wfdhdcphalservice' (pid 5781) process group...
01-07 23:17:33.802     1     1 I libprocessgroup: Removed cgroup /sys/fs/cgroup/system/uid_1000/pid_5781
01-07 23:17:33.803     1     1 E init    : process with updatable components 'wfdhdcphalservice' exited 4 times in 4 minutes
01-07 23:17:33.804     1     1 I init    : Service 'mi_thermald' (pid 5782) exited with status 6
01-07 23:17:33.804     1     1 I init    : Sending signal 9 to service 'mi_thermald' (pid 5782) process group...
01-07 23:17:33.804     1     1 I libprocessgroup: Removed cgroup /sys/fs/cgroup/system/uid_0/pid_5782
01-07 23:17:33.805     1     1 E init    : process with updatable components 'mi_thermald' exited 4 times in 4 minutes
01-07 23:17:33.806     1     1 I init    : processing action (sys.init.updatable_crashing=1) from (/system/etc/init/flags_health_check.rc:10)
01-07 23:17:33.807  4799  4799 I adsp_sleepmon: Audio: num_sessions=0,num_lpi_sessions=0,timer_pending=1
01-07 23:17:33.807     1     1 I init    : starting service 'exec 51 (/system/bin/flags_health_check UPDATABLE_CRASHING)'...
01-07 23:17:33.814   932   932 D [FTS_TS]fts_input_report_b: [B]P0 UP!
01-07 23:17:33.814   932   932 D [FTS_TS]fts_input_report_b: [B]Points All Up!
01-07 23:17:33.816     1     1 I init    : ... started service 'exec 51 (/system/bin/flags_health_check UPDATABLE_CRASHING)' has pid 5783
01-07 23:17:33.816     1     1 I init    : SVC_EXEC service 'exec 51 (/system/bin/flags_health_check UPDATABLE_CRASHING)' pid 5783 (uid 1000 gid 1000+0 context default) started; waiting...
01-07 23:17:33.826  4799  4799 I adsp_sleepmon: Audio: num_sessions=1,num_lpi_sessions=0,timer_pending=0
01-07 23:17:33.834  4799  4799 I adsp_sleepmon: Audio: num_sessions=0,num_lpi_sessions=0,timer_pending=1
01-07 23:17:33.846     1     1 I init    : Service 'exec 51 (/system/bin/flags_health_check UPDATABLE_CRASHING)' (pid 5783) exited with status 0 waiting took 0.030000 seconds
01-07 23:17:33.846     1     1 I init    : Sending signal 9 to service 'exec 51 (/system/bin/flags_health_check UPDATABLE_CRASHING)' (pid 5783) process group...
01-07 23:17:33.847     1     1 I libprocessgroup: Removed cgroup /sys/fs/cgroup/system/uid_1000/pid_5783
01-07 23:17:33.847     1     1 I init    : processing action (sys.init.updatable_crashing=1) from (/system/etc/init/flags_health_check.rc:10)
01-07 23:17:33.847     1     1 I init    : starting service 'exec 52 (/system/bin/flags_health_check UPDATABLE_CRASHING)'...
01-07 23:17:33.854     1     1 I init    : ... started service 'exec 52 (/system/bin/flags_health_check UPDATABLE_CRASHING)' has pid 5784
01-07 23:17:33.854     1     1 I init    : SVC_EXEC service 'exec 52 (/system/bin/flags_health_check UPDATABLE_CRASHING)' pid 5784 (uid 1000 gid 1000+0 context default) started; waiting...
01-07 23:17:33.856  4799  4799 I adsp_sleepmon: Audio: num_sessions=1,num_lpi_sessions=0,timer_pending=0
01-07 23:17:33.864  4799  4799 I adsp_sleepmon: Audio: num_sessions=0,num_lpi_sessions=0,timer_pending=1
01-07 23:17:33.879     1     1 I init    : Service 'exec 52 (/system/bin/flags_health_check UPDATABLE_CRASHING)' (pid 5784) exited with status 0 waiting took 0.027000 seconds
01-07 23:17:33.879     1     1 I init    : Sending signal 9 to service 'exec 52 (/system/bin/flags_health_check UPDATABLE_CRASHING)' (pid 5784) process group...
01-07 23:17:33.879     1     1 I libprocessgroup: Removed cgroup /sys/fs/cgroup/system/uid_1000/pid_5784
01-07 23:17:33.884  4799  4799 I adsp_sleepmon: Audio: num_sessions=1,num_lpi_sessions=0,timer_pending=0
01-07 23:17:33.893  4799  4799 I adsp_sleepmon: Audio: num_sessions=0,num_lpi_sessions=0,timer_pending=1
01-07 23:17:33.910  4799  4799 I adsp_sleepmon: Audio: num_sessions=1,num_lpi_sessions=0,timer_pending=0
01-07 23:17:33.913  4799  4799 I adsp_sleepmon: Audio: num_sessions=0,num_lpi_sessions=0,timer_pending=1
01-07 23:17:33.924  4799  4799 I adsp_sleepmon: Audio: num_sessions=1,num_lpi_sessions=0,timer_pending=0
01-07 23:17:33.933  4799  4799 I adsp_sleepmon: Audio: num_sessions=0,num_lpi_sessions=0,timer_pending=1
01-07 23:17:45.937  3313  3356 V WindowManagerShell: Transition animation finished (aborted=false), notifying core (#26) android.os.BinderProxy@ab59dd9@0
01-07 23:17:45.939  2378  2507 V WindowManager: Finish Transition (#26): created at 01-07 23:17:45.146 collect-started=0.052ms request-sent=8.26ms started=12.67ms ready=24.747ms sent=320.185ms commit=20.431ms finished=792.889ms
01-07 23:17:33.944  4799  4799 I adsp_sleepmon: Audio: num_sessions=1,num_lpi_sessions=0,timer_pending=0
01-07 23:17:45.950  3313  3356 V WindowManagerShell: Track 0 became idle
01-07 23:17:45.950  3313  3356 V WindowManagerShell: All active transition animations finished
01-07 23:17:33.952  4799  4799 I adsp_sleepmon: Audio: num_sessions=0,num_lpi_sessions=0,timer_pending=1
01-07 23:17:45.975  2378  3259 D BackgroundInstallControlService: Package event received: 0
01-07 23:17:33.978  4799  4799 I adsp_sleepmon: Audio: num_sessions=1,num_lpi_sessions=0,timer_pending=0
01-07 23:17:33.980  4799  4799 I adsp_sleepmon: Audio: num_sessions=0,num_lpi_sessions=0,timer_pending=1
01-07 23:17:33.993  4799  4799 I adsp_sleepmon: Audio: num_sessions=1,num_lpi_sessions=0,timer_pending=0
01-07 23:17:33.999  4799  4799 I adsp_sleepmon: Audio: num_sessions=0,num_lpi_sessions=0,timer_pending=1
01-07 23:17:34.014  4799  4799 I adsp_sleepmon: Audio: num_sessions=1,num_lpi_sessions=0,timer_pending=0
01-07 23:17:34.017  4799  4799 I adsp_sleepmon: Audio: num_sessions=0,num_lpi_sessions=0,timer_pending=1
01-07 23:17:34.030  4799  4799 I adsp_sleepmon: Audio: num_sessions=1,num_lpi_sessions=0,timer_pending=0
01-07 23:17:34.037  4799  4799 I adsp_sleepmon: Audio: num_sessions=0,num_lpi_sessions=0,timer_pending=1
01-07 23:17:34.054  4799  4799 I adsp_sleepmon: Audio: num_sessions=1,num_lpi_sessions=0,timer_pending=0
01-07 23:17:34.056  4799  4799 I adsp_sleepmon: Audio: num_sessions=0,num_lpi_sessions=0,timer_pending=1
01-07 23:17:34.065  4799  4799 I adsp_sleepmon: Audio: num_sessions=1,num_lpi_sessions=0,timer_pending=0
01-07 23:17:34.068  4799  4799 I adsp_sleepmon: Audio: num_sessions=0,num_lpi_sessions=0,timer_pending=1
01-07 23:17:34.089  4799  4799 I adsp_sleepmon: Audio: num_sessions=1,num_lpi_sessions=0,timer_pending=0
01-07 23:17:34.095  4799  4799 I adsp_sleepmon: Audio: num_sessions=0,num_lpi_sessions=0,timer_pending=1
01-07 23:17:34.097   932   932 D [FTS_TS]fts_input_report_b: [B]P0(533, 1122)[p:26,tm:40] DOWN!
01-07 23:17:34.108  4799  4799 I adsp_sleepmon: Audio: num_sessions=1,num_lpi_sessions=0,timer_pending=0
01-07 23:17:34.111  4799  4799 I adsp_sleepmon: Audio: num_sessions=0,num_lpi_sessions=0,timer_pending=1
01-07 23:17:34.123  4799  4799 I adsp_sleepmon: Audio: num_sessions=1,num_lpi_sessions=0,timer_pending=0
01-07 23:17:34.126  4799  4799 I adsp_sleepmon: Audio: num_sessions=0,num_lpi_sessions=0,timer_pending=1
01-07 23:17:34.142  4799  4799 I adsp_sleepmon: Audio: num_sessions=1,num_lpi_sessions=0,timer_pending=0
01-07 23:17:34.148  4799  4799 I adsp_sleepmon: Audio: num_sessions=0,num_lpi_sessions=0,timer_pending=1
01-07 23:17:34.164  4799  4799 I adsp_sleepmon: Audio: num_sessions=1,num_lpi_sessions=0,timer_pending=0
01-07 23:17:34.167  4799  4799 I adsp_sleepmon: Audio: num_sessions=0,num_lpi_sessions=0,timer_pending=1
01-07 23:17:34.236   457   457 I servicemanager: Caller(pid=4909,uid=10160,sid=u:r:rkpdapp:s0:c160,c256,c512,c768) Since 'android.hardware.drm.IDrmFactory/wfdhdcp' could not be found trying to start it as a lazy AIDL service. (if it's not configured to be a lazy service, it may be stuck starting or still starting).
01-07 23:17:34.239     1     1 E init    : Control message: Could not find 'aidl/android.hardware.drm.IDrmFactory/wfdhdcp' for ctl.interface_start from pid: 457 (/system/bin/servicemanager)
01-07 23:17:34.240  5785  5785 I servicemanager: Caller(pid=4909,uid=10160,sid=u:r:rkpdapp:s0:c160,c256,c512,c768) Tried to start aidl service android.hardware.drm.IDrmFactory/wfdhdcp as a lazy service, but was unable to. Usually this happens when a service is not installed, but if the service is intended to be used as a lazy service, then it may be configured incorrectly.
01-07 23:17:34.314   457   457 I servicemanager: Caller(pid=2378,uid=1000,sid=u:r:system_server:s0) Since 'android.hardware.biometrics.fingerprint.virtualhal.IVirtualHal/virtual' could not be found trying to start it as a lazy AIDL service. (if it's not configured to be a lazy service, it may be stuck starting or still starting).
01-07 23:17:34.315     1     1 E init    : Control message: Could not find 'aidl/android.hardware.biometrics.fingerprint.virtualhal.IVirtualHal/virtual' for ctl.interface_start from pid: 457 (/system/bin/servicemanager)
01-07 23:17:34.316  5786  5786 I servicemanager: Caller(pid=2378,uid=1000,sid=u:r:system_server:s0) Tried to start aidl service android.hardware.biometrics.fingerprint.virtualhal.IVirtualHal/virtual as a lazy service, but was unable to. Usually this happens when a service is not installed, but if the service is intended to be used as a lazy service, then it may be configured incorrectly.
01-07 23:17:34.647   932   932 D [FTS_TS]fts_input_report_b: [B]P0 UP!
01-07 23:17:34.647   932   932 D [FTS_TS]fts_input_report_b: [B]Points All Up!
01-07 23:17:34.806  5625  5625 I CAM_ERR : CAM-EEPROM: get_qvga_name: 35 torch:get name fail
01-07 23:17:34.808  5625  5625 W audit   : audit_lost=19022 audit_rate_limit=5 audit_backlog_limit=64
01-07 23:17:34.808  5625  5625 E audit   : rate limit exceeded
01-07 23:17:46.819  2378  5096 W NotificationService: Toast already killed. pkg=com.android.settings token=android.os.BinderProxy@f5277ca
01-07 23:17:34.822   457   457 I servicemanager: Caller(pid=5625,uid=1047,sid=u:r:hal_camera_default:s0) Found android.hardware.camera.provider.ICameraProvider/vendor_qti/0 in device VINTF manifest.
01-07 23:17:34.822   932   932 D [FTS_TS]fts_input_report_b: [B]P0(502, 1032)[p:29,tm:48] DOWN!
01-07 23:17:34.872   932   932 D [FTS_TS]fts_input_report_b: [B]P0 UP!
01-07 23:17:34.872   932   932 D [FTS_TS]fts_input_report_b: [B]Points All Up!
01-07 23:17:46.968  2378  2658 D ActivityManager: freezing 5452 org.lineageos.aperture
01-07 23:17:47.128  2378  4607 E TaskPersister: File error accessing recents directory (directory doesn't exist?).
01-07 23:17:35.240   457   457 I servicemanager: Caller(pid=4909,uid=10160,sid=u:r:rkpdapp:s0:c160,c256,c512,c768) Since 'android.hardware.drm.IDrmFactory/wfdhdcp' could not be found trying to start it as a lazy AIDL service. (if it's not configured to be a lazy service, it may be stuck starting or still starting).
01-07 23:17:35.242     1     1 E init    : Control message: Could not find 'aidl/android.hardware.drm.IDrmFactory/wfdhdcp' for ctl.interface_start from pid: 457 (/system/bin/servicemanager)
01-07 23:17:35.244  5795  5795 I servicemanager: Caller(pid=4909,uid=10160,sid=u:r:rkpdapp:s0:c160,c256,c512,c768) Tried to start aidl service android.hardware.drm.IDrmFactory/wfdhdcp as a lazy service, but was unable to. Usually this happens when a service is not installed, but if the service is intended to be used as a lazy service, then it may be configured incorrectly.
01-07 23:17:35.289   932   932 D [FTS_TS]fts_input_report_b: [B]P0 UP!
01-07 23:17:35.289   932   932 D [FTS_TS]fts_input_report_b: [B]Points All Up!
01-07 23:17:47.304  2378  5198 D CoreBackPreview: Window{f05f536 u0 com.android.settings/com.android.settings.SubSettings}: Setting back callback OnBackInvokedCallbackInfo{mCallback=android.window.IOnBackInvokedCallback$Stub$Proxy@f084696, mPriority=0, mIsAnimationCallback=true, mOverrideBehavior=0}
01-07 23:17:35.316   457   457 I servicemanager: Caller(pid=2378,uid=1000,sid=u:r:system_server:s0) Since 'android.hardware.biometrics.fingerprint.virtualhal.IVirtualHal/virtual' could not be found trying to start it as a lazy AIDL service. (if it's not configured to be a lazy service, it may be stuck starting or still starting).
01-07 23:17:35.319     1     1 E init    : Control message: Could not find 'aidl/android.hardware.biometrics.fingerprint.virtualhal.IVirtualHal/virtual' for ctl.interface_start from pid: 457 (/system/bin/servicemanager)
01-07 23:17:35.322  5796  5796 I servicemanager: Caller(pid=2378,uid=1000,sid=u:r:system_server:s0) Tried to start aidl service android.hardware.biometrics.fingerprint.virtualhal.IVirtualHal/virtual as a lazy service, but was unable to. Usually this happens when a service is not installed, but if the service is intended to be used as a lazy service, then it may be configured incorrectly.
01-07 23:17:35.327  4799  4799 I adsp_sleepmon: Audio: num_sessions=1,num_lpi_sessions=0,timer_pending=0
01-07 23:17:35.338  4799  4799 I adsp_sleepmon: Audio: num_sessions=0,num_lpi_sessions=0,timer_pending=1
01-07 23:17:35.353  4799  4799 I adsp_sleepmon: Audio: num_sessions=1,num_lpi_sessions=0,timer_pending=0
01-07 23:17:47.360  2378  5198 D CoreBackPreview: Window{f05f536 u0 com.android.settings/com.android.settings.SubSettings}: Setting back callback OnBackInvokedCallbackInfo{mCallback=android.window.IOnBackInvokedCallback$Stub$Proxy@89b519c, mPriority=-1, mIsAnimationCallback=false, mOverrideBehavior=0}
01-07 23:17:35.360  4799  4799 I adsp_sleepmon: Audio: num_sessions=0,num_lpi_sessions=0,timer_pending=1
01-07 23:17:47.361  2378  5198 D CoreBackPreview: Window{fa34604 u0 com.android.settings/com.android.settings.SubSettings}: Setting back callback OnBackInvokedCallbackInfo{mCallback=android.window.IOnBackInvokedCallback$Stub$Proxy@7a777a5, mPriority=-1, mIsAnimationCallback=false, mOverrideBehavior=0}
01-07 23:17:35.375  4799  4799 I adsp_sleepmon: Audio: num_sessions=1,num_lpi_sessions=0,timer_pending=0
01-07 23:17:35.382  4799  4799 I adsp_sleepmon: Audio: num_sessions=0,num_lpi_sessions=0,timer_pending=1
01-07 23:17:35.397  4799  4799 I adsp_sleepmon: Audio: num_sessions=1,num_lpi_sessions=0,timer_pending=0
01-07 23:17:35.400  4799  4799 I adsp_sleepmon: Audio: num_sessions=0,num_lpi_sessions=0,timer_pending=1
01-07 23:17:35.418  4799  4799 I adsp_sleepmon: Audio: num_sessions=1,num_lpi_sessions=0,timer_pending=0
01-07 23:17:35.420  4799  4799 I adsp_sleepmon: Audio: num_sessions=0,num_lpi_sessions=0,timer_pending=1
01-07 23:17:35.434  4799  4799 I adsp_sleepmon: Audio: num_sessions=1,num_lpi_sessions=0,timer_pending=0
01-07 23:17:35.436  4799  4799 I adsp_sleepmon: Audio: num_sessions=0,num_lpi_sessions=0,timer_pending=1
01-07 23:17:35.449  4799  4799 I adsp_sleepmon: Audio: num_sessions=1,num_lpi_sessions=0,timer_pending=0
01-07 23:17:35.458  4799  4799 I adsp_sleepmon: Audio: num_sessions=0,num_lpi_sessions=0,timer_pending=1
01-07 23:17:35.476  4799  4799 I adsp_sleepmon: Audio: num_sessions=1,num_lpi_sessions=0,timer_pending=0
01-07 23:17:35.479  4799  4799 I adsp_sleepmon: Audio: num_sessions=0,num_lpi_sessions=0,timer_pending=1
01-07 23:17:35.492  4799  4799 I adsp_sleepmon: Audio: num_sessions=1,num_lpi_sessions=0,timer_pending=0
01-07 23:17:35.499  4799  4799 I adsp_sleepmon: Audio: num_sessions=0,num_lpi_sessions=0,timer_pending=1
01-07 23:17:35.509  4799  4799 I adsp_sleepmon: Audio: num_sessions=1,num_lpi_sessions=0,timer_pending=0
01-07 23:17:35.512  4799  4799 I adsp_sleepmon: Audio: num_sessions=0,num_lpi_sessions=0,timer_pending=1
01-07 23:17:35.524  4799  4799 I adsp_sleepmon: Audio: num_sessions=1,num_lpi_sessions=0,timer_pending=0
01-07 23:17:35.530  4799  4799 I adsp_sleepmon: Audio: num_sessions=0,num_lpi_sessions=0,timer_pending=1
01-07 23:17:35.540  4799  4799 I adsp_sleepmon: Audio: num_sessions=1,num_lpi_sessions=0,timer_pending=0
01-07 23:17:35.543  4799  4799 I adsp_sleepmon: Audio: num_sessions=0,num_lpi_sessions=0,timer_pending=1
01-07 23:17:35.555  4799  4799 I adsp_sleepmon: Audio: num_sessions=1,num_lpi_sessions=0,timer_pending=0
01-07 23:17:35.557  4799  4799 I adsp_sleepmon: Audio: num_sessions=0,num_lpi_sessions=0,timer_pending=1
01-07 23:17:35.568  4799  4799 I adsp_sleepmon: Audio: num_sessions=1,num_lpi_sessions=0,timer_pending=0
01-07 23:17:35.575  4799  4799 I adsp_sleepmon: Audio: num_sessions=0,num_lpi_sessions=0,timer_pending=1
01-07 23:17:35.591  4799  4799 I adsp_sleepmon: Audio: num_sessions=1,num_lpi_sessions=0,timer_pending=0
01-07 23:17:35.595  4799  4799 I adsp_sleepmon: Audio: num_sessions=0,num_lpi_sessions=0,timer_pending=1
01-07 23:17:35.612  4799  4799 I adsp_sleepmon: Audio: num_sessions=1,num_lpi_sessions=0,timer_pending=0
01-07 23:17:35.619  4799  4799 I adsp_sleepmon: Audio: num_sessions=0,num_lpi_sessions=0,timer_pending=1
01-07 23:17:35.637  4799  4799 I adsp_sleepmon: Audio: num_sessions=1,num_lpi_sessions=0,timer_pending=0
01-07 23:17:35.641  4799  4799 I adsp_sleepmon: Audio: num_sessions=0,num_lpi_sessions=0,timer_pending=1
01-07 23:17:35.653  4799  4799 I adsp_sleepmon: Audio: num_sessions=1,num_lpi_sessions=0,timer_pending=0
01-07 23:17:35.659  4799  4799 I adsp_sleepmon: Audio: num_sessions=0,num_lpi_sessions=0,timer_pending=1
01-07 23:17:35.673  4799  4799 I adsp_sleepmon: Audio: num_sessions=1,num_lpi_sessions=0,timer_pending=0
01-07 23:17:35.676  4799  4799 I adsp_sleepmon: Audio: num_sessions=0,num_lpi_sessions=0,timer_pending=1
01-07 23:17:35.691  4799  4799 I adsp_sleepmon: Audio: num_sessions=1,num_lpi_sessions=0,timer_pending=0
01-07 23:17:35.698  4799  4799 I adsp_sleepmon: Audio: num_sessions=0,num_lpi_sessions=0,timer_pending=1
01-07 23:17:35.713  4799  4799 I adsp_sleepmon: Audio: num_sessions=1,num_lpi_sessions=0,timer_pending=0
01-07 23:17:35.717  4799  4799 I adsp_sleepmon: Audio: num_sessions=0,num_lpi_sessions=0,timer_pending=1
01-07 23:17:35.728  4799  4799 I adsp_sleepmon: Audio: num_sessions=1,num_lpi_sessions=0,timer_pending=0
01-07 23:17:35.732  4799  4799 I adsp_sleepmon: Audio: num_sessions=0,num_lpi_sessions=0,timer_pending=1
01-07 23:17:35.743  4799  4799 I adsp_sleepmon: Audio: num_sessions=1,num_lpi_sessions=0,timer_pending=0
01-07 23:17:35.747  4799  4799 I adsp_sleepmon: Audio: num_sessions=0,num_lpi_sessions=0,timer_pending=1
01-07 23:17:35.760   932   932 D [FTS_TS]fts_input_report_b: [B]P0(591, 1050)[p:23,tm:24] DOWN!
01-07 23:17:35.771  4799  4799 I adsp_sleepmon: Audio: num_sessions=1,num_lpi_sessions=0,timer_pending=0
01-07 23:17:35.773  4799  4799 I adsp_sleepmon: Audio: num_sessions=0,num_lpi_sessions=0,timer_pending=1
01-07 23:17:35.785  4799  4799 I adsp_sleepmon: Audio: num_sessions=1,num_lpi_sessions=0,timer_pending=0
01-07 23:17:35.792  4799  4799 I adsp_sleepmon: Audio: num_sessions=0,num_lpi_sessions=0,timer_pending=1
01-07 23:17:35.806  4799  4799 I adsp_sleepmon: Audio: num_sessions=1,num_lpi_sessions=0,timer_pending=0
01-07 23:17:35.809  4799  4799 I adsp_sleepmon: Audio: num_sessions=0,num_lpi_sessions=0,timer_pending=1
01-07 23:17:35.821  4799  4799 I adsp_sleepmon: Audio: num_sessions=1,num_lpi_sessions=0,timer_pending=0
01-07 23:17:35.830  4799  4799 I adsp_sleepmon: Audio: num_sessions=0,num_lpi_sessions=0,timer_pending=1
01-07 23:17:35.831   932   932 D [FTS_TS]fts_input_report_b: [B]P0 UP!
01-07 23:17:35.831   932   932 D [FTS_TS]fts_input_report_b: [B]Points All Up!
01-07 23:17:47.845  2378  5198 D CoreBackPreview: Window{fa34604 u0 com.android.settings/com.android.settings.SubSettings}: Setting back callback null
01-07 23:17:47.847  2378  2655 D AdbSettingsObserver: onChange content://settings/global/adb_enabled
01-07 23:17:47.847  2378  2507 D AdbService: setAdbEnabled(true), mIsAdbUsbEnabled=false, mIsAdbWifiEnabled=false, transportType=0
01-07 23:17:35.847  4799  4799 I adsp_sleepmon: Audio: num_sessions=1,num_lpi_sessions=0,timer_pending=0
01-07 23:17:35.848     1     1 I init    : starting service 'adbd'...
01-07 23:17:35.848     1     1 I init    : Created socket '/dev/socket/adbd', mode 660, user 1000, group 1000
01-07 23:17:35.849  4799  4799 I adsp_sleepmon: Audio: num_sessions=0,num_lpi_sessions=0,timer_pending=1
01-07 23:17:47.856  2378  2507 D AdbService: Broadcasting enable = true, type = 0
01-07 23:17:35.856     1     1 I init    : ... started service 'adbd' has pid 5799
01-07 23:17:35.856     1     1 I init    : Control message: Processed ctl.start for 'adbd' from pid: 2378 (system_server)
01-07 23:17:35.858  1410  1410 W audit   : audit_lost=19026 audit_rate_limit=5 audit_backlog_limit=64
01-07 23:17:35.858  1410  1410 E audit   : rate limit exceeded
01-07 23:17:47.870  2378  5132 D CoreBackPreview: Window{f05f536 u0 com.android.settings/com.android.settings.SubSettings}: Setting back callback OnBackInvokedCallbackInfo{mCallback=android.window.IOnBackInvokedCallback$Stub$Proxy@31e9415, mPriority=0, mIsAnimationCallback=true, mOverrideBehavior=0}
01-07 23:17:47.870  2378  5132 D CoreBackPreview: Window{f05f536 u0 com.android.settings/com.android.settings.SubSettings}: Setting back callback OnBackInvokedCallbackInfo{mCallback=android.window.IOnBackInvokedCallback$Stub$Proxy@261a32a, mPriority=-1, mIsAnimationCallback=false, mOverrideBehavior=0}
01-07 23:17:47.870  2378  2507 I UsbDeviceManager: Setting USB config to 
01-07 23:17:47.870  2378  2507 D UsbDeviceManager: setUsbConfig(1) request:4
01-07 23:17:47.873  2378  2510 V WindowManager: Unknown focus tokens, dropping reportFocusChanged
01-07 23:17:35.873  4799  4799 I adsp_sleepmon: Audio: num_sessions=1,num_lpi_sessions=0,timer_pending=0
01-07 23:17:35.876  4799  4799 I adsp_sleepmon: Audio: num_sessions=0,num_lpi_sessions=0,timer_pending=1
01-07 23:17:47.884  2378  2507 W PermissionService: getPermissionFlags: Unknown user -1
01-07 23:17:47.884  2378  2507 W PermissionService: getPermissionFlags: Unknown user -1
01-07 23:17:47.884  2378  2507 I AdbDebuggingManager: startAdbDebuggingThread ref=1
01-07 23:17:47.888  2378  5800 D AdbDebuggingManager: Entering thread
01-07 23:17:47.888  2378  5800 D AdbDebuggingManager: Creating socket
01-07 23:17:47.890  2378  2507 D AdbDebuggingManager: adbd socket connected
01-07 23:17:35.885  1385  1385 E dwc3 4e00000.dwc3: request 0000000000000000 was not queued to ep0out
01-07 23:17:35.889  5804  5804 I         : read descriptors
01-07 23:17:35.889  5804  5804 I         : read strings
01-07 23:17:35.890     1     1 I init    : service 'adbd' requested start, but it is already running (flags: 132)
01-07 23:17:35.890     1     1 I init    : Control message: Processed ctl.start for 'adbd' from pid: 2378 (system_server)
01-07 23:17:35.894     6     6 I android_work: sent uevent USB_STATE=DISCONNECTED
01-07 23:17:35.895  4799  4799 I adsp_sleepmon: Audio: num_sessions=1,num_lpi_sessions=0,timer_pending=0
01-07 23:17:35.902  4799  4799 I adsp_sleepmon: Audio: num_sessions=0,num_lpi_sessions=0,timer_pending=1
01-07 23:17:35.920  4799  4799 I adsp_sleepmon: Audio: num_sessions=1,num_lpi_sessions=0,timer_pending=0
01-07 23:17:35.927  4799  4799 I adsp_sleepmon: Audio: num_sessions=0,num_lpi_sessions=0,timer_pending=1
01-07 23:17:35.942  4799  4799 I adsp_sleepmon: Audio: num_sessions=1,num_lpi_sessions=0,timer_pending=0
01-07 23:17:35.945  4799  4799 I adsp_sleepmon: Audio: num_sessions=0,num_lpi_sessions=0,timer_pending=1
01-07 23:17:35.957  4799  4799 I adsp_sleepmon: Audio: num_sessions=1,num_lpi_sessions=0,timer_pending=0
01-07 23:17:35.964  4799  4799 I adsp_sleepmon: Audio: num_sessions=0,num_lpi_sessions=0,timer_pending=1
01-07 23:17:35.975  4799  4799 I adsp_sleepmon: Audio: num_sessions=1,num_lpi_sessions=0,timer_pending=0
01-07 23:17:35.977  4799  4799 I adsp_sleepmon: Audio: num_sessions=0,num_lpi_sessions=0,timer_pending=1
01-07 23:17:35.990  4799  4799 I adsp_sleepmon: Audio: num_sessions=1,num_lpi_sessions=0,timer_pending=0
01-07 23:17:35.997  4799  4799 I adsp_sleepmon: Audio: num_sessions=0,num_lpi_sessions=0,timer_pending=1
01-07 23:17:36.009  4799  4799 I adsp_sleepmon: Audio: num_sessions=1,num_lpi_sessions=0,timer_pending=0
01-07 23:17:36.011  4799  4799 I adsp_sleepmon: Audio: num_sessions=0,num_lpi_sessions=0,timer_pending=1
01-07 23:17:36.024  4799  4799 I adsp_sleepmon: Audio: num_sessions=1,num_lpi_sessions=0,timer_pending=0
