04-07 06:54:06.531   431   431 I modprobe: Loading module /system_dlkm/lib/modules/6.1.112-android14-11-ge7598ed5bc4f-ab13636347//kernel/net/can/can-gw.ko with args ''
04-07 06:54:06.531   436   436 I modprobe: Loaded kernel module /system_dlkm/lib/modules/6.1.112-android14-11-ge7598ed5bc4f-ab13636347//kernel/drivers/net/ppp/pppox.ko
04-07 06:54:06.532   433   433 I Bluetooth: Core ver 2.22
04-07 06:54:06.532   436   436 I modprobe: Loading module /system_dlkm/lib/modules/6.1.112-android14-11-ge7598ed5bc4f-ab13636347//kernel/net/l2tp/l2tp_core.ko with args ''
04-07 06:54:06.532   433   433 I NET     : Registered PF_BLUETOOTH protocol family
04-07 06:54:06.532   433   433 I Bluetooth: HCI device and connection manager initialized
04-07 06:54:06.532   433   433 I Bluetooth: HCI socket layer initialized
04-07 06:54:06.532   433   433 I Bluetooth: L2CAP socket layer initialized
04-07 06:54:06.532   433   433 I Bluetooth: SCO socket layer initialized
04-07 06:54:06.536   403   403 I modprobe: Loading module /system_dlkm/lib/modules/6.1.112-android14-11-ge7598ed5bc4f-ab13636347//kernel/drivers/net/ppp/bsd_comp.ko with args ''
04-07 06:54:06.537   425   425 I modprobe: Loading module /system_dlkm/lib/modules/6.1.112-android14-11-ge7598ed5bc4f-ab13636347//kernel/net/bluetooth/bluetooth.ko with args ''
04-07 06:54:06.537   433   433 I modprobe: Loaded kernel module /system_dlkm/lib/modules/6.1.112-android14-11-ge7598ed5bc4f-ab13636347//kernel/net/bluetooth/bluetooth.ko
04-07 06:54:06.537   446   446 I modprobe: Loaded kernel module /system_dlkm/lib/modules/6.1.112-android14-11-ge7598ed5bc4f-ab13636347//kernel/net/6lowpan/nhc_routing.ko
04-07 06:54:06.537   433   433 I modprobe: Loading module /system_dlkm/lib/modules/6.1.112-android14-11-ge7598ed5bc4f-ab13636347//kernel/net/bluetooth/rfcomm/rfcomm.ko with args ''
04-07 06:54:06.537   405   405 I modprobe: Loading module /system_dlkm/lib/modules/6.1.112-android14-11-ge7598ed5bc4f-ab13636347//kernel/lib/crypto/libarc4.ko with args ''
04-07 06:54:06.537   422   422 I usbcore : registered new interface driver ftdi_sio
04-07 06:54:06.537   422   422 I usbserial: USB Serial support registered for FTDI USB Serial Device
04-07 06:54:06.538   422   422 I modprobe: Loaded kernel module /system_dlkm/lib/modules/6.1.112-android14-11-ge7598ed5bc4f-ab13636347//kernel/drivers/usb/serial/ftdi_sio.ko
04-07 06:54:06.538   448   448 I modprobe: Loaded kernel module /system_dlkm/lib/modules/6.1.112-android14-11-ge7598ed5bc4f-ab13636347//kernel/net/ieee802154/6lowpan/ieee802154_6lowpan.ko
04-07 06:54:06.538   419   419 I usbcore : registered new interface driver r8153_ecm
04-07 06:54:06.539   419   419 I modprobe: Loaded kernel module /system_dlkm/lib/modules/6.1.112-android14-11-ge7598ed5bc4f-ab13636347//kernel/drivers/net/usb/r8153_ecm.ko
04-07 06:54:06.539   405   405 I modprobe: Loading module /system_dlkm/lib/modules/6.1.112-android14-11-ge7598ed5bc4f-ab13636347//kernel/drivers/net/ppp/ppp_mppe.ko with args ''
04-07 06:54:06.539   430   430 I can     : broadcast manager protocol
04-07 06:54:06.539   430   430 I modprobe: Loaded kernel module /system_dlkm/lib/modules/6.1.112-android14-11-ge7598ed5bc4f-ab13636347//kernel/net/can/can-bcm.ko
04-07 06:54:06.539   431   431 I can     : netlink gateway - max_hops=1
04-07 06:54:06.540   431   431 I modprobe: Loaded kernel module /system_dlkm/lib/modules/6.1.112-android14-11-ge7598ed5bc4f-ab13636347//kernel/net/can/can-gw.ko
04-07 06:54:06.540   420   420 I usbcore : registered new interface driver cdc_acm
04-07 06:54:06.540   420   420 I cdc_acm : USB Abstract Control Model driver for USB modems and ISDN adapters
04-07 06:54:06.541   429   429 I can     : raw protocol
04-07 06:54:06.541   420   420 I modprobe: Loaded kernel module /system_dlkm/lib/modules/6.1.112-android14-11-ge7598ed5bc4f-ab13636347//kernel/drivers/usb/class/cdc-acm.ko
04-07 06:54:06.541   433   433 I Bluetooth: RFCOMM TTY layer initialized
04-07 06:54:06.542   433   433 I Bluetooth: RFCOMM socket layer initialized
04-07 06:54:06.542   433   433 I Bluetooth: RFCOMM ver 1.11
04-07 06:54:06.542   434   434 I modprobe: Loading module /system_dlkm/lib/modules/6.1.112-android14-11-ge7598ed5bc4f-ab13636347//kernel/net/bluetooth/bluetooth.ko with args ''
04-07 06:54:06.543   429   429 I modprobe: Loaded kernel module /system_dlkm/lib/modules/6.1.112-android14-11-ge7598ed5bc4f-ab13636347//kernel/net/can/can-raw.ko
04-07 06:54:06.543   433   433 I modprobe: Loaded kernel module /system_dlkm/lib/modules/6.1.112-android14-11-ge7598ed5bc4f-ab13636347//kernel/net/bluetooth/rfcomm/rfcomm.ko
04-07 06:54:06.543   412   412 I usbcore : registered new interface driver asix
04-07 06:54:06.543   412   412 I modprobe: Loaded kernel module /system_dlkm/lib/modules/6.1.112-android14-11-ge7598ed5bc4f-ab13636347//kernel/drivers/net/usb/asix.ko
04-07 06:54:06.543   436   436 I l2tp_core: L2TP core driver, V2.0
04-07 06:54:06.543   436   436 I modprobe: Loaded kernel module /system_dlkm/lib/modules/6.1.112-android14-11-ge7598ed5bc4f-ab13636347//kernel/net/l2tp/l2tp_core.ko
04-07 06:54:06.544   436   436 I modprobe: Loading module /system_dlkm/lib/modules/6.1.112-android14-11-ge7598ed5bc4f-ab13636347//kernel/net/l2tp/l2tp_ppp.ko with args ''
04-07 06:54:06.545   404   404 I         : PPP Deflate Compression module registered
04-07 06:54:06.545   410   410 I usbcore : registered new interface driver rtl8150
04-07 06:54:06.545   410   410 I modprobe: Loaded kernel module /system_dlkm/lib/modules/6.1.112-android14-11-ge7598ed5bc4f-ab13636347//kernel/drivers/net/usb/rtl8150.ko
04-07 06:54:06.548   418   418 I usbcore : registered new interface driver aqc111
04-07 06:54:06.548   418   418 I modprobe: Loaded kernel module /system_dlkm/lib/modules/6.1.112-android14-11-ge7598ed5bc4f-ab13636347//kernel/drivers/net/usb/aqc111.ko
04-07 06:54:06.550   427   427 I 8021q   : 802.1Q VLAN Support v1.8
04-07 06:54:06.550   427   427 I modprobe: Loaded kernel module /system_dlkm/lib/modules/6.1.112-android14-11-ge7598ed5bc4f-ab13636347//kernel/net/8021q/8021q.ko
04-07 06:54:06.551   432   432 I modprobe: Loading module /system_dlkm/lib/modules/6.1.112-android14-11-ge7598ed5bc4f-ab13636347//kernel/net/bluetooth/bluetooth.ko with args ''
04-07 06:54:06.552   413   413 I usbcore : registered new interface driver ax88179_178a
04-07 06:54:06.552   413   413 I modprobe: Loaded kernel module /system_dlkm/lib/modules/6.1.112-android14-11-ge7598ed5bc4f-ab13636347//kernel/drivers/net/usb/ax88179_178a.ko
04-07 06:54:06.553   407   407 I modprobe: Loading module /system_dlkm/lib/modules/6.1.112-android14-11-ge7598ed5bc4f-ab13636347//kernel/drivers/net/ppp/pptp.ko with args ''
04-07 06:54:06.553   423   423 I modprobe: Loading module /system_dlkm/lib/modules/6.1.112-android14-11-ge7598ed5bc4f-ab13636347//kernel/net/bluetooth/bluetooth.ko with args ''
04-07 06:54:06.554   443   443 I modprobe: Loaded kernel module /system_dlkm/lib/modules/6.1.112-android14-11-ge7598ed5bc4f-ab13636347//kernel/net/6lowpan/nhc_hop.ko
04-07 06:54:06.555   441   441 I modprobe: Loaded kernel module /system_dlkm/lib/modules/6.1.112-android14-11-ge7598ed5bc4f-ab13636347//kernel/net/6lowpan/nhc_dest.ko
04-07 06:54:06.557   415   415 I usbcore : registered new interface driver cdc_eem
04-07 06:54:06.557   415   415 I modprobe: Loaded kernel module /system_dlkm/lib/modules/6.1.112-android14-11-ge7598ed5bc4f-ab13636347//kernel/drivers/net/usb/cdc_eem.ko
04-07 06:54:06.557   404   404 I modprobe: Loaded kernel module /system_dlkm/lib/modules/6.1.112-android14-11-ge7598ed5bc4f-ab13636347//kernel/drivers/net/ppp/ppp_deflate.ko
04-07 06:54:06.561   426   426 I modprobe: Loading module /system_dlkm/lib/modules/6.1.112-android14-11-ge7598ed5bc4f-ab13636347//kernel/drivers/bluetooth/btqca.ko with args ''
04-07 06:54:06.576   394   394 I modprobe: Loaded kernel module /system_dlkm/lib/modules/6.1.112-android14-11-ge7598ed5bc4f-ab13636347//kernel/kernel/kheaders.ko
04-07 06:54:06.577   425   425 I modprobe: Loading module /system_dlkm/lib/modules/6.1.112-android14-11-ge7598ed5bc4f-ab13636347//kernel/drivers/bluetooth/btbcm.ko with args ''
04-07 06:54:06.577   403   403 I         : PPP BSD Compression module registered
04-07 06:54:06.577   403   403 I modprobe: Loaded kernel module /system_dlkm/lib/modules/6.1.112-android14-11-ge7598ed5bc4f-ab13636347//kernel/drivers/net/ppp/bsd_comp.ko
04-07 06:54:06.578   402   402 I modprobe: Loading module /system_dlkm/lib/modules/6.1.112-android14-11-ge7598ed5bc4f-ab13636347//kernel/drivers/net/ppp/ppp_generic.ko with args ''
04-07 06:54:06.578   424   424 I modprobe: Loading module /system_dlkm/lib/modules/6.1.112-android14-11-ge7598ed5bc4f-ab13636347//kernel/drivers/bluetooth/btsdio.ko with args ''
04-07 06:54:06.578   436   436 I l2tp_ppp: PPPoL2TP kernel driver, V2.0
04-07 06:54:06.578   436   436 I modprobe: Loaded kernel module /system_dlkm/lib/modules/6.1.112-android14-11-ge7598ed5bc4f-ab13636347//kernel/net/l2tp/l2tp_ppp.ko
04-07 06:54:06.579   405   405 I         : PPP MPPE Compression module registered
04-07 06:54:06.579   405   405 I modprobe: Loaded kernel module /system_dlkm/lib/modules/6.1.112-android14-11-ge7598ed5bc4f-ab13636347//kernel/drivers/net/ppp/ppp_mppe.ko
04-07 06:54:06.579   426   426 I modprobe: Loaded kernel module /system_dlkm/lib/modules/6.1.112-android14-11-ge7598ed5bc4f-ab13636347//kernel/drivers/bluetooth/btqca.ko
04-07 06:54:06.580   434   434 I modprobe: Loading module /system_dlkm/lib/modules/6.1.112-android14-11-ge7598ed5bc4f-ab13636347//kernel/net/bluetooth/hidp/hidp.ko with args ''
04-07 06:54:06.581   401   401 I modprobe: Loading module /system_dlkm/lib/modules/6.1.112-android14-11-ge7598ed5bc4f-ab13636347//kernel/drivers/net/can/dev/can-dev.ko with args ''
04-07 06:54:06.581   423   423 I modprobe: Loading module /system_dlkm/lib/modules/6.1.112-android14-11-ge7598ed5bc4f-ab13636347//kernel/drivers/bluetooth/btbcm.ko with args ''
04-07 06:54:06.582   442   442 I modprobe: Loaded kernel module /system_dlkm/lib/modules/6.1.112-android14-11-ge7598ed5bc4f-ab13636347//kernel/net/6lowpan/nhc_fragment.ko
04-07 06:54:06.582   401   401 I modprobe: Loading module /system_dlkm/lib/modules/6.1.112-android14-11-ge7598ed5bc4f-ab13636347//kernel/drivers/net/can/slcan/slcan.ko with args ''
04-07 06:54:06.585   424   424 I modprobe: Loaded kernel module /system_dlkm/lib/modules/6.1.112-android14-11-ge7598ed5bc4f-ab13636347//kernel/drivers/bluetooth/btsdio.ko
04-07 06:54:06.585   401   401 I slcan   : serial line CAN interface driver
04-07 06:54:06.585   407   407 I         : PPTP driver version 0.8.5
04-07 06:54:06.585   400   400 I vcan    : Virtual CAN interface driver
04-07 06:54:06.585   401   401 I modprobe: Loaded kernel module /system_dlkm/lib/modules/6.1.112-android14-11-ge7598ed5bc4f-ab13636347//kernel/drivers/net/can/slcan/slcan.ko
04-07 06:54:06.585   423   423 I modprobe: Loaded kernel module /system_dlkm/lib/modules/6.1.112-android14-11-ge7598ed5bc4f-ab13636347//kernel/drivers/bluetooth/btbcm.ko
04-07 06:54:06.585   400   400 I modprobe: Loaded kernel module /system_dlkm/lib/modules/6.1.112-android14-11-ge7598ed5bc4f-ab13636347//kernel/drivers/net/can/vcan.ko
04-07 06:54:06.585   451   451 I modprobe: Loaded kernel module /system_dlkm/lib/modules/6.1.112-android14-11-ge7598ed5bc4f-ab13636347//kernel/net/mac802154/mac802154.ko
04-07 06:54:06.585   434   434 I Bluetooth: HIDP (Human Interface Emulation) ver 1.2
04-07 06:54:06.585   434   434 I Bluetooth: HIDP socket layer initialized
04-07 06:54:06.585   416   416 I modprobe: Loading module /system_dlkm/lib/modules/6.1.112-android14-11-ge7598ed5bc4f-ab13636347//kernel/drivers/net/mii.ko with args ''
04-07 06:54:06.586   434   434 I modprobe: Loaded kernel module /system_dlkm/lib/modules/6.1.112-android14-11-ge7598ed5bc4f-ab13636347//kernel/net/bluetooth/hidp/hidp.ko
04-07 06:54:06.586   423   423 I modprobe: Loading module /system_dlkm/lib/modules/6.1.112-android14-11-ge7598ed5bc4f-ab13636347//kernel/drivers/bluetooth/btqca.ko with args ''
04-07 06:54:06.586   416   416 I modprobe: Loading module /system_dlkm/lib/modules/6.1.112-android14-11-ge7598ed5bc4f-ab13636347//kernel/drivers/net/usb/usbnet.ko with args ''
04-07 06:54:06.587   407   407 I modprobe: Loaded kernel module /system_dlkm/lib/modules/6.1.112-android14-11-ge7598ed5bc4f-ab13636347//kernel/drivers/net/ppp/pptp.ko
04-07 06:54:06.587   423   423 I modprobe: Loading module /system_dlkm/lib/modules/6.1.112-android14-11-ge7598ed5bc4f-ab13636347//kernel/drivers/bluetooth/hci_uart.ko with args ''
04-07 06:54:06.590   450   450 I modprobe: Loading module /system_dlkm/lib/modules/6.1.112-android14-11-ge7598ed5bc4f-ab13636347//kernel/net/ieee802154/ieee802154.ko with args ''
04-07 06:54:06.591   450   450 I modprobe: Loading module /system_dlkm/lib/modules/6.1.112-android14-11-ge7598ed5bc4f-ab13636347//kernel/net/ieee802154/ieee802154_socket.ko with args ''
04-07 06:54:06.592   423   423 I Bluetooth: HCI UART driver ver 2.3
04-07 06:54:06.592   423   423 I Bluetooth: HCI UART protocol H4 registered
04-07 06:54:06.592   423   423 I Bluetooth: HCI UART protocol LL registered
04-07 06:54:06.592   423   423 I Bluetooth: HCI UART protocol Broadcom registered
04-07 06:54:06.592   423   423 I Bluetooth: HCI UART protocol QCA registered
04-07 06:54:06.593   423   423 I modprobe: Loaded kernel module /system_dlkm/lib/modules/6.1.112-android14-11-ge7598ed5bc4f-ab13636347//kernel/drivers/bluetooth/hci_uart.ko
04-07 06:54:06.595   450   450 I NET     : Registered PF_IEEE802154 protocol family
04-07 06:54:06.595   450   450 I modprobe: Loaded kernel module /system_dlkm/lib/modules/6.1.112-android14-11-ge7598ed5bc4f-ab13636347//kernel/net/ieee802154/ieee802154_socket.ko
04-07 06:54:06.596     1     1 I init    : Service 'gki.modprobe' (pid 385) exited with status 0 waiting took 0.300000 seconds
04-07 06:54:06.596     1     1 I init    : Sending signal 9 to service 'gki.modprobe' (pid 385) process group...
04-07 06:54:06.596     1     1 I libprocessgroup: Removed cgroup /sys/fs/cgroup/system/uid_0/pid_385
04-07 06:54:06.597     1     1 I init    : starting service 'vendor.modprobe'...
04-07 06:54:06.599   278   278 I ueventd : Coldboot took 0.723 seconds
04-07 06:54:06.600     1     1 I init    : ... started service 'vendor.modprobe' has pid 455
04-07 06:54:06.600     1     1 I init    : processing action (early-init) from (/vendor/etc/init/hw/init.qti.kernel.rc:41)
04-07 06:54:06.600     1     1 I init    : Command 'mount tracefs tracefs /sys/kernel/tracing' action=early-init (/vendor/etc/init/hw/init.qti.kernel.rc:48) took 0ms and failed: mount() failed: Device or resource busy
04-07 06:54:06.601     1     1 I init    : processing action (ro.product.debugfs_restrictions.enabled=true && early-init) from (/system/etc/init/init-debug.rc:10)
04-07 06:54:06.602     1     1 I init    : processing action (early-init) from (/system/etc/init/prng_seeder.rc:5)
04-07 06:54:06.602     1     1 I init    : starting service 'prng_seeder'...
04-07 06:54:06.602     1     1 I init    : Created socket '/dev/socket/prng_seeder', mode 666, user 1092, group 1092
04-07 06:54:06.605     1     1 I init    : ... started service 'prng_seeder' has pid 457
04-07 06:54:06.605     1     1 I init    : processing action (ro.product.cpu.abilist64=* && early-init) from (/vendor/etc/boringssl_self_test.zygote64.rc:1)
04-07 06:54:06.606     1     1 I init    : starting service 'boringssl_self_test64_vendor'...
04-07 06:54:06.609     1     1 I init    : ... started service 'boringssl_self_test64_vendor' has pid 458
04-07 06:54:06.609     1     1 I init    : SVC_EXEC service 'boringssl_self_test64_vendor' pid 458 (uid 0 gid 0+0 context default) started; waiting...
04-07 06:54:06.623     1     1 I init    : Service 'boringssl_self_test64_vendor' (pid 458) exited with status 0 waiting took 0.016000 seconds
04-07 06:54:06.623     1     1 I init    : Sending signal 9 to service 'boringssl_self_test64_vendor' (pid 458) process group...
04-07 06:54:06.624     1     1 I libprocessgroup: Removed cgroup /sys/fs/cgroup/system/uid_0/pid_458
04-07 06:54:06.627     1     1 I init    : processing action (early-init) from (/vendor/etc/init/init.qti.media.rc:42)
04-07 06:54:06.628     1     1 I init    : processing action (early-init) from (/vendor/etc/init/init.warm.rc:16)
04-07 06:54:06.629     1     1 I init    : processing action (early-init) from (/vendor/etc/init/vendor.qti.audio-adsprpc-service.rc:36)
04-07 06:54:06.629     1     1 I init    : starting service 'vendor.audioadsprpcd_audiopd'...
04-07 06:54:06.638     1     1 I init    : ... started service 'vendor.audioadsprpcd_audiopd' has pid 460
04-07 06:54:06.638     1     1 I init    : processing action (ConnectEarlyStageSnapuserd) from (<Builtin Action>:0)
04-07 06:54:06.638     1     1 I init    : processing action (wait_for_coldboot_done) from (<Builtin Action>:0)
04-07 06:54:06.638     1     1 I init    : start_waiting_for_property("ro.cold_boot_done", "true"): already set
04-07 06:54:06.638     1     1 I init    : processing action (CheckTradeInModeStatus) from (<Builtin Action>:0)
04-07 06:54:06.640     1     1 I init    : processing action (SetMmapRndBits) from (<Builtin Action>:0)
04-07 06:54:06.641     1     1 I init    : processing action (KeychordInit) from (<Builtin Action>:0)
04-07 06:54:06.642     1     1 W init    : EVIOCSMASK not supported: Invalid argument
04-07 06:54:06.642     1     1 I init    : processing action (init) from (/system/etc/init/hw/init.rc:106)
04-07 06:54:06.684     1     1 I init    : Command 'write /dev/blkio/blkio.weight 1000' action=init (/system/etc/init/hw/init.rc:257) took 0ms and failed: Unable to write to file '/dev/blkio/blkio.weight': open() failed: Permission denied
04-07 06:54:06.684     1     1 I init    : Command 'write /dev/blkio/background/blkio.weight 200' action=init (/system/etc/init/hw/init.rc:258) took 0ms and failed: Unable to write to file '/dev/blkio/background/blkio.weight': open() failed: Permission denied
04-07 06:54:06.685     1     1 I init    : Command 'write /dev/blkio/blkio.group_idle 0' action=init (/system/etc/init/hw/init.rc:260) took 0ms and failed: Unable to write to file '/dev/blkio/blkio.group_idle': open() failed: Permission denied
04-07 06:54:06.685     1     1 I init    : Command 'write /dev/blkio/background/blkio.group_idle 0' action=init (/system/etc/init/hw/init.rc:261) took 0ms and failed: Unable to write to file '/dev/blkio/background/blkio.group_idle': open() failed: Permission denied
04-07 06:54:06.686     1     1 E selinux : SELinux: Could not set context for /mnt/vendor/mi_ext:  Read-only file system
04-07 06:54:06.711     1     1 I         : Registered swp emulation handler
04-07 06:54:06.712     1     1 I init    : Command 'write /dev/cpu_variant:${ro.bionic.2nd_arch} ${ro.bionic.2nd_cpu_variant}' action=init (/system/etc/init/hw/init.rc:478) took 0ms and failed: property 'ro.bionic.2nd_arch' doesn't exist while expanding '/dev/cpu_variant:${ro.bionic.2nd_arch}'
04-07 06:54:06.712     1     1 I init    : Command 'chmod 0444 /dev/cpu_variant:${ro.bionic.2nd_arch}' action=init (/system/etc/init/hw/init.rc:479) took 0ms and failed: property 'ro.bionic.2nd_arch' doesn't exist while expanding '/dev/cpu_variant:${ro.bionic.2nd_arch}'
04-07 06:54:06.713     1     1 I init    : starting service 'logd'...
04-07 06:54:06.713     1     1 I init    : Created socket '/dev/socket/logd', mode 666, user 1036, group 1036
04-07 06:54:06.713     1     1 I init    : Created socket '/dev/socket/logdr', mode 666, user 1036, group 1036
04-07 06:54:06.713     1     1 I init    : Created socket '/dev/socket/logdw', mode 222, user 1036, group 1036
04-07 06:54:06.717     1     1 I init    : ... started service 'logd' has pid 472
04-07 06:54:06.718     1     1 I init    : starting service 'lmkd'...
04-07 06:54:06.718     1     1 I init    : Created socket '/dev/socket/lmkd', mode 660, user 1000, group 1000
04-07 06:54:06.723     1     1 I init    : ... started service 'lmkd' has pid 473
04-07 06:54:06.723     1     1 I init    : starting service 'servicemanager'...
04-07 06:54:06.729     1     1 I init    : ... started service 'servicemanager' has pid 474
04-07 06:54:06.736     1     1 I init    : starting service 'hwservicemanager'...
04-07 06:54:06.740     1     1 I init    : ... started service 'hwservicemanager' has pid 477
04-07 06:54:06.740     1     1 I init    : starting service 'vndservicemanager'...
04-07 06:54:06.751     1     1 I init    : ... started service 'vndservicemanager' has pid 478
04-07 06:54:06.755     1     1 I init    : processing action (init) from (/system/etc/init/hw/init.usb.rc:28)
04-07 06:54:06.756     1     1 I init    : processing action (init) from (/vendor/etc/init/hw/init.qcom.rc:92)
04-07 06:54:06.756     1     1 I init    : Command 'symlink /sdcard /mnt/sdcard' action=init (/vendor/etc/init/hw/init.qcom.rc:95) took 0ms and failed: symlink() failed: File exists
04-07 06:54:06.760     1     1 I init    : Command 'symlink /sdcard /storage/sdcard0' action=init (/vendor/etc/init/hw/init.qcom.rc:96) took 3ms and failed: symlink() failed: Read-only file system
04-07 06:54:06.765     1     1 I init    : processing action (init) from (/vendor/etc/init/hw/init.target.rc:69)
04-07 06:54:06.766   277   277 I init    : wait for '/dev/block/platform/soc/4804000.ufshc' took 0ms
04-07 06:54:06.766   474   474 I servicemanager: Starting sm instance on /dev/binder
04-07 06:54:06.772     1     1 I init    : service 'logd' requested start, but it is already running (flags: 4)
04-07 06:54:06.773     1     1 I init    : processing action (init) from (/vendor/etc/init/hw/init.qti.kernel.rc:58)
04-07 06:54:06.773     1     1 I init    : starting service 'vendor-early_eth'...
04-07 06:54:06.774   478   478 I vndservicemanager: Starting sm instance on /dev/vndbinder
04-07 06:54:06.775   474   474 I SELinux : SELinux: Loaded service context from:
04-07 06:54:06.775   474   474 I SELinux : /system/etc/selinux/plat_service_contexts
04-07 06:54:06.775   474   474 I SELinux : /system_ext/etc/selinux/system_ext_service_contexts
04-07 06:54:06.775   474   474 I SELinux : /product/etc/selinux/product_service_contexts
04-07 06:54:06.775   474   474 I SELinux : /vendor/etc/selinux/vendor_service_contexts
04-07 06:54:06.775   474   474 I SELinux : /odm/etc/selinux/odm_service_contexts
04-07 06:54:06.776   478   478 I SELinux : SELinux: Loaded vndservice context from:
04-07 06:54:06.776   478   478 I SELinux : /vendor/etc/selinux/vndservice_contexts
04-07 06:54:06.776   479   479 I modprobe: Loading module /vendor/lib/modules/msm_sysstats.ko with args ''
04-07 06:54:06.778   479   479 I         : registered sysstats version 2
04-07 06:54:06.778   479   479 I modprobe: Loaded kernel module /vendor/lib/modules/msm_sysstats.ko
04-07 06:54:06.781   472   472 W logd    : libprocessgroup: A JoinCgroup action in the SystemMemoryProcess profile is used for controller memory in the cgroup v2 hierarchy and will be ignored
04-07 06:54:06.785     1     1 I init    : ... started service 'vendor-early_eth' has pid 485
04-07 06:54:06.786     1     1 I init    : starting service 'memory-boot'...
04-07 06:54:06.789     1     1 I init    : ... started service 'memory-boot' has pid 496
04-07 06:54:06.789     1     1 I init    : processing action (ro.product.cpu.abilist64=* && init) from (/system/etc/init/hw/init.boringssl.zygote64.rc:1)
04-07 06:54:06.790     1     1 I init    : starting service 'boringssl_self_test64'...
04-07 06:54:06.793   488   488 E BPF     : [130304] Invalid name_offset:2334566
04-07 06:54:06.794     1     1 I init    : ... started service 'boringssl_self_test64' has pid 500
04-07 06:54:06.794     1     1 I init    : SVC_EXEC service 'boringssl_self_test64' pid 500 (uid 9999 gid 0+0 context default) started; waiting...
04-07 06:54:06.797   472   472 I logd.auditd: start
04-07 06:54:06.797   472   472 I logd.klogd: 2957298957
04-07 06:54:06.805   487   487 E BPF     : [130302] Invalid name_offset:2334566
04-07 06:54:06.808   495   495 E BPF     : [130302] Invalid name_offset:2334566
04-07 06:54:06.805   487   487 E BPF     : [130302] Invalid name_offset:2334566
04-07 06:54:06.808   495   495 E BPF     : [130302] Invalid name_offset:2334566
04-07 06:54:06.811   490   490 E BPF     : [130303] Invalid name_offset:2334566
04-07 06:54:06.818   495   495 I gpu_cc-pitti 5990000.clock-controller: Registered GPU CC clocks
04-07 06:54:06.820   472   472 I logd    : Loaded bug_map file: /system_ext/etc/selinux/bug_map
04-07 06:54:06.820   472   472 I logd    : Loaded bug_map file: /vendor/etc/selinux/selinux_denial_metadata
04-07 06:54:06.822    10    10 I arm-smmu 59a0000.kgsl-smmu: probing hardware configuration...
04-07 06:54:06.822    10    10 I arm-smmu 59a0000.kgsl-smmu: SMMUv2 with:
04-07 06:54:06.822    10    10 I arm-smmu 59a0000.kgsl-smmu: stage 1 translation
04-07 06:54:06.822    10    10 I arm-smmu 59a0000.kgsl-smmu: non-coherent table walk
04-07 06:54:06.822    10    10 I arm-smmu 59a0000.kgsl-smmu: (IDR0.CTTW overridden by FW configuration)
04-07 06:54:06.822    10    10 I arm-smmu 59a0000.kgsl-smmu: stream matching with 7 register groups
04-07 06:54:06.822    10    10 I arm-smmu 59a0000.kgsl-smmu: 5 context banks (0 stage-2 only)
04-07 06:54:06.822    10    10 I arm-smmu 59a0000.kgsl-smmu: Supported page sizes: 0x61311000
04-07 06:54:06.822    10    10 I arm-smmu 59a0000.kgsl-smmu: Stage-1: 48-bit VA -> 36-bit IPA
04-07 06:54:06.822   504   504 E BPF     : [130301] Invalid name_offset:2334566
04-07 06:54:06.823   472   472 I logd    : Loaded bug_map file: /system/etc/selinux/bug_map
04-07 06:54:06.824     1     1 I init    : Service 'vendor-early_eth' (pid 485) exited with status 127 oneshot service took 0.046000 seconds in background
04-07 06:54:06.824     1     1 I init    : Sending signal 9 to service 'vendor-early_eth' (pid 485) process group...
04-07 06:54:06.824   490   490 E BPF     : [130302] Invalid name_offset:2334566
04-07 06:54:06.825   504   504 E BPF     : [130302] Invalid name_offset:2334566
04-07 06:54:06.825     1     1 I libprocessgroup: Removed cgroup /sys/fs/cgroup/system/uid_3005/pid_485
04-07 06:54:06.826   504   504 E BPF     : [130302] Invalid name_offset:2334566
04-07 06:54:06.826   504   504 I memshare soc: qcom,memshare:qcom,client_1: memshare: Continuing with allocation from CMA
04-07 06:54:06.826   504   504 I memshare soc: qcom,memshare:qcom,client_2: memshare: Continuing with allocation from CMA
04-07 06:54:06.826   504   504 I memshare soc: qcom,memshare:qcom,client_3: memshare: Continuing with allocation from CMA
04-07 06:54:06.827    10    10 I arm-smmu 59a0000.kgsl-smmu: preserved 0 boot mappings
04-07 06:54:06.828   490   490 E BPF     : [130302] Invalid name_offset:2334566
04-07 06:54:06.830   491   491 E BPF     : [130301] Invalid name_offset:2334566
04-07 06:54:06.830   489   489 E BPF     : [130301] Invalid name_offset:2334566
04-07 06:54:06.832   491   491 I pitti-debugcc soc: clock-controller@0: Registered debug measure clocks
04-07 06:54:06.832   486   486 E BPF     : [130301] Invalid name_offset:2334566
04-07 06:54:06.835   505   505 E BPF     : [130302] Invalid name_offset:2334566
04-07 06:54:06.837   498   498 I gpi_dma 4a00000.qcom,gpi-dma: Adding to iommu group 5
04-07 06:54:06.840   498   498 I gpi_dma 4c00000.qcom,gpi-dma: Adding to iommu group 6
04-07 06:54:06.845     1     1 I init    : Service 'boringssl_self_test64' (pid 500) exited with status 0 waiting took 0.054000 seconds
04-07 06:54:06.845     1     1 I init    : Sending signal 9 to service 'boringssl_self_test64' (pid 500) process group...
04-07 06:54:06.846   499   499 E BPF     : [130302] Invalid name_offset:2334566
04-07 06:54:06.846     1     1 I libprocessgroup: Removed cgroup /sys/fs/cgroup/system/uid_9999/pid_500
04-07 06:54:06.847     1     1 I init    : processing action (init) from (/system/etc/init/audioserver.rc:66)
04-07 06:54:06.847   514   514 E BPF     : [130302] Invalid name_offset:2334566
04-07 06:54:06.849     1     1 I init    : processing action (init) from (/system/etc/init/perfetto.rc:162)
04-07 06:54:06.857   497   497 E BPF     : [130302] Invalid name_offset:2334566
04-07 06:54:06.859   521   521 E BPF     : [130302] Invalid name_offset:2334566
04-07 06:54:06.869   506   506 E BPF     : [130305] Invalid name_offset:2334566
04-07 06:54:06.875   521   521 I msm_sps_probe: sps:sps is ready
04-07 06:54:06.877   490   490 E BPF     : [130302] Invalid name_offset:2334566
04-07 06:54:06.877   509   509 E BPF     : [130301] Invalid name_offset:2334566
04-07 06:54:06.879   511   511 E BPF     : [130301] Invalid name_offset:2334566
04-07 06:54:06.881   512   512 E BPF     : [130301] Invalid name_offset:2334566
04-07 06:54:06.881   515   515 E BPF     : [130302] Invalid name_offset:2334566
04-07 06:54:06.887   507   507 E BPF     : [130302] Invalid name_offset:2334566
04-07 06:54:06.888   490   490 E BPF     : [130302] Invalid name_offset:2334566
04-07 06:54:06.888   534   534 E BPF     : [130302] Invalid name_offset:2334566
04-07 06:54:06.893   528   528 E BPF     : [130302] Invalid name_offset:2334566
04-07 06:54:06.893   538   538 E BPF     : [130302] Invalid name_offset:2334566
04-07 06:54:06.895   507   507 E BPF     : [130301] Invalid name_offset:2334566
04-07 06:54:06.896   540   540 E BPF     : [130301] Invalid name_offset:2334566
04-07 06:54:06.904   546   546 I ufs_device_wlun 0: 0:0:49488: Attached scsi generic sg0 type 30
04-07 06:54:06.904   546   546 I scsi 0  : 0:0:49476: Attached scsi generic sg1 type 30
04-07 06:54:06.904   546   546 I scsi 0  : 0:0:49456: Attached scsi generic sg2 type 30
04-07 06:54:06.904   546   546 I sd 0    : 0:0:0: Attached scsi generic sg3 type 0
04-07 06:54:06.904   546   546 I sd 0    : 0:0:1: Attached scsi generic sg4 type 0
04-07 06:54:06.904   546   546 I sd 0    : 0:0:2: Attached scsi generic sg5 type 0
04-07 06:54:06.904   546   546 I sd 0    : 0:0:3: Attached scsi generic sg6 type 0
04-07 06:54:06.904   546   546 I sd 0    : 0:0:4: Attached scsi generic sg7 type 0
04-07 06:54:06.904   546   546 I sd 0    : 0:0:5: Attached scsi generic sg8 type 0
04-07 06:54:06.909   555   555 E BPF     : [130303] Invalid name_offset:2334566
04-07 06:54:06.909   536   536 E BPF     : [130303] Invalid name_offset:2334566
04-07 06:54:06.910   539   539 E BPF     : [130302] Invalid name_offset:2334566
04-07 06:54:06.914   531   531 E BPF     : [130301] Invalid name_offset:2334566
04-07 06:54:06.921   518   518 E BPF     : [130301] Invalid name_offset:2334566
04-07 06:54:06.921   519   519 E BPF     : [130301] Invalid name_offset:2334566
04-07 06:54:06.924   543   543 E BPF     : [130301] Invalid name_offset:2334566
04-07 06:54:06.927   547   547 E BPF     : [130302] Invalid name_offset:2334566
04-07 06:54:06.938   548   548 E BPF     : [130301] Invalid name_offset:2334566
04-07 06:54:06.939   541   541 E BPF     : [130302] Invalid name_offset:2334566
04-07 06:54:06.939   533   533 E BPF     : [130302] Invalid name_offset:2334566
04-07 06:54:06.940   518   518 E msm_hang_detect_probe: Missing cluster-id.
04-07 06:54:06.941   539   539 I boot_kpi: M - DRIVER GENI_HS_UART_0 Init
04-07 06:54:06.941   539   539 I msm_geni_serial 4a88000.qcom,qup_uart: Wakeup byte 0xfd
04-07 06:54:06.941   539   539 I irq     : IRQ126: trimming hierarchy from :soc:interrupt-controller@f200000-1
04-07 06:54:06.941   547   547 I boot_kpi: M - DRIVER GENI_SPI Init
04-07 06:54:06.941   547   547 I spi_geni 4a8c000.spi: spi_get_dt_property: DT based xfer timeout offset: 2500
04-07 06:54:06.943   529   529 E BPF     : [130301] Invalid name_offset:2334566
04-07 06:54:06.944   539   539 I msm_geni_serial 4a88000.qcom,qup_uart: gsi_mode:0
04-07 06:54:06.947   548   548 E spmi_pmic_arb_debug 8a08000.qcom,spmi-debug: unable to request core clock, rc=-2
04-07 06:54:06.947   548   548 W spmi_pmic_arb_debug: probe of 8a08000.qcom,spmi-debug failed with error -2
04-07 06:54:06.949   539   539 I msm_geni_serial 4a88000.qcom,qup_uart: Serial port0 added.FifoSize 64 is_console0
04-07 06:54:06.953   555   555 E         : register_kretprobe failed at functionfs_bind, returned -2
04-07 06:54:06.955   555   555 E         : register_kretprobe failed at ffs_closed, returned -2
04-07 06:54:06.966   534   534 E BPF     : [130302] Invalid name_offset:2334566
04-07 06:54:06.975   513   513 E BPF     : [130301] Invalid name_offset:2334566
04-07 06:54:06.977   517   517 E BPF     : [130302] Invalid name_offset:2334566
04-07 06:54:06.977   539   539 I 4a88000.qcom,qup_uart: ttyHS0 at MMIO 0x4a88000 (irq = 127, base_baud = 0) is a MSM
04-07 06:54:06.977   517   517 I KPI     : Bootloader start count = 63111
04-07 06:54:06.977   517   517 I KPI     : Bootloader end count = 116867
04-07 06:54:06.977   517   517 I KPI     : Bootloader load kernel count = 3570
04-07 06:54:06.977   517   517 I KPI     : Kernel MPM timestamp = 226504
04-07 06:54:06.977   517   517 I KPI     : Kernel MPM Clock frequency = 32768
04-07 06:54:06.978   516   516 E BPF     : [130302] Invalid name_offset:2334566
04-07 06:54:06.985   560   560 E BPF     : [130301] Invalid name_offset:2334566
04-07 06:54:06.986   534   534 E BPF     : [130305] Invalid name_offset:2334566
04-07 06:54:06.994   534   534 E BPF     : [130301] Invalid name_offset:2334566
04-07 06:54:06.994   529   529 W qcom-bwmon: Zone thres larger than hw limit: hi:267 med:400 lo:0
04-07 06:54:06.995   534   534 E BPF     : [130303] Invalid name_offset:2334566
04-07 06:54:06.998   535   535 E BPF     : [130302] Invalid name_offset:2334566
04-07 06:54:07.017   563   563 E BPF     : [130301] Invalid name_offset:2334566
04-07 06:54:07.021   562   562 E BPF     : [130302] Invalid name_offset:2334566
04-07 06:54:07.021   572   572 E BPF     : [130301] Invalid name_offset:2334566
04-07 06:54:07.029   587   587 E BPF     : [130302] Invalid name_offset:2334566
04-07 06:54:07.034   516   516 E msm-eud 1610000.qcom,msm-eud: TCSR qcom_scm_io_writel failed with rc:-22
04-07 06:54:07.041   569   569 E BPF     : [130301] Invalid name_offset:2334566
04-07 06:54:07.041     1     1 I init    : processing action (init) from (/system_ext/etc/init/init.lineage-system_ext.rc:2)
04-07 06:54:07.041   566   566 E BPF     : [130302] Invalid name_offset:2334566
04-07 06:54:07.048   539   539 I boot_kpi: M - DRIVER GENI_HS_UART_0 Ready
04-07 06:54:07.048   516   516 I 1610000.qcom,msm-eud: ttyEUD0 at MMIO 0x0 (irq = 130, base_baud = 0) is a EUD UART
04-07 06:54:07.049   547   547 I spi_geni 4a8c000.spi: spi_geni_probe: completed 0
04-07 06:54:07.049   547   547 I boot_kpi: M - DRIVER GENI_SPI_3 Ready
04-07 06:54:07.050   587   587 I qpnp_vibrator_ldo_probe: Vibrator LDO successfully registered: uV = 3000000, overdrive = disabled
04-07 06:54:07.057   563   563 I qcom_dload_probe: Current dump mode: 0x20
04-07 06:54:07.059   542   542 E BPF     : [130302] Invalid name_offset:2334566
04-07 06:54:07.062     1     1 I init    : processing action (init) from (/vendor/etc/init/android.hardware.security.keymint-service-qti.rc:5)
04-07 06:54:07.078   562   562 I boot_kpi: M - DRIVER GENI_I2C Init
04-07 06:54:07.078   562   562 I i2c_geni 4a84000.i2c: Bus frequency is set to 400000Hz.
04-07 06:54:07.079     1     1 I init    : starting service 'vendor.keymint-qti'...
04-07 06:54:07.079   562   562 I i2c_geni 4a84000.i2c: Multi-EE usecase
04-07 06:54:07.079   562   562 I irq     : IRQ132: trimming hierarchy from :soc:interrupt-controller@f200000-1
04-07 06:54:07.085   562   562 E PM8008  : pm8008_read: failed to read 0x0950
04-07 06:54:07.085   562   562 E PM8008  : _pm8008_chip_is_enabled: qcom,pm8008-chip-en: failed to get chip state rc=-107
04-07 06:54:07.085   562   562 E PM8008  : pm8008_chip_probe: Failed to register chip enable regulator rc=-107
04-07 06:54:07.085   562   562 W qcom,pm8008-chip: probe of 4a84000.i2c:qcom,pm8008@8:qcom,pm8008-chip@900 failed with error -107
04-07 06:54:07.087   588   588 W speed_ui: module is from the staging directory, the quality is unknown, you have been warned.
04-07 06:54:07.087   588   588 E BPF     : [130302] Invalid name_offset:2334566
04-07 06:54:07.089   597   597 E BPF     : [130302] Invalid name_offset:2334566
04-07 06:54:07.095   550   550 E BPF     : [130302] Invalid name_offset:2334566
04-07 06:54:07.096   549   549 E BPF     : Invalid name_offset:2334566
04-07 06:54:07.096   601   601 E BPF     : [130302] Invalid name_offset:2334566
04-07 06:54:07.109   599   599 E BPF     : [130305] Invalid name_offset:2334566
04-07 06:54:07.116   570   570 E BPF     : [130303] Invalid name_offset:2334566
04-07 06:54:07.119   551   551 E BPF     : [130302] Invalid name_offset:2334566
04-07 06:54:07.121   553   553 E BPF     : [130302] Invalid name_offset:2334566
04-07 06:54:07.121   552   552 E BPF     : [130301] Invalid name_offset:2334566
04-07 06:54:07.124   556   556 E BPF     : [130303] Invalid name_offset:2334566
04-07 06:54:07.127   588   588 I speed_ui: module init!
04-07 06:54:07.134   565   565 E BPF     : [130302] Invalid name_offset:2334566
04-07 06:54:07.135   574   574 E BPF     : [130302] Invalid name_offset:2334566
04-07 06:54:07.139   550   550 W usb_phy_generic soc: usb_nop_phy: supply vcc not found, using dummy regulator
04-07 06:54:07.139   550   550 W usb_phy_generic soc: usb_nop_phy: dummy supplies not allowed for exclusive requests
04-07 06:54:07.143   599   599 I         : ufs_ffu module init---
04-07 06:54:07.143   599   599 I         : ufs_ffu module ufs_xiaomi_comp ready---
04-07 06:54:07.145   553   553 E         : panel_info=1
04-07 06:54:07.145   553   553 E msm-usb-hsphy 1613000.hsphy: error reading qcom,refgen-voltage-level property
04-07 06:54:07.146    57    57 I         : ufs_ffu Start
04-07 06:54:07.146    57    57 I         : ufs_ffu lun = 0
04-07 06:54:07.146    57    57 E         : [ufs_ffu] goto get partattion info
04-07 06:54:07.146    57    57 E [ufs_ffu] partion: sda start 175656(block) size 2048(block)
04-07 06:54:07.146    57    57 E         : [ufs_ffu] get partattion info comeplate
04-07 06:54:07.146    57    57 I         : [ufs_ffu] check ffu_arry, vendor:XBSTOR  , product:XBUSC1A17A8TG1  , fw_rev:0315
04-07 06:54:07.147    57    57 E sd 0    : 0:0:0: sense key:0x0; asc:0x0; ascq:0x0
04-07 06:54:07.147    57    57 E         : [ufs_ffu] ufs_flag is not FFU
04-07 06:54:07.147    57    57 E match vendor: XBSTOR  , product id:XBUSC1A17A8TG1   hw_sectors 2048
04-07 06:54:07.147    57    57 E match vendor: XBSTOR  , product id:XBUSC1A17A8TG1   hw_sectors 2048
04-07 06:54:07.147    57    57 E match vendor: XBSTOR  , product id:XBUSC1A17A8TG1   hw_sectors 2048
04-07 06:54:07.148   570   570 E BPF     : [130302] Invalid name_offset:2334566
04-07 06:54:07.154   554   554 E BPF     : [130302] Invalid name_offset:2334566
04-07 06:54:07.156   615   615 E BPF     : [130301] Invalid name_offset:2334566
04-07 06:54:07.156   571   571 E BPF     : [130305] Invalid name_offset:2334566
04-07 06:54:07.163   557   557 E BPF     : [130301] Invalid name_offset:2334566
04-07 06:54:07.166   534   534 I remoteproc0: a400000.remoteproc-adsp is available
04-07 06:54:07.167   580   580 E BPF     : [130302] Invalid name_offset:2334566
04-07 06:54:07.168   575   575 E BPF     : [130302] Invalid name_offset:2334566
04-07 06:54:07.169   534   534 I remoteproc1: 6080000.remoteproc-mss is available
04-07 06:54:07.171   561   561 E BPF     : [130302] Invalid name_offset:2334566
04-07 06:54:07.178   564   564 E BPF     : [130302] Invalid name_offset:2334566
04-07 06:54:07.178   577   577 E BPF     : [130302] Invalid name_offset:2334566
04-07 06:54:07.180   562   562 E qcom-spmi-gpio 4a84000.i2c: qcom,pm8008@8:pinctrl@c000: read 0x4 failed
04-07 06:54:07.180   562   562 W qcom-spmi-gpio: probe of 4a84000.i2c:qcom,pm8008@8:pinctrl@c000 failed with error -107
04-07 06:54:07.181   570   570 E qcom-spmi-adc-tm5 1c40000.qcom,spmi: qcom,pm6125@0:adc_tm@3500: get dt data failed: -517
04-07 06:54:07.181   570   570 E qcom-spmi-adc-tm5 1c40000.qcom,spmi: qcom,pm6125@0:adc_tm@3400: get dt data failed: -517
04-07 06:54:07.181   570   570 E qcom-spmi-adc-tm5 1c40000.qcom,spmi: qcom,pm7250b@2:adc_tm@3500: get dt data failed: -517
04-07 06:54:07.181   562   562 I I2C PMIC: i2c_pmic_probe: I2C PMIC probe successful
04-07 06:54:07.185   626   626 E BPF     : [130302] Invalid name_offset:2334566
04-07 06:54:07.191   576   576 E BPF     : [130302] Invalid name_offset:2334566
04-07 06:54:07.205   573   573 E BPF     : [130303] Invalid name_offset:2334566
04-07 06:54:07.215   583   583 E BPF     : [130302] Invalid name_offset:2334566
04-07 06:54:07.219   598   598 E BPF     : [130303] Invalid name_offset:2334566
04-07 06:54:07.219   595   595 E BPF     : [130302] Invalid name_offset:2334566
04-07 06:54:07.219   578   578 E BPF     : [130302] Invalid name_offset:2334566
04-07 06:54:07.219   638   638 I CLD80211: Initializing
04-07 06:54:07.221   579   579 E BPF     : [130302] Invalid name_offset:2334566
04-07 06:54:07.236   629   629 E BPF     : [130301] Invalid name_offset:2334566
04-07 06:54:07.255   582   582 E BPF     : [130302] Invalid name_offset:2334566
04-07 06:54:07.274   581   581 E BPF     : [130304] Invalid name_offset:2334566
04-07 06:54:07.275   607   607 E BPF     : [130301] Invalid name_offset:2334566
04-07 06:54:07.278   586   586 E BPF     : [130303] Invalid name_offset:2334566
04-07 06:54:07.288   562   562 I I2C PMIC: i2c_pmic_probe: I2C PMIC probe successful
04-07 06:54:07.288     8     8 E qcom-spmi-adc-tm5 1c40000.qcom,spmi: qcom,pm6125@0:adc_tm@3500: get dt data failed: -517
04-07 06:54:07.288     8     8 E qcom-spmi-adc-tm5 1c40000.qcom,spmi: qcom,pm6125@0:adc_tm@3400: get dt data failed: -517
04-07 06:54:07.288   562   562 I boot_kpi: M - DRIVER GENI_I2C_1 Ready
04-07 06:54:07.288   562   562 I i2c_geni 4a84000.i2c: I2C probed
04-07 06:54:07.288     8     8 E qcom-spmi-adc-tm5 1c40000.qcom,spmi: qcom,pm7250b@2:adc_tm@3500: get dt data failed: -517
04-07 06:54:07.288   580   580 I userspace-cdev soc: qcom,userspace-cdev: cdev:display-fps lvl:16 registered
04-07 06:54:07.312   635   635 I cfg80211: Loading compiled-in X.509 certificates for regulatory database
04-07 06:54:07.313   635   635 I cfg80211: Loaded X.509 cert 'sforshee: 00b28ddf47aef9cea7'
04-07 06:54:07.314    57    57 W platform regulatory.0: Direct firmware load for regulatory.db failed with error -2
04-07 06:54:07.314    57    57 W platform regulatory.0: Falling back to sysfs fallback for: regulatory.db
04-07 06:54:07.320   626   626 I cs_system_cfg: CoreSight Configuration manager initialised
04-07 06:54:07.320   549   549 I msm_sharedmem: msm_sharedmem_probe: Device created for client 'rmtfs'
04-07 06:54:07.323   628   628 E BPF     : [130302] Invalid name_offset:2334566
04-07 06:54:07.337   562   562 I boot_kpi: M - DRIVER GENI_I2C Init
04-07 06:54:07.338   562   562 I i2c_geni 4a90000.i2c: Bus frequency is set to 400000Hz.
04-07 06:54:07.338   562   562 I i2c_geni 4a90000.i2c: Multi-EE usecase
04-07 06:54:07.338     8     8 E qcom-spmi-adc-tm5 1c40000.qcom,spmi: qcom,pm6125@0:adc_tm@3500: get dt data failed: -517
04-07 06:54:07.338     8     8 E qcom-spmi-adc-tm5 1c40000.qcom,spmi: qcom,pm6125@0:adc_tm@3400: get dt data failed: -517
04-07 06:54:07.338     8     8 E qcom-spmi-adc-tm5 1c40000.qcom,spmi: qcom,pm7250b@2:adc_tm@3500: get dt data failed: -517
04-07 06:54:07.338     8     8 E qcom-spmi-adc-tm5 1c40000.qcom,spmi: qcom,pm6125@0:adc_tm@3500: get dt data failed: -517
04-07 06:54:07.339     8     8 E qcom-spmi-adc-tm5 1c40000.qcom,spmi: qcom,pm6125@0:adc_tm@3400: get dt data failed: -517
04-07 06:54:07.339     8     8 E qcom-spmi-adc-tm5 1c40000.qcom,spmi: qcom,pm7250b@2:adc_tm@3500: get dt data failed: -517
04-07 06:54:07.339     8     8 E qcom-spmi-adc-tm5 1c40000.qcom,spmi: qcom,pm6125@0:adc_tm@3500: get dt data failed: -517
04-07 06:54:07.339     8     8 E qcom-spmi-adc-tm5 1c40000.qcom,spmi: qcom,pm6125@0:adc_tm@3400: get dt data failed: -517
04-07 06:54:07.339     8     8 E qcom-spmi-adc-tm5 1c40000.qcom,spmi: qcom,pm7250b@2:adc_tm@3500: get dt data failed: -517
04-07 06:54:07.340   564   564 I         : KPDPWR status at init=0x04, KPDPWR_ON=0
04-07 06:54:07.351   554   554 E msm-dwc3 4e00000.ssusb: Failed to get gpio
04-07 06:54:07.372   698   698 E BPF     : [130303] Invalid name_offset:2334566
04-07 06:54:07.417   534   534 I remoteproc2: 5600000.remoteproc-wpss is available
04-07 06:54:07.417   704   704 I qce 1b20000.qcedev: Adding to iommu group 7
04-07 06:54:07.419   554   554 E msm-dwc3 4e00000.ssusb: error -ENXIO: IRQ hs_phy_irq not found
04-07 06:54:07.425   718   718 E millet_millet-core: enter millet_init func!
04-07 06:54:07.427   564   564 I input   : pm8941_pwrkey as /devices/platform/soc/1c40000.qcom,spmi/spmi-0/0-00/1c40000.qcom,spmi:qcom,pm6125@0:qcom,power-on@800/1c40000.qcom,spmi:qcom,pm6125@0:qcom,power-on@800:pwrkey/input/input2
04-07 06:54:07.427   595   595 I qcom-spmi-adc5 1c40000.qcom,spmi: qcom,pm6125@0:vadc@3100: there is not valid maps for state default
04-07 06:54:07.428   595   595 I qcom-spmi-adc5 1c40000.qcom,spmi: qcom,pm6125@0:vadc@3100: there is not valid maps for state default
04-07 06:54:07.428   704   704 W qcedev_probe_device: No icc avg BW set, using default
04-07 06:54:07.428   704   704 W qcedev_probe_device: No icc peak BW set, using default
04-07 06:54:07.428   586   586 I aw2016_led_init: driver version: V1.0.3
04-07 06:54:07.440   704   704 I qce 1b20000.qcedev: QTI Crypto 5.5.2 device found @0x1b20000
04-07 06:54:07.440   630   630 E BPF     : [130302] Invalid name_offset:2334566
04-07 06:54:07.441   704   704 I sps_register_bam_device: sps:BAM 0x0000000001b04000 is registered
04-07 06:54:07.441   562   562 I boot_kpi: M - DRIVER GENI_I2C_4 Ready
04-07 06:54:07.441   562   562 I i2c_geni 4a90000.i2c: I2C probed
04-07 06:54:07.441   704   704 I sps_bam_enable: sps:BAM 0x0000000001b04000 (va:0x0000000000000000) enabled: ver:0x27, number of pipes:16
04-07 06:54:07.441   704   704 I QCE50   : qce_sps_init:  QTI MSM CE-BAM at 0x0000000001b04000 irq 156
04-07 06:54:07.448   583   583 I cpuidle : using governor qcom-cpu-lpm
04-07 06:54:07.455   615   615 E BPF     : [130301] Invalid name_offset:2334566
04-07 06:54:07.456   626   626 E BPF     : [130302] Invalid name_offset:2334566
04-07 06:54:07.457   554   554 E msm-dwc3 4e00000.ssusb: Nominal values not found.
04-07 06:54:07.457   554   554 E msm-dwc3 4e00000.ssusb: Using default bus votes
04-07 06:54:07.457   631   631 E BPF     : [130301] Invalid name_offset:2334566
04-07 06:54:07.458   704   704 I qce 1b20000.qcedev: qcom_cedev_ns_cb: Adding to iommu group 7
04-07 06:54:07.459   632   632 E BPF     : [130302] Invalid name_offset:2334566
04-07 06:54:07.460   626   626 I coresight-csr 8001000.csr: CSR initialized: coresight-csr
04-07 06:54:07.461   632   632 I uaudio-qmi soc: usb_audio_qmi_dev: Adding to iommu group 8
04-07 06:54:07.463   615   615 I coresight-stm: STM32 initialized
04-07 06:54:07.463   620   620 E BPF     : [130302] Invalid name_offset:2334566
04-07 06:54:07.464     1     1 I init    : ... started service 'vendor.keymint-qti' has pid 699
04-07 06:54:07.464     1     1 I init    : Command 'start vendor.keymint-qti' action=init (/vendor/etc/init/android.hardware.security.keymint-service-qti.rc:6) took 401ms and succeeded
04-07 06:54:07.465   620   620 I coresight-remote-etm soc: audio_etm0: Remote ETM initialized
04-07 06:54:07.467    86    86 W tz_log_dlkm: [tzdbg_get_tz_version][1754]: tz diag version is 37765120
04-07 06:54:07.467    86    86 E tz_log c125720.tz-log: RM log address is not defined
04-07 06:54:07.467    86    86 W tz_log_dlkm: [tzdbg_query_encrypted_log][1788]: encrypted qseelog enabled is 1
04-07 06:54:07.467   620   620 I coresight-remote-etm soc: modem_etm0: Remote ETM initialized
04-07 06:54:07.469   620   620 I coresight-remote-etm soc: wpss_etm0: Remote ETM initialized
04-07 06:54:07.471   660   660 E BPF     : [130301] Invalid name_offset:2334566
04-07 06:54:07.471   586   586 I aw2016_led 1-0064: aw2016 chip id 0
04-07 06:54:07.472     1     1 I init    : processing action (init) from (/vendor/etc/init/android.hardware.usb-service.qti.rc:4)
04-07 06:54:07.475   586   586 I aw2016_led 1-0064: aw2016 chip id 0
04-07 06:54:07.476   632   632 E uaudio-qmi soc: usb_audio_qmi_dev: failed to register disconnect callback ret = 0
04-07 06:54:07.476   586   586 I aw2016_led 1-0064: aw2016 chip id 0
04-07 06:54:07.477     1     1 I init    : processing action (init) from (/vendor/etc/init/init.warm.rc:116)
04-07 06:54:07.478   586   586 I aw2016_led 1-0064: aw2016 chip id 0
04-07 06:54:07.479   626   626 I coresight-csr 8a03000.csr: CSR initialized: coresight-swao-csr
04-07 06:54:07.480   704   704 I qce 1b20000.qcedev: qcom_cedev_s_cb: Adding to iommu group 9
04-07 06:54:07.482   661   661 E         : cpu_thermal_init cpu=0
04-07 06:54:07.482   661   661 E         : cpu_thermal_init cpu=1
04-07 06:54:07.482   661   661 E         : cpu_thermal_init cpu=2
04-07 06:54:07.482   661   661 E         : cpu_thermal_init cpu=3
04-07 06:54:07.482   661   661 E         : cpu_thermal_init cpu=4
04-07 06:54:07.482   661   661 E         : cpu_thermal_init cpu=5
04-07 06:54:07.482   661   661 E         : cpu_thermal_init cpu=6
04-07 06:54:07.482   661   661 E         : cpu_thermal_init cpu=7
04-07 06:54:07.483   586   586 I aw2016_led 1-0064: aw2016 chip id 0
04-07 06:54:07.483   586   586 E aw2016_led 1-0064: Check chip id error
04-07 06:54:07.483   661   661 I         : of_parse_thermal_message board sensor: VIRTUAL-SENSOR
04-07 06:54:07.484   554   554 E         : unable to get repeater -6
04-07 06:54:07.488   703   703 E BPF     : [130302] Invalid name_offset:2334566
04-07 06:54:07.491   712   712 I         : xiaomi_touch_probe enter
04-07 06:54:07.491   712   712 I xiaomi_touch_parse_dt touch,name: xiaomi-touch
