04-07 06:54:09.445     1     1 I init    : Command 'copy /data/misc/recovery/proc/version /data/misc/recovery/proc/version.1' action=post-fs-data (/system/etc/init/hw/init.rc:802) took 0ms and failed: Could not read input file '/data/misc/recovery/proc/version': open() failed: No such file or directory
04-07 06:54:09.451     1     1 I init    : Encryption policy of /data/local set to 8dc3a42eb9c2348794f54a0026fb5eaf v2 modes 1/4 flags 0xa
04-07 06:54:09.453   494   494 I logd    : logd reinit
04-07 06:54:09.454   494   494 E logd    : FrameworkListener: read() failed (Connection reset by peer)
04-07 06:54:09.455     1     1 I init    : Service 'logd-reinit' (pid 1128) exited with status 0 oneshot service took 0.017000 seconds in background
04-07 06:54:09.455     1     1 I init    : Sending signal 9 to service 'logd-reinit' (pid 1128) process group...
04-07 06:54:09.455     1     1 I libprocessgroup: Removed cgroup /sys/fs/cgroup/system/uid_1036/pid_1128
04-07 06:54:09.458     1     1 I init    : starting service 'exec 7 (/bin/rm -rf /data/misc/virtualizationservice)'...
04-07 06:54:09.461     1     1 I init    : ... started service 'exec 7 (/bin/rm -rf /data/misc/virtualizationservice)' has pid 1130
04-07 06:54:09.461     1     1 I init    : SVC_EXEC service 'exec 7 (/bin/rm -rf /data/misc/virtualizationservice)' pid 1130 (uid 1081 gid 1000+0 context default) started; waiting...
04-07 06:54:09.462  1129  1129 I apexd   : Started. subcommand = (null)
04-07 06:54:09.463  1129  1129 W apexd   : Thread Pool max thread count is 0. Cannot cache binder as linkToDeath cannot be implemented. serviceName: vold
04-07 06:54:09.463  1129  1129 I apexd   : Scanning /system/apex for pre-installed ApexFiles
04-07 06:54:09.463  1129  1129 I apexd   : Found pre-installed APEX /system/apex/com.android.apex.cts.shim.apex
04-07 06:54:09.463  1129  1129 I apexd   : Found pre-installed APEX /system/apex/com.android.i18n.apex
04-07 06:54:09.463  1129  1129 I apexd   : Found pre-installed APEX /system/apex/com.android.uprobestats.capex
04-07 06:54:09.463  1129  1129 I apexd   : Found pre-installed APEX /system/apex/com.android.ipsec.capex
04-07 06:54:09.463  1129  1129 I apexd   : Found pre-installed APEX /system/apex/com.android.tzdata.apex
04-07 06:54:09.463  1129  1129 I apexd   : Found pre-installed APEX /system/apex/com.android.configinfrastructure.capex
04-07 06:54:09.463  1129  1129 I apexd   : Found pre-installed APEX /system/apex/com.android.art.capex
04-07 06:54:09.463  1129  1129 I apexd   : Found pre-installed APEX /system/apex/com.android.adbd.capex
04-07 06:54:09.463  1129  1129 I apexd   : Found pre-installed APEX /system/apex/com.android.conscrypt.capex
04-07 06:54:09.463  1129  1129 I apexd   : Found pre-installed APEX /system/apex/com.android.uwb.capex
04-07 06:54:09.463  1129  1129 I apexd   : Found pre-installed APEX /system/apex/com.android.adservices.capex
04-07 06:54:09.463  1129  1129 I apexd   : Found pre-installed APEX /system/apex/com.android.neuralnetworks.capex
04-07 06:54:09.463  1129  1129 I apexd   : Found pre-installed APEX /system/apex/com.android.bt.capex
04-07 06:54:09.463  1129  1129 I apexd   : Found pre-installed APEX /system/apex/com.android.appsearch.capex
04-07 06:54:09.463  1129  1129 I apexd   : Found pre-installed APEX /system/apex/com.android.scheduling.capex
04-07 06:54:09.463  1129  1129 I apexd   : Found pre-installed APEX /system/apex/com.android.rkpd.apex
04-07 06:54:09.463  1129  1129 I apexd   : Found pre-installed APEX /system/apex/com.android.wifi.capex
04-07 06:54:09.463  1129  1129 I apexd   : Found pre-installed APEX /system/apex/com.android.sdkext.apex
04-07 06:54:09.463  1129  1129 I apexd   : Found pre-installed APEX /system/apex/com.android.permission.capex
04-07 06:54:09.463  1129  1129 I apexd   : Found pre-installed APEX /system/apex/com.android.healthfitness.apex
04-07 06:54:09.463  1129  1129 I apexd   : Found pre-installed APEX /system/apex/com.android.virt.apex
04-07 06:54:09.463  1129  1129 I apexd   : Found pre-installed APEX /system/apex/com.android.ondevicepersonalization.capex
04-07 06:54:09.463  1129  1129 I apexd   : Found pre-installed APEX /system/apex/com.android.media.swcodec.capex
04-07 06:54:09.463  1129  1129 I apexd   : Found pre-installed APEX /system/apex/com.android.profiling.capex
04-07 06:54:09.463  1129  1129 I apexd   : Found pre-installed APEX /system/apex/com.android.os.statsd.apex
04-07 06:54:09.463  1129  1129 I apexd   : Found pre-installed APEX /system/apex/com.android.extservices.capex
04-07 06:54:09.463  1129  1129 I apexd   : Found pre-installed APEX /system/apex/com.android.resolv.capex
04-07 06:54:09.463  1129  1129 I apexd   : Found pre-installed APEX /system/apex/com.android.tethering.capex
04-07 06:54:09.463  1129  1129 I apexd   : Found pre-installed APEX /system/apex/com.android.crashrecovery.capex
04-07 06:54:09.463  1129  1129 I apexd   : Found pre-installed APEX /system/apex/com.android.nfcservices.capex
04-07 06:54:09.463  1129  1129 I apexd   : Found pre-installed APEX /system/apex/com.android.devicelock.apex
04-07 06:54:09.463  1129  1129 I apexd   : Found pre-installed APEX /system/apex/com.android.mediaprovider.capex
04-07 06:54:09.463  1129  1129 I apexd   : Found pre-installed APEX /system/apex/com.android.runtime.apex
04-07 06:54:09.463  1129  1129 I apexd   : Found pre-installed APEX /system/apex/com.android.media.capex
04-07 06:54:09.463  1129  1129 I apexd   : Found pre-installed APEX /system/apex/com.android.cellbroadcast.capex
04-07 06:54:09.463  1129  1129 I apexd   : Scanning /system_ext/apex for pre-installed ApexFiles
04-07 06:54:09.463  1129  1129 I apexd   : Found pre-installed APEX /system_ext/apex/com.android.compos.apex
04-07 06:54:09.463  1129  1129 I apexd   : Scanning /product/apex for pre-installed ApexFiles
04-07 06:54:09.463  1129  1129 W apexd   : /product/apex does not exist. Skipping
04-07 06:54:09.463  1129  1129 I apexd   : Scanning /vendor/apex for pre-installed ApexFiles
04-07 06:54:09.463  1129  1129 I apexd   : Found pre-installed APEX /vendor/apex/com.android.hardware.cas.apex
04-07 06:54:09.463  1129  1129 I apexd   : Found pre-installed APEX /vendor/apex/com.google.android.widevine.nonupdatable.apex
04-07 06:54:09.463  1129  1129 I apexd   : Scanning /odm/apex for pre-installed ApexFiles
04-07 06:54:09.463  1129  1129 W apexd   : /odm/apex does not exist. Skipping
04-07 06:54:09.473     1     1 I init    : Service 'exec 7 (/bin/rm -rf /data/misc/virtualizationservice)' (pid 1130) exited with status 0 waiting took 0.013000 seconds
04-07 06:54:09.473     1     1 I init    : Sending signal 9 to service 'exec 7 (/bin/rm -rf /data/misc/virtualizationservice)' (pid 1130) process group...
04-07 06:54:09.474     1     1 I libprocessgroup: Removed cgroup /sys/fs/cgroup/system/uid_1081/pid_1130
04-07 06:54:09.474     1     1 I init    : Not setting encryption policy on: /data/preloads
04-07 06:54:09.475  1129  1129 I apexd   : Populating APEX database from mounts...
04-07 06:54:09.475     1     1 I init    : Encryption policy of /data/app-private set to 8dc3a42eb9c2348794f54a0026fb5eaf v2 modes 1/4 flags 0xa
04-07 06:54:09.475  1129  1129 I apexd   : 0 packages restored.
04-07 06:54:09.475  1129  1129 I apexd   : Marking APEXd as starting
04-07 06:54:09.476     1     1 I init    : Encryption policy of /data/app-ephemeral set to 8dc3a42eb9c2348794f54a0026fb5eaf v2 modes 1/4 flags 0xa
04-07 06:54:09.476  1129  1129 I apexd   : No sessions to revert/activate.
04-07 06:54:09.476  1129  1129 I apexd   : Scanning /data/apex/active for data ApexFiles
04-07 06:54:09.476  1129  1129 I apexd   : Processing compressed APEX /system/apex/com.android.mediaprovider.capex
04-07 06:54:09.476  1129  1129 I apexd   : Decompressing/system/apex/com.android.mediaprovider.capex to /data/apex/decompressed/com.android.mediaprovider@360799999.decompressed.apex
04-07 06:54:09.477     1     1 I init    : Encryption policy of /data/app-asec set to 8dc3a42eb9c2348794f54a0026fb5eaf v2 modes 1/4 flags 0xa
04-07 06:54:09.477     1     1 I init    : Encryption policy of /data/app-lib set to 8dc3a42eb9c2348794f54a0026fb5eaf v2 modes 1/4 flags 0xa
04-07 06:54:09.479     1     1 I init    : Encryption policy of /data/app set to 8dc3a42eb9c2348794f54a0026fb5eaf v2 modes 1/4 flags 0xa
04-07 06:54:09.481     1     1 I init    : Encryption policy of /data/app-metadata set to 8dc3a42eb9c2348794f54a0026fb5eaf v2 modes 1/4 flags 0xa
04-07 06:54:09.483     1     1 I init    : Encryption policy of /data/fonts set to 8dc3a42eb9c2348794f54a0026fb5eaf v2 modes 1/4 flags 0xa
04-07 06:54:09.518     1     1 I init    : Encryption policy of /data/dalvik-cache set to 8dc3a42eb9c2348794f54a0026fb5eaf v2 modes 1/4 flags 0xa
04-07 06:54:09.519     1     1 I init    : Encryption policy of /data/ota set to 8dc3a42eb9c2348794f54a0026fb5eaf v2 modes 1/4 flags 0xa
04-07 06:54:09.521     1     1 I init    : Encryption policy of /data/ota_package set to 8dc3a42eb9c2348794f54a0026fb5eaf v2 modes 1/4 flags 0xa
04-07 06:54:09.521     1     1 I init    : Encryption policy of /data/resource-cache set to 8dc3a42eb9c2348794f54a0026fb5eaf v2 modes 1/4 flags 0xa
04-07 06:54:09.521     1     1 I init    : Not setting encryption policy on: /data/lost+found
04-07 06:54:09.524     1     1 I init    : Encryption policy of /data/drm set to 8dc3a42eb9c2348794f54a0026fb5eaf v2 modes 1/4 flags 0xa
04-07 06:54:09.524     1     1 I init    : Encryption policy of /data/mediadrm set to 8dc3a42eb9c2348794f54a0026fb5eaf v2 modes 1/4 flags 0xa
04-07 06:54:09.526     1     1 I init    : Encryption policy of /data/nfc set to 8dc3a42eb9c2348794f54a0026fb5eaf v2 modes 1/4 flags 0xa
04-07 06:54:09.528     1     1 I init    : Encryption policy of /data/backup set to 8dc3a42eb9c2348794f54a0026fb5eaf v2 modes 1/4 flags 0xa
04-07 06:54:09.529     1     1 I init    : Encryption policy of /data/ss set to 8dc3a42eb9c2348794f54a0026fb5eaf v2 modes 1/4 flags 0xa
04-07 06:54:09.531     1     1 I init    : Encryption policy of /data/system set to 8dc3a42eb9c2348794f54a0026fb5eaf v2 modes 1/4 flags 0xa
04-07 06:54:09.539     1     1 I init    : Not setting encryption policy on: /data/media
04-07 06:54:09.540     1     1 I init    : Not setting encryption policy on: /data/misc_ce
04-07 06:54:09.540     1     1 I init    : Not setting encryption policy on: /data/misc_de
04-07 06:54:09.542     1     1 I init    : Not setting encryption policy on: /data/system_ce
04-07 06:54:09.542     1     1 I init    : Not setting encryption policy on: /data/system_de
04-07 06:54:09.542     1     1 I init    : Not setting encryption policy on: /data/user
04-07 06:54:09.542     1     1 I init    : Not setting encryption policy on: /data/user_de
04-07 06:54:09.542     1     1 I init    : Not setting encryption policy on: /data/vendor_ce
04-07 06:54:09.542     1     1 I init    : Not setting encryption policy on: /data/vendor_de
04-07 06:54:09.542     1     1 I init    : Not setting encryption policy on: /data/storage_area
04-07 06:54:09.542     1     1 I init    : starting service 'exec 8 (/system/bin/chattr +F /data/media)'...
04-07 06:54:09.546     1     1 I init    : ... started service 'exec 8 (/system/bin/chattr +F /data/media)' has pid 1169
04-07 06:54:09.546     1     1 I init    : SVC_EXEC service 'exec 8 (/system/bin/chattr +F /data/media)' pid 1169 (uid 1023 gid 1023+0 context default) started; waiting...
04-07 06:54:09.553     1     1 I init    : Service 'exec 8 (/system/bin/chattr +F /data/media)' (pid 1169) exited with status 0 waiting took 0.009000 seconds
04-07 06:54:09.553     1     1 I init    : Sending signal 9 to service 'exec 8 (/system/bin/chattr +F /data/media)' (pid 1169) process group...
04-07 06:54:09.554     1     1 I libprocessgroup: Removed cgroup /sys/fs/cgroup/system/uid_1023/pid_1169
04-07 06:54:09.568     1     1 I init    : Encryption policy of /data/cache set to 8dc3a42eb9c2348794f54a0026fb5eaf v2 modes 1/4 flags 0xa
04-07 06:54:09.576     1     1 I init    : Encryption policy of /data/rollback set to 8dc3a42eb9c2348794f54a0026fb5eaf v2 modes 1/4 flags 0xa
04-07 06:54:09.578     1     1 I init    : Encryption policy of /data/rollback-observer set to 8dc3a42eb9c2348794f54a0026fb5eaf v2 modes 1/4 flags 0xa
04-07 06:54:09.579     1     1 I init    : Encryption policy of /data/rollback-history set to 8dc3a42eb9c2348794f54a0026fb5eaf v2 modes 1/4 flags 0xa
04-07 06:54:09.581     1     1 I init    : Encryption policy of /data/incremental set to 8dc3a42eb9c2348794f54a0026fb5eaf v2 modes 1/4 flags 0xa
04-07 06:54:09.879  1129  1129 I SELinux : SELinux: Loaded file context from:
04-07 06:54:09.879  1129  1129 I SELinux : /system/etc/selinux/plat_file_contexts
04-07 06:54:09.879  1129  1129 I SELinux : /system_ext/etc/selinux/system_ext_file_contexts
04-07 06:54:09.879  1129  1129 I SELinux : /product/etc/selinux/product_file_contexts
04-07 06:54:09.879  1129  1129 I SELinux : /vendor/etc/selinux/vendor_file_contexts
04-07 06:54:09.879  1129  1129 I SELinux : /odm/etc/selinux/odm_file_contexts
04-07 06:54:09.883  1129  1129 I apexd   : Processing compressed APEX /system/apex/com.android.nfcservices.capex
04-07 06:54:09.883  1129  1129 I apexd   : Decompressing/system/apex/com.android.nfcservices.capex to /data/apex/decompressed/com.android.nfcservices@360799999.decompressed.apex
04-07 06:54:09.948    86    86 I goodix_fp: goodix_check_panel:of_count_phandle_with_args:count=3
04-07 06:54:09.948    86    86 I goodix_fp: goodix_check_panel:prim_panel = NULL
04-07 06:54:09.948    86    86 I goodix_fp: goodix_check_panel:prim_panel = NULL
04-07 06:54:09.948    86    86 I goodix_fp: goodix_check_panel:prim_panel = panel
04-07 06:54:09.948    86    86 I goodix_fp: success to get primary panel, retry times = 0
04-07 06:54:09.948    86    86 I goodix_fp: goodix_register_panel_notifier_work:prim_panel_event_notifier_register register succeed
04-07 06:54:09.997  1129  1129 I apexd   : Processing compressed APEX /system/apex/com.android.crashrecovery.capex
04-07 06:54:09.997  1129  1129 I apexd   : Decompressing/system/apex/com.android.crashrecovery.capex to /data/apex/decompressed/com.android.crashrecovery@360799999.decompressed.apex
04-07 06:54:10.003  1129  1129 I apexd   : Processing compressed APEX /system/apex/com.android.tethering.capex
04-07 06:54:10.004  1129  1129 I apexd   : Decompressing/system/apex/com.android.tethering.capex to /data/apex/decompressed/com.android.tethering@360799999.decompressed.apex
04-07 06:54:10.255  1129  1129 I apexd   : Processing compressed APEX /system/apex/com.android.resolv.capex
04-07 06:54:10.255  1129  1129 I apexd   : Decompressing/system/apex/com.android.resolv.capex to /data/apex/decompressed/com.android.resolv@360799999.decompressed.apex
04-07 06:54:10.312  1129  1129 I apexd   : Processing compressed APEX /system/apex/com.android.adbd.capex
04-07 06:54:10.312  1129  1129 I apexd   : Decompressing/system/apex/com.android.adbd.capex to /data/apex/decompressed/com.android.adbd@360799999.decompressed.apex
04-07 06:54:10.403  1129  1129 I apexd   : Processing compressed APEX /system/apex/com.android.uprobestats.capex
04-07 06:54:10.403  1129  1129 I apexd   : Decompressing/system/apex/com.android.uprobestats.capex to /data/apex/decompressed/com.android.uprobestats@360799999.decompressed.apex
04-07 06:54:10.423  1129  1129 I apexd   : Processing compressed APEX /system/apex/com.android.media.swcodec.capex
04-07 06:54:10.423  1129  1129 I apexd   : Decompressing/system/apex/com.android.media.swcodec.capex to /data/apex/decompressed/com.android.media.swcodec@360799999.decompressed.apex
04-07 06:54:10.761  1129  1129 I apexd   : Processing compressed APEX /system/apex/com.android.ondevicepersonalization.capex
04-07 06:54:10.761  1129  1129 I apexd   : Decompressing/system/apex/com.android.ondevicepersonalization.capex to /data/apex/decompressed/com.android.ondevicepersonalization@360799999.decompressed.apex
04-07 06:54:10.929  1129  1129 I apexd   : Processing compressed APEX /system/apex/com.android.wifi.capex
04-07 06:54:10.929  1129  1129 I apexd   : Decompressing/system/apex/com.android.wifi.capex to /data/apex/decompressed/com.android.wifi@360799999.decompressed.apex
04-07 06:54:11.052  1129  1129 I apexd   : Processing compressed APEX /system/apex/com.android.media.capex
04-07 06:54:11.052  1129  1129 I apexd   : Decompressing/system/apex/com.android.media.capex to /data/apex/decompressed/com.android.media@360799999.decompressed.apex
04-07 06:54:11.129  1129  1129 I apexd   : Processing compressed APEX /system/apex/com.android.appsearch.capex
04-07 06:54:11.129  1129  1129 I apexd   : Decompressing/system/apex/com.android.appsearch.capex to /data/apex/decompressed/com.android.appsearch@360799999.decompressed.apex
04-07 06:54:11.185  1129  1129 I apexd   : Processing compressed APEX /system/apex/com.android.cellbroadcast.capex
04-07 06:54:11.185  1129  1129 I apexd   : Decompressing/system/apex/com.android.cellbroadcast.capex to /data/apex/decompressed/com.android.cellbroadcast@360799999.decompressed.apex
04-07 06:54:11.380  1129  1129 I apexd   : Processing compressed APEX /system/apex/com.android.neuralnetworks.capex
04-07 06:54:11.380  1129  1129 I apexd   : Decompressing/system/apex/com.android.neuralnetworks.capex to /data/apex/decompressed/com.android.neuralnetworks@360799999.decompressed.apex
04-07 06:54:11.438  1129  1129 I apexd   : Processing compressed APEX /system/apex/com.android.adservices.capex
04-07 06:54:11.438  1129  1129 I apexd   : Decompressing/system/apex/com.android.adservices.capex to /data/apex/decompressed/com.android.adservices@360799999.decompressed.apex
04-07 06:54:11.700  1129  1129 I apexd   : Processing compressed APEX /system/apex/com.android.configinfrastructure.capex
04-07 06:54:11.700  1129  1129 I apexd   : Decompressing/system/apex/com.android.configinfrastructure.capex to /data/apex/decompressed/com.android.configinfrastructure@360799999.decompressed.apex
04-07 06:54:11.832  1129  1129 I apexd   : Processing compressed APEX /system/apex/com.android.permission.capex
04-07 06:54:11.832  1129  1129 I apexd   : Decompressing/system/apex/com.android.permission.capex to /data/apex/decompressed/com.android.permission@360799999.decompressed.apex
04-07 06:54:12.126  1129  1129 I apexd   : Processing compressed APEX /system/apex/com.android.art.capex
04-07 06:54:12.126  1129  1129 I apexd   : Decompressing/system/apex/com.android.art.capex to /data/apex/decompressed/com.android.art@360799999.decompressed.apex
04-07 06:54:12.470  1129  1129 I apexd   : Processing compressed APEX /system/apex/com.android.conscrypt.capex
04-07 06:54:12.470  1129  1129 I apexd   : Decompressing/system/apex/com.android.conscrypt.capex to /data/apex/decompressed/com.android.conscrypt@360799999.decompressed.apex
04-07 06:54:12.508    86    86 E thermal_check_panel: count of panel in node is: 3
04-07 06:54:12.508    86    86 E thermal_check_panel: try to add of node panel:          
04-07 06:54:12.508    86    86 E thermal_check_panel: try to add of node panel: p        
04-07 06:54:12.508    86    86 E thermal_check_panel: try to add of node panel:         
04-07 06:54:12.508    86    86 E thermal_check_panel: count of panel in node PTR_ERR_prim_panel  is: 1069405224
04-07 06:54:12.508    86    86 E screen_state_check: prim_panel_event_notifier_register register succeed
04-07 06:54:12.529  1129  1129 I apexd   : Processing compressed APEX /system/apex/com.android.extservices.capex
04-07 06:54:12.529  1129  1129 I apexd   : Decompressing/system/apex/com.android.extservices.capex to /data/apex/decompressed/com.android.extservices@360799999.decompressed.apex
04-07 06:54:12.828  1129  1129 I apexd   : Processing compressed APEX /system/apex/com.android.uwb.capex
04-07 06:54:12.828  1129  1129 I apexd   : Decompressing/system/apex/com.android.uwb.capex to /data/apex/decompressed/com.android.uwb@360799999.decompressed.apex
04-07 06:54:12.908  1129  1129 I apexd   : Processing compressed APEX /system/apex/com.android.scheduling.capex
04-07 06:54:12.908  1129  1129 I apexd   : Decompressing/system/apex/com.android.scheduling.capex to /data/apex/decompressed/com.android.scheduling@360799999.decompressed.apex
04-07 06:54:12.914  1129  1129 I apexd   : Processing compressed APEX /system/apex/com.android.bt.capex
04-07 06:54:12.914  1129  1129 I apexd   : Decompressing/system/apex/com.android.bt.capex to /data/apex/decompressed/com.android.bt@360799999.decompressed.apex
04-07 06:54:13.186  1129  1129 I apexd   : Processing compressed APEX /system/apex/com.android.ipsec.capex
04-07 06:54:13.186  1129  1129 I apexd   : Decompressing/system/apex/com.android.ipsec.capex to /data/apex/decompressed/com.android.ipsec@360799999.decompressed.apex
04-07 06:54:13.198  1129  1129 I apexd   : Processing compressed APEX /system/apex/com.android.profiling.capex
04-07 06:54:13.198  1129  1129 I apexd   : Decompressing/system/apex/com.android.profiling.capex to /data/apex/decompressed/com.android.profiling@360799999.decompressed.apex
04-07 06:54:13.223  1170  1170 I loop4   : detected capacity change from 0 to 15880
04-07 06:54:13.224  1171  1171 I loop5   : detected capacity change from 0 to 9136
04-07 06:54:13.224  1176  1176 I loop6   : detected capacity change from 0 to 31248
04-07 06:54:13.225  1178  1178 I loop7   : detected capacity change from 0 to 19432
04-07 06:54:13.226  1179  1179 I loop8   : detected capacity change from 0 to 52896
04-07 06:54:13.227  1195  1195 I loop9   : detected capacity change from 0 to 9520
04-07 06:54:13.228  1182  1182 I loop10  : detected capacity change from 0 to 14320
04-07 06:54:13.228  1183  1183 I loop11  : detected capacity change from 0 to 3232
04-07 06:54:13.229  1175  1175 I loop12  : detected capacity change from 0 to 28120
04-07 06:54:13.229  1172  1172 I loop13  : detected capacity change from 0 to 58584
04-07 06:54:13.230  1173  1173 I loop14  : detected capacity change from 0 to 41912
04-07 06:54:13.230  1174  1174 I loop15  : detected capacity change from 0 to 1632
04-07 06:54:13.231  1180  1180 I loop16  : detected capacity change from 0 to 8128
04-07 06:54:13.231  1181  1181 I loop17  : detected capacity change from 0 to 21896
04-07 06:54:13.232  1187  1187 I loop18  : detected capacity change from 0 to 12040
04-07 06:54:13.232  1184  1184 I loop19  : detected capacity change from 0 to 5936
04-07 06:54:13.233  1191  1191 I loop20  : detected capacity change from 0 to 2760
04-07 06:54:13.233  1189  1189 I loop21  : detected capacity change from 0 to 8528
04-07 06:54:13.233  1185  1185 I loop22  : detected capacity change from 0 to 536
04-07 06:54:13.234  1196  1196 I loop23  : detected capacity change from 0 to 12752
04-07 06:54:13.235  1194  1194 I loop24  : detected capacity change from 0 to 22960
04-07 06:54:13.235  1177  1177 I loop25  : detected capacity change from 0 to 720
04-07 06:54:13.235  1198  1198 I loop26  : detected capacity change from 0 to 8088
04-07 06:54:13.236  1186  1186 I loop27  : detected capacity change from 0 to 52256
04-07 06:54:13.236  1205  1205 I loop28  : detected capacity change from 0 to 72704
04-07 06:54:13.237  1200  1200 I loop29  : detected capacity change from 0 to 13648
04-07 06:54:13.237  1192  1192 I loop30  : detected capacity change from 0 to 56784
04-07 06:54:13.238  1197  1197 I loop31  : detected capacity change from 0 to 536
04-07 06:54:13.238  1202  1202 I loop32  : detected capacity change from 0 to 1656
04-07 06:54:13.238  1193  1193 I loop33  : detected capacity change from 0 to 178240
04-07 06:54:13.239  1188  1188 I loop34  : detected capacity change from 0 to 39536
04-07 06:54:13.239  1201  1201 I loop35  : detected capacity change from 0 to 45688
04-07 06:54:13.239  1199  1199 I loop36  : detected capacity change from 0 to 53992
04-07 06:54:13.240  1190  1190 I loop37  : detected capacity change from 0 to 47560
04-07 06:54:13.241  1207  1207 I loop38  : detected capacity change from 0 to 3736
04-07 06:54:13.241  1203  1203 I loop39  : detected capacity change from 0 to 10248
04-07 06:54:13.241  1204  1204 I loop40  : detected capacity change from 0 to 1672
04-07 06:54:13.242  1206  1206 I loop41  : detected capacity change from 0 to 536
04-07 06:54:13.245  1171  1171 I device-mapper: verity: sha256 using implementation "sha256-ce"
04-07 06:54:13.245  1179  1179 I device-mapper: verity: sha256 using implementation "sha256-ce"
04-07 06:54:13.246  1181  1181 I device-mapper: verity: sha256 using implementation "sha256-ce"
04-07 06:54:13.247  1172  1172 I device-mapper: verity: sha256 using implementation "sha256-ce"
04-07 06:54:13.249  1182  1182 I device-mapper: verity: sha256 using implementation "sha256-ce"
04-07 06:54:13.249  1173  1173 I device-mapper: verity: sha256 using implementation "sha256-ce"
04-07 06:54:13.250  1175  1175 I device-mapper: verity: sha256 using implementation "sha256-ce"
04-07 06:54:13.250  1176  1176 I EXT4-fs (loop6): mounted filesystem without journal. Quota mode: none.
04-07 06:54:13.251  1170  1170 I EXT4-fs (loop4): mounted filesystem without journal. Quota mode: none.
04-07 06:54:13.251  1183  1183 I device-mapper: verity: sha256 using implementation "sha256-ce"
04-07 06:54:13.253  1178  1178 I device-mapper: verity: sha256 using implementation "sha256-ce"
04-07 06:54:13.255  1171  1171 I EXT4-fs (dm-27): mounted filesystem without journal. Quota mode: none.
04-07 06:54:13.256  1175  1175 I EXT4-fs (dm-31): mounted filesystem without journal. Quota mode: none.
04-07 06:54:13.256  1173  1173 I EXT4-fs (dm-26): mounted filesystem without journal. Quota mode: none.
04-07 06:54:13.256  1172  1172 I EXT4-fs (dm-30): mounted filesystem without journal. Quota mode: none.
04-07 06:54:13.257  1180  1180 I EXT4-fs (loop16): mounted filesystem without journal. Quota mode: none.
04-07 06:54:13.258  1182  1182 I EXT4-fs (dm-28): mounted filesystem without journal. Quota mode: none.
04-07 06:54:13.258  1174  1174 I EXT4-fs (loop15): mounted filesystem without journal. Quota mode: none.
04-07 06:54:13.258  1183  1183 I EXT4-fs (dm-29): mounted filesystem without journal. Quota mode: none.
04-07 06:54:13.263  1181  1181 I EXT4-fs (dm-33): mounted filesystem without journal. Quota mode: none.
04-07 06:54:13.264  1188  1188 I device-mapper: verity: sha256 using implementation "sha256-ce"
04-07 06:54:13.264  1194  1194 I device-mapper: verity: sha256 using implementation "sha256-ce"
04-07 06:54:13.265  1205  1205 I EXT4-fs (loop28): mounted filesystem without journal. Quota mode: none.
04-07 06:54:13.265  1199  1199 I device-mapper: verity: sha256 using implementation "sha256-ce"
04-07 06:54:13.266  1178  1178 I EXT4-fs (dm-24): mounted filesystem without journal. Quota mode: none.
04-07 06:54:13.266  1179  1179 I EXT4-fs (dm-23): mounted filesystem without journal. Quota mode: none.
04-07 06:54:13.266  1189  1189 I device-mapper: verity: sha256 using implementation "sha256-ce"
04-07 06:54:13.266  1188  1188 I EXT4-fs (dm-40): mounted filesystem without journal. Quota mode: none.
04-07 06:54:13.269  1207  1207 I device-mapper: verity: sha256 using implementation "sha256-ce"
04-07 06:54:13.269  1203  1203 I device-mapper: verity: sha256 using implementation "sha256-ce"
04-07 06:54:13.270  1195  1195 I device-mapper: verity: sha256 using implementation "sha256-ce"
04-07 06:54:13.271  1200  1200 I device-mapper: verity: sha256 using implementation "sha256-ce"
04-07 06:54:13.272  1186  1186 I device-mapper: verity: sha256 using implementation "sha256-ce"
04-07 06:54:13.272  1197  1197 I device-mapper: verity: sha256 using implementation "sha256-ce"
04-07 06:54:13.272  1198  1198 I EXT4-fs (loop26): mounted filesystem without journal. Quota mode: none.
04-07 06:54:13.274  1192  1192 I device-mapper: verity: sha256 using implementation "sha256-ce"
04-07 06:54:13.276  1184  1184 I EXT4-fs (loop19): mounted filesystem without journal. Quota mode: none.
04-07 06:54:13.277  1202  1202 I device-mapper: verity: sha256 using implementation "sha256-ce"
04-07 06:54:13.278  1191  1191 I EXT4-fs (loop20): mounted filesystem without journal. Quota mode: none.
04-07 06:54:13.280  1186  1186 I EXT4-fs (dm-51): mounted filesystem without journal. Quota mode: none.
04-07 06:54:13.280  1197  1197 I EXT4-fs (dm-54): mounted filesystem without journal. Quota mode: none.
04-07 06:54:13.281  1204  1204 I EXT4-fs (loop40): mounted filesystem without journal. Quota mode: none.
04-07 06:54:13.281  1196  1196 I EXT4-fs (loop23): mounted filesystem without journal. Quota mode: none.
04-07 06:54:13.281  1194  1194 I EXT4-fs (dm-45): mounted filesystem without journal. Quota mode: none.
04-07 06:54:13.281  1207  1207 I EXT4-fs (dm-58): mounted filesystem without journal. Quota mode: none.
04-07 06:54:13.283  1199  1199 I EXT4-fs (dm-47): mounted filesystem without journal. Quota mode: none.
04-07 06:54:13.283  1190  1190 I device-mapper: verity: sha256 using implementation "sha256-ce"
04-07 06:54:13.283  1203  1203 I EXT4-fs (dm-49): mounted filesystem without journal. Quota mode: none.
04-07 06:54:13.283  1185  1185 I EXT4-fs (loop22): mounted filesystem without journal. Quota mode: none.
04-07 06:54:13.283  1187  1187 I device-mapper: verity: sha256 using implementation "sha256-ce"
04-07 06:54:13.284  1201  1201 I device-mapper: verity: sha256 using implementation "sha256-ce"
04-07 06:54:13.284  1189  1189 I EXT4-fs (dm-39): mounted filesystem without journal. Quota mode: none.
04-07 06:54:13.285  1177  1177 I device-mapper: verity: sha256 using implementation "sha256-ce"
04-07 06:54:13.286  1206  1206 I EXT4-fs (loop41): mounted filesystem without journal. Quota mode: none.
04-07 06:54:13.287  1202  1202 I EXT4-fs (dm-56): mounted filesystem without journal. Quota mode: none.
04-07 06:54:13.287  1192  1192 I EXT4-fs (dm-48): mounted filesystem without journal. Quota mode: none.
04-07 06:54:13.287  1195  1195 I EXT4-fs (dm-41): mounted filesystem without journal. Quota mode: none.
04-07 06:54:13.287  1190  1190 I EXT4-fs (dm-43): mounted filesystem without journal. Quota mode: none.
04-07 06:54:13.288  1193  1193 I EXT4-fs (loop33): mounted filesystem without journal. Quota mode: none.
04-07 06:54:13.288  1200  1200 I EXT4-fs (dm-52): mounted filesystem without journal. Quota mode: none.
04-07 06:54:13.289  1187  1187 I EXT4-fs (dm-36): mounted filesystem without journal. Quota mode: none.
04-07 06:54:13.290  1201  1201 I EXT4-fs (dm-55): mounted filesystem without journal. Quota mode: none.
04-07 06:54:13.291  1177  1177 I EXT4-fs (dm-25): mounted filesystem without journal. Quota mode: none.
04-07 06:54:13.293  1129  1129 I apexd   : Activated 38 packages.
04-07 06:54:13.293  1129  1129 I apexd   : OnStart done, duration=3817
04-07 06:54:13.293  1129  1129 I libbinder.AidlLazyServiceRegistrar: Registering service apexservice
04-07 06:54:13.294  1129  1129 I apexd   : Marking APEXd as activated
04-07 06:54:13.294   276   276 I init    : Wait for property 'apexd.status=activated' took 3701ms
04-07 06:54:13.294   474   474 I servicemanager: Notifying apexservice they do (previously: don't) have clients when service is guaranteed to be in use
04-07 06:54:13.295  1271  1271 I libbinder.AidlLazyServiceRegistrar: Process has 1 (of 1 available) client(s) in use after notification apexservice has clients: 1
04-07 06:54:13.295  1271  1271 I libbinder.AidlLazyServiceRegistrar: Shutdown prevented by forcePersist override flag.
04-07 06:54:13.295  1271  1271 I apexd   : getActivePackages received by ApexService
04-07 06:54:13.302   276   276 I init    : Wait for property 'keystore.module_hash.sent=true' took 7ms
04-07 06:54:13.331     1     1 I init    : Parsing file /apex/com.android.adbd/etc/init.rc...
04-07 06:54:13.331     1     1 I init    : Parsing file /apex/com.android.art/etc/init.rc...
04-07 06:54:13.332     1     1 I init    : Parsing file /apex/com.android.compos/etc/init.rc...
04-07 06:54:13.332     1     1 I init    : Parsing file /apex/com.android.configinfrastructure/etc/com.android.configinfrastrcture.init.rc...
04-07 06:54:13.332     1     1 I init    : Parsing file /apex/com.android.hardware.cas/etc/cas-default.rc...
04-07 06:54:13.333     1     1 I init    : Parsing file /apex/com.android.media.swcodec/etc/mediaswcodec.32rc...
04-07 06:54:13.333     1     1 I init    : Parsing file /apex/com.android.media/etc/mediatranscoding.32rc...
04-07 06:54:13.333     1     1 I init    : Parsing file /apex/com.android.os.statsd/etc/init.rc...
04-07 06:54:13.334     1     1 I init    : Parsing file /apex/com.android.sdkext/etc/derive_classpath.rc...
04-07 06:54:13.334     1     1 I init    : Parsing file /apex/com.android.sdkext/etc/derive_sdk.rc...
04-07 06:54:13.334     1     1 I init    : Parsing file /apex/com.android.tethering/etc/netbpfload.35rc...
04-07 06:54:13.334     1     1 I init    : Parsing file /apex/com.android.tethering/etc/ot-daemon.34rc...
04-07 06:54:13.335     1     1 I init    : Parsing file /apex/com.android.uprobestats/etc/init.rc...
04-07 06:54:13.335     1     1 I init    : Parsing file /apex/com.android.wifi/etc/mainline_supplicant.rc...
04-07 06:54:13.335     1     1 I init    : Parsing file /apex/com.google.android.widevine/etc/com.google.android.widevine.rc...
04-07 06:54:13.374     1     1 I init    : linkerconfig generated /linkerconfig with mounted APEX modules info
04-07 06:54:13.374     1     1 I init    : Command 'perform_apex_config' action=post-fs-data (/system/etc/init/hw/init.rc:1060) took 72ms and succeeded
04-07 06:54:13.374     1     1 I init    : starting service 'vendor.ipacm'...
04-07 06:54:13.377     1     1 I init    : ... started service 'vendor.ipacm' has pid 1274
04-07 06:54:13.377     1     1 I init    : starting service 'system_aconfigd_socket_service'...
04-07 06:54:13.378     1     1 I init    : Created socket '/dev/socket/aconfigd_system', mode 666, user 1000, group 1000
04-07 06:54:13.380     1     1 I init    : ... started service 'system_aconfigd_socket_service' has pid 1275
04-07 06:54:13.383     1     1 I init    : starting service 'mainline_aconfigd_init'...
04-07 06:54:13.386     1     1 I init    : ... started service 'mainline_aconfigd_init' has pid 1276
04-07 06:54:13.386     1     1 I init    : SVC_EXEC service 'mainline_aconfigd_init' pid 1276 (uid 1000 gid 1000+0 context default) started; waiting...
04-07 06:54:13.399     1     1 I init    : Service 'system_aconfigd_socket_service' (pid 1275) exited with status 0 oneshot service took 0.019000 seconds in background
04-07 06:54:13.399     1     1 I init    : Sending signal 9 to service 'system_aconfigd_socket_service' (pid 1275) process group...
04-07 06:54:13.399     1     1 I libprocessgroup: Removed cgroup /sys/fs/cgroup/system/uid_1000/pid_1275
04-07 06:54:13.403     1     1 I init    : Service 'vendor.ipacm' (pid 1274) exited with status 0
04-07 06:54:13.403     1     1 I init    : Sending signal 9 to service 'vendor.ipacm' (pid 1274) process group...
04-07 06:54:13.403     1     1 I libprocessgroup: Removed cgroup /sys/fs/cgroup/system/uid_1001/pid_1274
04-07 06:54:13.489     1     1 I init    : Service 'mainline_aconfigd_init' (pid 1276) exited with status 0 waiting took 0.104000 seconds
04-07 06:54:13.489     1     1 I init    : Sending signal 9 to service 'mainline_aconfigd_init' (pid 1276) process group...
04-07 06:54:13.489     1     1 I libprocessgroup: Removed cgroup /sys/fs/cgroup/system/uid_1000/pid_1276
04-07 06:54:13.490     1     1 I init    : starting service 'mainline_aconfigd_socket_service'...
04-07 06:54:13.490     1     1 I init    : Created socket '/dev/socket/aconfigd_mainline', mode 666, user 1000, group 1000
04-07 06:54:13.493     1     1 I init    : ... started service 'mainline_aconfigd_socket_service' has pid 1277
04-07 06:54:13.495     1     1 I init    : starting service 'derive_sdk'...
04-07 06:54:13.498     1     1 I init    : ... started service 'derive_sdk' has pid 1278
04-07 06:54:13.498     1     1 I init    : SVC_EXEC service 'derive_sdk' pid 1278 (uid 9999 gid 9999+0 context default) started; waiting...
04-07 06:54:13.507     1     1 I init    : Service 'mainline_aconfigd_socket_service' (pid 1277) exited with status 0 oneshot service took 0.016000 seconds in background
04-07 06:54:13.508     1     1 I init    : Sending signal 9 to service 'mainline_aconfigd_socket_service' (pid 1277) process group...
04-07 06:54:13.508     1     1 I libprocessgroup: Removed cgroup /sys/fs/cgroup/system/uid_1000/pid_1277
04-07 06:54:13.514     1     1 I init    : Service 'derive_sdk' (pid 1278) exited with status 0 waiting took 0.017000 seconds
04-07 06:54:13.514     1     1 I init    : Sending signal 9 to service 'derive_sdk' (pid 1278) process group...
04-07 06:54:13.514     1     1 I libprocessgroup: Removed cgroup /sys/fs/cgroup/system/uid_9999/pid_1278
04-07 06:54:13.515     1     1 I init    : starting service 'exec 9 (/system/bin/vdc --wait cryptfs init_user0)'...
04-07 06:54:13.517     1     1 I init    : ... started service 'exec 9 (/system/bin/vdc --wait cryptfs init_user0)' has pid 1279
04-07 06:54:13.517     1     1 I init    : SVC_EXEC service 'exec 9 (/system/bin/vdc --wait cryptfs init_user0)' pid 1279 (uid 0 gid 0+0 context default) started; waiting...
04-07 06:54:13.529  1279  1279 W vdc     : Thread Pool max thread count is 0. Cannot cache binder as linkToDeath cannot be implemented. serviceName: vold
04-07 06:54:13.529  1279  1279 D vdc     : Waited 0ms for vold
04-07 06:54:13.703     1     1 I init    : Service 'exec 9 (/system/bin/vdc --wait cryptfs init_user0)' (pid 1279) exited with status 0 waiting took 0.186000 seconds
04-07 06:54:13.703     1     1 I init    : Sending signal 9 to service 'exec 9 (/system/bin/vdc --wait cryptfs init_user0)' (pid 1279) process group...
04-07 06:54:13.703     1     1 I libprocessgroup: Removed cgroup /sys/fs/cgroup/system/uid_0/pid_1279
04-07 06:54:13.777     1     1 I selinux : SELinux: Skipping restorecon on directory(/data/system/shutdown-checkpoints)
04-07 06:54:13.807     1     1 I init    : Command 'restorecon --recursive --skip-ce /data' action=post-fs-data (/system/etc/init/hw/init.rc:1074) took 103ms and succeeded
04-07 06:54:13.807     1     1 I init    : starting service 'derive_classpath'...
04-07 06:54:13.810     1     1 I init    : ... started service 'derive_classpath' has pid 1281
04-07 06:54:13.810     1     1 I init    : SVC_EXEC service 'derive_classpath' pid 1281 (uid 1000 gid 1000+1 context default) started; waiting...
04-07 06:54:13.839     1     1 I init    : Service 'derive_classpath' (pid 1281) exited with status 0 waiting took 0.029000 seconds
04-07 06:54:13.839     1     1 I init    : Sending signal 9 to service 'derive_classpath' (pid 1281) process group...
04-07 06:54:13.839     1     1 I libprocessgroup: Removed cgroup /sys/fs/cgroup/system/uid_1000/pid_1281
04-07 06:54:13.840     1     1 I init    : starting service 'art_boot'...
04-07 06:54:13.843     1     1 I init    : ... started service 'art_boot' has pid 1282
04-07 06:54:13.843     1     1 I init    : SVC_EXEC service 'art_boot' pid 1282 (uid 0 gid 0+0 context default) started; waiting...
04-07 06:54:13.858     1     1 I init    : Service 'art_boot' (pid 1282) exited with status 0 waiting took 0.016000 seconds
04-07 06:54:13.858     1     1 I init    : Sending signal 9 to service 'art_boot' (pid 1282) process group...
04-07 06:54:13.858     1     1 I libprocessgroup: Removed cgroup /sys/fs/cgroup/system/uid_0/pid_1282
04-07 06:54:13.859     1     1 I init    : starting service 'odsign'...
04-07 06:54:13.862     1     1 I init    : ... started service 'odsign' has pid 1283
04-07 06:54:14.304  1283  1283 I fs-verity: sha256 using implementation "sha256-ce"
04-07 06:54:14.330   276   276 I init    : Wait for property 'odsign.key.done=1' took 468ms
04-07 06:54:14.331     1     1 I init    : starting service 'apexd-snapshotde'...
04-07 06:54:14.335     1     1 I init    : ... started service 'apexd-snapshotde' has pid 1286
04-07 06:54:14.335     1     1 I init    : SVC_EXEC service 'apexd-snapshotde' pid 1286 (uid 0 gid 1000+0 context default) started; waiting...
04-07 06:54:14.335     1     1 I init    : Sending signal 9 to service 'odsign' (pid 1283) process group...
04-07 06:54:14.336     1     1 I libprocessgroup: Removed cgroup /sys/fs/cgroup/system/uid_0/pid_1283
04-07 06:54:14.337     1     1 I init    : Control message: Processed ctl.stop for 'odsign' from pid: 1283 (/system/bin/odsign)
04-07 06:54:14.337     1     1 I init    : Service 'odsign' (pid 1283) received signal 9
04-07 06:54:14.337     1     1 I init    : Sending signal 9 to service 'odsign' (pid 1283) process group...
04-07 06:54:14.337     1     1 E libprocessgroup: Failed to write 1 to /sys/fs/cgroup/system/uid_0/pid_1283/cgroup.kill: No such file or directory
04-07 06:54:14.337     1     1 E libprocessgroup: Failed to open /sys/fs/cgroup/system/uid_0/pid_1283/cgroup.procs: No such file or directory
04-07 06:54:14.349  1286  1286 I apexd   : Started. subcommand = --snapshotde
04-07 06:54:14.349  1286  1286 W apexd-snapshotde: Thread Pool max thread count is 0. Cannot cache binder as linkToDeath cannot be implemented. serviceName: vold
04-07 06:54:14.350  1286  1286 I apexd-snapshotde: Marking APEXd as ready
04-07 06:54:14.351     1     1 I init    : Service 'apexd-snapshotde' (pid 1286) exited with status 0 waiting took 0.017000 seconds
04-07 06:54:14.351     1     1 I init    : Sending signal 9 to service 'apexd-snapshotde' (pid 1286) process group...
04-07 06:54:14.351     1     1 I libprocessgroup: Removed cgroup /sys/fs/cgroup/system/uid_0/pid_1286
04-07 06:54:14.365     1     1 I init    : processing action (post-fs-data) from (/system/etc/init/hw/init.rc:1414)
04-07 06:54:14.366     1     1 I init    : starting service 'exec 10 (/debug_ramdisk/magisk --post-fs-data)'...
04-07 06:54:14.368     1     1 I init    : ... started service 'exec 10 (/debug_ramdisk/magisk --post-fs-data)' has pid 1287
04-07 06:54:14.368     1     1 I init    : SVC_EXEC service 'exec 10 (/debug_ramdisk/magisk --post-fs-data)' pid 1287 (uid 0 gid 0+0 context u:r:magisk:s0) started; waiting...
04-07 06:54:14.476     1     1 I init    : Service 'exec 10 (/debug_ramdisk/magisk --post-fs-data)' (pid 1287) exited with status 0 waiting took 0.108000 seconds
04-07 06:54:14.476     1     1 I init    : Sending signal 9 to service 'exec 10 (/debug_ramdisk/magisk --post-fs-data)' (pid 1287) process group...
04-07 06:54:14.476     1     1 I libprocessgroup: Removed cgroup /sys/fs/cgroup/system/uid_0/pid_1287
04-07 06:54:14.476     1     1 I init    : processing action (post-fs-data) from (/system/etc/init/hw/init.usb.rc:6)
04-07 06:54:14.477     1     1 I init    : Encryption policy of /data/adb set to 8dc3a42eb9c2348794f54a0026fb5eaf v2 modes 1/4 flags 0xa
04-07 06:54:14.477     1     1 I init    : processing action (post-fs-data) from (/vendor/etc/init/hw/init.qcom.rc:281)
04-07 06:54:14.489     1     1 I init    : Command 'rm /data/vendor/radio/shmbus' action=post-fs-data (/vendor/etc/init/hw/init.qcom.rc:366) took 0ms and failed: unlink() failed: No such file or directory
04-07 06:54:14.493     1     1 I init    : Command 'rm /data/vendor/perfd/default_values' action=post-fs-data (/vendor/etc/init/hw/init.qcom.rc:419) took 0ms and failed: unlink() failed: No such file or directory
04-07 06:54:14.494     1     1 I init    : Command 'copy /vendor/radio/qcril_database/qcril.db /data/vendor/radio/qcril_prebuilt.db' action=post-fs-data (/vendor/etc/init/hw/init.qcom.rc:434) took 0ms and failed: Could not read input file '/vendor/radio/qcril_database/qcril.db': open() failed: No such file or directory
04-07 06:54:14.495     1     1 I init    : Command 'copy /vendor/radio/qcril_database/qcrilNr.db /data/vendor/radio/qcrilNr_prebuilt.db' action=post-fs-data (/vendor/etc/init/hw/init.qcom.rc:437) took 0ms and failed: Could not read input file '/vendor/radio/qcril_database/qcrilNr.db': open() failed: No such file or directory
04-07 06:54:14.510     1     1 I init    : processing action (post-fs-data) from (/vendor/etc/init/hw/init.target.rc:100)
04-07 06:54:14.528     1     1 I init    : processing action (post-fs-data) from (/vendor/etc/init/hw/init.target.rc:132)
04-07 06:54:14.528     1     1 I init    : starting service 'init_cplicense'...
04-07 06:54:14.531     1     1 I init    : ... started service 'init_cplicense' has pid 1292
04-07 06:54:14.531     1     1 I init    : processing action (post-fs-data) from (/vendor/etc/init/hw/init.target.rc:179)
04-07 06:54:14.531     1     1 I init    : processing action (post-fs-data) from (/vendor/etc/init/hw/init.qti.kernel.rc:114)
04-07 06:54:14.531     1     1 I init    : processing action (post-fs-data) from (/system/etc/init/bootstat.rc:9)
04-07 06:54:14.532     1     1 I init    : processing action (post-fs-data) from (/system/etc/init/gsid.rc:17)
04-07 06:54:14.532     1     1 I init    : Not setting encryption policy on: /data/gsi
04-07 06:54:14.533     1     1 I init    : processing action (post-fs-data) from (/system/etc/init/incidentd.rc:21)
04-07 06:54:14.533     1     1 I init    : processing action (post-fs-data) from (/system/etc/init/logtagd.rc:4)
04-07 06:54:14.534     1     1 I init    : processing action (post-fs-data) from (/system/etc/init/otapreopt.rc:3)
04-07 06:54:14.534     1     1 I init    : starting service 'exec 11 (/system/bin/otapreopt_slot)'...
04-07 06:54:14.537     1     1 I init    : ... started service 'exec 11 (/system/bin/otapreopt_slot)' has pid 1293
04-07 06:54:14.537     1     1 I init    : SVC_EXEC service 'exec 11 (/system/bin/otapreopt_slot)' pid 1293 (uid 0 gid 0+0 context default) started; waiting...
04-07 06:54:14.537     1     1 I init    : Service 'init_cplicense' (pid 1292) exited with status 127 oneshot service took 0.008000 seconds in background
04-07 06:54:14.537     1     1 I init    : Sending signal 9 to service 'init_cplicense' (pid 1292) process group...
04-07 06:54:14.538     1     1 I libprocessgroup: Removed cgroup /sys/fs/cgroup/system/uid_1000/pid_1292
04-07 06:54:14.564     1     1 I init    : Service 'exec 11 (/system/bin/otapreopt_slot)' (pid 1293) exited with status 0 waiting took 0.027000 seconds
04-07 06:54:14.564     1     1 I init    : Sending signal 9 to service 'exec 11 (/system/bin/otapreopt_slot)' (pid 1293) process group...
04-07 06:54:14.564     1     1 I libprocessgroup: Removed cgroup /sys/fs/cgroup/system/uid_0/pid_1293
04-07 06:54:14.564     1     1 E selinux : SELinux:  Could not stat /data/dalvik-cache/arm: No such file or directory.
04-07 06:54:14.564     1     1 E selinux : SELinux:  Could not stat /data/dalvik-cache/arm64: No such file or directory.
04-07 06:54:14.564     1     1 E selinux : SELinux:  Could not stat /data/dalvik-cache/riscv64: No such file or directory.
04-07 06:54:14.564     1     1 E selinux : SELinux:  Could not stat /data/dalvik-cache/x86: No such file or directory.
04-07 06:54:14.564     1     1 E selinux : SELinux:  Could not stat /data/dalvik-cache/x86_64: No such file or directory.
04-07 06:54:14.564     1     1 I init    : processing action (post-fs-data) from (/system/etc/init/perfetto.rc:103)
04-07 06:54:14.564     1     1 I init    : Command 'rm /data/misc/perfetto-traces/.guardraildata' action=post-fs-data (/system/etc/init/perfetto.rc:104) took 0ms and failed: unlink() failed: No such file or directory
04-07 06:54:14.564     1     1 I init    : processing action (post-fs-data) from (/system/etc/init/profcollectd.rc:9)
04-07 06:54:14.565     1     1 I init    : processing action (post-fs-data) from (/system/etc/init/recovery-persist.rc:1)
04-07 06:54:14.565     1     1 I init    : starting service 'exec 12 (/system/bin/recovery-persist)'...
04-07 06:54:14.567     1     1 I init    : ... started service 'exec 12 (/system/bin/recovery-persist)' has pid 1296
04-07 06:54:14.568     1     1 I init    : processing action (post-fs-data) from (/system/etc/init/wifi.rc:18)
04-07 06:54:14.568     1     1 I selinux : SELinux: Skipping restorecon on directory(/data/misc/apexdata/com.android.wifi)
04-07 06:54:14.568     1     1 I init    : processing action (post-fs-data) from (/system_ext/etc/init/adb_root.rc:6)
04-07 06:54:14.568     1     1 W init    : Top-level directory needs encryption action, eg mkdir /data/adbroot <mode> <uid> <gid> encryption=Require
04-07 06:54:14.569     1     1 I init    : Encryption policy of /data/adbroot set to 8dc3a42eb9c2348794f54a0026fb5eaf v2 modes 1/4 flags 0xa
04-07 06:54:14.569     1     1 I init    : processing action (post-fs-data) from (/system_ext/etc/init/init.lineage-updater.rc:1)
04-07 06:54:14.569     1     1 I init    : Encryption policy of /data/lineageos_updates set to 8dc3a42eb9c2348794f54a0026fb5eaf v2 modes 1/4 flags 0xa
04-07 06:54:14.569     1     1 I init    : processing action (post-fs-data) from (/system_ext/etc/init/vendor.qti.hardware.qccsyshal@1.2-service.rc:7)
04-07 06:54:14.570     1     1 I init    : processing action (post-fs-data) from (/vendor/etc/init/dataqti.rc:8)
04-07 06:54:14.570     1     1 I init    : processing action (post-fs-data) from (/vendor/etc/init/hostapd.android.rc:9)
04-07 06:54:14.571     1     1 I init    : processing action (post-fs-data) from (/vendor/etc/init/imsdaemon.rc:7)
04-07 06:54:14.571     1     1 I init    : processing action (post-fs-data) from (/vendor/etc/init/init.mi_thermald.rc:19)
04-07 06:54:14.572     1     1 I init    : processing action (post-fs-data) from (/vendor/etc/init/init.qccvendor.rc:5)
04-07 06:54:14.574     1     1 I init    : processing action (post-fs-data) from (/vendor/etc/init/init.qti.display_boot.rc:36)
04-07 06:54:14.574     1     1 I init    : starting service 'qti_display_boot'...
04-07 06:54:14.577     1     1 I init    : ... started service 'qti_display_boot' has pid 1297
04-07 06:54:14.577     1     1 I init    : processing action (post-fs-data) from (/vendor/etc/init/init.qti.media.rc:48)
