01-07 23:17:43.057  2378  5096 W ContextImpl: Calling a method in the system process without a qualified user: android.app.ContextImpl.sendBroadcastMultiplePermissions:1352 com.android.server.TelephonyRegistry.broadcastServiceStateChanged:4164 com.android.server.TelephonyRegistry.notifyServiceStateForPhoneId:1848 com.android.internal.telephony.ITelephonyRegistry$Stub.onTransact:613 android.os.Binder.execTransactInternal:1421 
01-07 23:17:43.059  2378  5096 W ContextImpl: Calling a method in the system process without a qualified user: android.app.ContextImpl.sendBroadcastMultiplePermissions:1352 com.android.server.TelephonyRegistry.broadcastServiceStateChanged:4173 com.android.server.TelephonyRegistry.notifyServiceStateForPhoneId:1848 com.android.internal.telephony.ITelephonyRegistry$Stub.onTransact:613 android.os.Binder.execTransactInternal:1421 
01-07 23:17:43.060  2378  5096 W ContextImpl: Calling a method in the system process without a qualified user: android.app.ContextImpl.sendBroadcastMultiplePermissions:1352 com.android.server.TelephonyRegistry.broadcastServiceStateChanged:4179 com.android.server.TelephonyRegistry.notifyServiceStateForPhoneId:1848 com.android.internal.telephony.ITelephonyRegistry$Stub.onTransact:613 android.os.Binder.execTransactInternal:1421 
01-07 23:17:31.064  4799  4799 I adsp_sleepmon: Audio: num_sessions=0,num_lpi_sessions=0,timer_pending=1
01-07 23:17:43.068  2378  2516 D ActivityManager: sync unfroze 3775 com.android.cellbroadcastreceiver.module for 3
01-07 23:17:43.077  2378  2507 V WindowManager: Sent Transition (#23) createdAt=01-07 23:17:43.016 via request=TransitionRequestInfo { type = PREDICTIVE_BACK, triggerTask = null, pipChange = null, remoteTransition = null, displayChange = null, flags = 0, debugId = 23 }
01-07 23:17:43.077  2378  2507 V WindowManager:     startWCT=WindowContainerTransaction { changes= {} hops= [] errorCallbackToken=null taskFragmentOrganizer=null }
01-07 23:17:43.077  2378  2507 V WindowManager:     info={id=23 t=PREDICTIVE_BACK f=0x0 trk=0 r=[0@Point(0, 0)] c=[
01-07 23:17:43.077  2378  2507 V WindowManager:         {m=CHANGE f=FILLS_TASK|FLAG_BACK_GESTURE_ANIMATED leash=Surface(name=ActivityRecord{24965759 u0 com.android.settings/.SubSettings)/@0xaf0b857 sb=Rect(0, 0 - 720, 1640) eb=Rect(0, 0 - 720, 1640) epz=Point(720, 1640) d=0 bc=ff1b2122 component=com.android.settings/.SubSettings opt={t=FROM_STYLE mUserId=0}},
01-07 23:17:43.077  2378  2507 V WindowManager:         {m=TO_FRONT f=FILLS_TASK|IS_OCCLUDED|FLAG_BACK_GESTURE_ANIMATED leash=Surface(name=ActivityRecord{190537358 u0 com.android.settings/.Settings)/@0xf873dd6 sb=Rect(0, 0 - 720, 1640) eb=Rect(0, 0 - 720, 1640) epz=Point(720, 1640) d=0 bc=ff1b2122 component=com.android.settings/.homepage.SettingsHomepageActivity opt={t=FROM_STYLE mUserId=0}}
01-07 23:17:43.077  2378  2507 V WindowManager:     ]}
01-07 23:17:43.078  3313  4301 V WindowManagerShell: onTransitionReady(transaction=10213432231364)
01-07 23:17:43.082  3313  3356 V WindowManagerShell: onTransitionReady (#23) android.os.BinderProxy@1c8258e: {id=23 t=PREDICTIVE_BACK f=0x0 trk=0 r=[0@Point(0, 0)] c=[
01-07 23:17:43.082  3313  3356 V WindowManagerShell:         {m=CHANGE f=FILLS_TASK|FLAG_BACK_GESTURE_ANIMATED leash=Surface(name=ActivityRecord{24965759 u0 com.android.settings/.SubSettings)/@0xbdd5743 sb=Rect(0, 0 - 720, 1640) eb=Rect(0, 0 - 720, 1640) epz=Point(720, 1640) d=0 bc=ff1b2122 component=com.android.settings/.SubSettings opt={t=FROM_STYLE mUserId=0}},
01-07 23:17:43.082  3313  3356 V WindowManagerShell:         {m=TO_FRONT f=FILLS_TASK|IS_OCCLUDED|FLAG_BACK_GESTURE_ANIMATED leash=Surface(name=ActivityRecord{190537358 u0 com.android.settings/.Settings)/@0xea6c1c0 sb=Rect(0, 0 - 720, 1640) eb=Rect(0, 0 - 720, 1640) epz=Point(720, 1640) d=0 bc=ff1b2122 component=com.android.settings/.homepage.SettingsHomepageActivity opt={t=FROM_STYLE mUserId=0}}
01-07 23:17:43.082  3313  3356 V WindowManagerShell:     ]}
01-07 23:17:43.083  3313  3356 V WindowManagerShell: Playing animation for (#23) android.os.BinderProxy@1c8258e@0
01-07 23:17:43.083  3313  3356 V WindowManagerShell:  try firstHandler com.android.wm.shell.back.BackAnimationController$BackTransitionHandler@ba4c1b5
01-07 23:17:43.084  3313  3356 V ShellRecents: No matching remote found to takeover (#23)
01-07 23:17:43.084  3313  3356 D ShellBackPreview: BackAnimationController: startAnimation()
01-07 23:17:43.085  3313  3356 D ShellBackPreview: Start back to activity animation.
01-07 23:17:31.083  4799  4799 I adsp_sleepmon: Audio: num_sessions=1,num_lpi_sessions=0,timer_pending=0
01-07 23:17:43.089  3313  3356 V WindowManagerShell:  animated by firstHandler
01-07 23:17:31.090  4799  4799 I adsp_sleepmon: Audio: num_sessions=0,num_lpi_sessions=0,timer_pending=1
01-07 23:17:31.106   932   932 D [FTS_TS]fts_input_report_b: [B]P0 UP!
01-07 23:17:31.106   932   932 D [FTS_TS]fts_input_report_b: [B]Points All Up!
01-07 23:17:31.107  4799  4799 I adsp_sleepmon: Audio: num_sessions=1,num_lpi_sessions=0,timer_pending=0
01-07 23:17:31.109  4799  4799 I adsp_sleepmon: Audio: num_sessions=0,num_lpi_sessions=0,timer_pending=1
01-07 23:17:43.110  3313  3356 D ShellBackPreview: Finishing gesture with event action: 1
01-07 23:17:43.110  3313  3356 D ShellBackPreview: onGestureFinished() mTriggerBack == true
01-07 23:17:43.111  3313  3356 D ShellBackPreview: BackAnimationController: startPostCommitAnimation()
01-07 23:17:43.119  2378  5198 D CoreBackPreview: Setting Activity.mLauncherTaskBehind to false. Activity=ActivityRecord{190537358 u0 com.android.settings/.Settings t9}
01-07 23:17:43.123  3313  3356 V WindowManagerShell: Transition requested (#24): android.os.BinderProxy@658726d TransitionRequestInfo { type = CLOSE, triggerTask = null, pipChange = null, remoteTransition = null, displayChange = null, flags = 0, debugId = 24 }
01-07 23:17:31.126  4799  4799 I adsp_sleepmon: Audio: num_sessions=1,num_lpi_sessions=0,timer_pending=0
01-07 23:17:43.124  3313  3356 V WindowManagerShell: Transition (#24): request handled by BackAnimationController$BackTransitionHandler
01-07 23:17:31.132  4799  4799 I adsp_sleepmon: Audio: num_sessions=0,num_lpi_sessions=0,timer_pending=1
01-07 23:17:43.133  2378  3259 D BackgroundInstallControlService: Package event received: 0
01-07 23:17:43.138  2378  3259 D BackgroundInstallControlService: Package event received: 0
01-07 23:17:43.139  2378  3259 D BackgroundInstallControlService: Package event received: 0
01-07 23:17:43.139  2378  2493 D CoreBackPreview: onTransactionReady, opening: [ActivityRecord{190537358 u0 com.android.settings/.Settings t9}], closing: [ActivityRecord{24965759 u0 com.android.settings/.SubSettings t9 f}}], animating: AnimationTargets{ openTarget= {ActivityRecord{190537358 u0 com.android.settings/.Settings t9}} closeTarget= ActivityRecord{24965759 u0 com.android.settings/.SubSettings t9 f}} mSwitchType= 2 mComposed= true mWaitTransition= false}, match: true
01-07 23:17:43.142  3313  3741 V WindowManagerShell: onTransitionReady(transaction=10213432231373)
01-07 23:17:43.143  3313  3356 V WindowManagerShell: onTransitionReady (#24) android.os.BinderProxy@658726d: {id=24 t=CLOSE f=0x0 trk=0 r=[0@Point(0, 0)] c=[
01-07 23:17:43.143  3313  3356 V WindowManagerShell:         {m=CLOSE f=FILLS_TASK|IS_OCCLUDED|FLAG_BACK_GESTURE_ANIMATED leash=Surface(name=ActivityRecord{24965759 u0 com.android.settings/.SubSettings)/@0x3d41ea2 sb=Rect(0, 0 - 720, 1640) eb=Rect(0, 0 - 720, 1640) epz=Point(720, 1640) d=0 bc=ff1b2122 component=com.android.settings/.SubSettings opt={t=FROM_STYLE mUserId=0}},
01-07 23:17:43.143  3313  3356 V WindowManagerShell:         {m=TO_FRONT f=FILLS_TASK|FLAG_BACK_GESTURE_ANIMATED leash=Surface(name=ActivityRecord{190537358 u0 com.android.settings/.Settings)/@0x5f29733 sb=Rect(0, 0 - 720, 1640) eb=Rect(0, 0 - 720, 1640) epz=Point(720, 1640) d=0 bc=ff1b2122 component=com.android.settings/.homepage.SettingsHomepageActivity opt={t=FROM_STYLE mUserId=0}}
01-07 23:17:43.143  3313  3356 V WindowManagerShell:     ]}
01-07 23:17:43.143  3313  3356 V WindowManagerShell: Transition (#24) android.os.BinderProxy@658726d@0 ready while (#23) android.os.BinderProxy@1c8258e@0 is still animating. Notify the animating transition in case they can be merged
01-07 23:17:43.143  3313  3356 D ShellBackPreview: Back animation transition, merge pending transitions result={id=24 t=CLOSE f=0x0 trk=0 r=[0@Point(0, 0)] c=[{m=CLOSE f=FILLS_TASK|IS_OCCLUDED|FLAG_BACK_GESTURE_ANIMATED leash=Surface(name=ActivityRecord{24965759 u0 com.android.settings/.SubSettings)/@0x3d41ea2 sb=Rect(0, 0 - 720, 1640) eb=Rect(0, 0 - 720, 1640) epz=Point(720, 1640) d=0 bc=ff1b2122 component=com.android.settings/.SubSettings opt={t=FROM_STYLE mUserId=0}},{m=TO_FRONT f=FILLS_TASK|FLAG_BACK_GESTURE_ANIMATED leash=Surface(name=ActivityRecord{190537358 u0 com.android.settings/.Settings)/@0x5f29733 sb=Rect(0, 0 - 720, 1640) eb=Rect(0, 0 - 720, 1640) epz=Point(720, 1640) d=0 bc=ff1b2122 component=com.android.settings/.homepage.SettingsHomepageActivity opt={t=FROM_STYLE mUserId=0}}]}
01-07 23:17:43.144  3313  3356 V WindowManagerShell: Transition was merged: (#24) android.os.BinderProxy@658726d@0 into (#23) android.os.BinderProxy@1c8258e@0
01-07 23:17:43.146  2378  2507 V WindowManager: Sent Transition (#24) createdAt=01-07 23:17:43.118 via request=TransitionRequestInfo { type = CLOSE, triggerTask = null, pipChange = null, remoteTransition = null, displayChange = null, flags = 0, debugId = 24 }
01-07 23:17:43.146  2378  2507 V WindowManager:     startWCT=WindowContainerTransaction { changes= {} hops= [] errorCallbackToken=null taskFragmentOrganizer=null }
01-07 23:17:43.146  2378  2507 V WindowManager:     info={id=24 t=CLOSE f=0x0 trk=0 r=[0@Point(0, 0)] c=[
01-07 23:17:43.146  2378  2507 V WindowManager:         {m=CLOSE f=FILLS_TASK|IS_OCCLUDED|FLAG_BACK_GESTURE_ANIMATED leash=Surface(name=ActivityRecord{24965759 u0 com.android.settings/.SubSettings)/@0xaf0b857 sb=Rect(0, 0 - 720, 1640) eb=Rect(0, 0 - 720, 1640) epz=Point(720, 1640) d=0 bc=ff1b2122 component=com.android.settings/.SubSettings opt={t=FROM_STYLE mUserId=0}},
01-07 23:17:43.146  2378  2507 V WindowManager:         {m=TO_FRONT f=FILLS_TASK|FLAG_BACK_GESTURE_ANIMATED leash=Surface(name=ActivityRecord{190537358 u0 com.android.settings/.Settings)/@0xf873dd6 sb=Rect(0, 0 - 720, 1640) eb=Rect(0, 0 - 720, 1640) epz=Point(720, 1640) d=0 bc=ff1b2122 component=com.android.settings/.homepage.SettingsHomepageActivity opt={t=FROM_STYLE mUserId=0}}
01-07 23:17:43.146  2378  2507 V WindowManager:     ]}
01-07 23:17:31.149  4799  4799 I adsp_sleepmon: Audio: num_sessions=1,num_lpi_sessions=0,timer_pending=0
01-07 23:17:31.152  4799  4799 I adsp_sleepmon: Audio: num_sessions=0,num_lpi_sessions=0,timer_pending=1
01-07 23:17:31.168  4799  4799 I adsp_sleepmon: Audio: num_sessions=1,num_lpi_sessions=0,timer_pending=0
01-07 23:17:31.174  1382  1382 E BATTERY_CHG: battery_psy_get_prop: vbat_uv(3741761), ui_soc(3685), raw_soc(3685), soc_reduce(1), capacity_level(3)
01-07 23:17:31.176  4799  4799 I adsp_sleepmon: Audio: num_sessions=0,num_lpi_sessions=0,timer_pending=1
01-07 23:17:31.178  1382  1382 W healthd : battery l=37 v=3741 t=30.0 h=2 st=2 c=-575264 fc=5160000 cc=72 chg=u
01-07 23:17:43.190  2378  5096 D StorageStatsService: getFreeBytes: 1524686848
01-07 23:17:31.197  1382  1382 E BATTERY_CHG: battery_psy_get_prop: vbat_uv(3741761), ui_soc(3685), raw_soc(3685), soc_reduce(1), capacity_level(3)
01-07 23:17:31.204  4799  4799 I adsp_sleepmon: Audio: num_sessions=1,num_lpi_sessions=0,timer_pending=0
01-07 23:17:31.211  4799  4799 I adsp_sleepmon: Audio: num_sessions=0,num_lpi_sessions=0,timer_pending=1
01-07 23:17:31.228   457   457 I servicemanager: Caller(pid=4909,uid=10160,sid=u:r:rkpdapp:s0:c160,c256,c512,c768) Since 'android.hardware.drm.IDrmFactory/wfdhdcp' could not be found trying to start it as a lazy AIDL service. (if it's not configured to be a lazy service, it may be stuck starting or still starting).
01-07 23:17:31.229  4799  4799 I adsp_sleepmon: Audio: num_sessions=1,num_lpi_sessions=0,timer_pending=0
01-07 23:17:31.229     1     1 E init    : Control message: Could not find 'aidl/android.hardware.drm.IDrmFactory/wfdhdcp' for ctl.interface_start from pid: 457 (/system/bin/servicemanager)
01-07 23:17:31.230  5749  5749 I servicemanager: Caller(pid=4909,uid=10160,sid=u:r:rkpdapp:s0:c160,c256,c512,c768) Tried to start aidl service android.hardware.drm.IDrmFactory/wfdhdcp as a lazy service, but was unable to. Usually this happens when a service is not installed, but if the service is intended to be used as a lazy service, then it may be configured incorrectly.
01-07 23:17:31.236  4799  4799 I adsp_sleepmon: Audio: num_sessions=0,num_lpi_sessions=0,timer_pending=1
01-07 23:17:31.255  4799  4799 I adsp_sleepmon: Audio: num_sessions=1,num_lpi_sessions=0,timer_pending=0
01-07 23:17:31.258  4799  4799 I adsp_sleepmon: Audio: num_sessions=0,num_lpi_sessions=0,timer_pending=1
01-07 23:17:31.274  4799  4799 I adsp_sleepmon: Audio: num_sessions=1,num_lpi_sessions=0,timer_pending=0
01-07 23:17:31.276  4799  4799 I adsp_sleepmon: Audio: num_sessions=0,num_lpi_sessions=0,timer_pending=1
01-07 23:17:31.292  4799  4799 I adsp_sleepmon: Audio: num_sessions=1,num_lpi_sessions=0,timer_pending=0
01-07 23:17:31.295  4799  4799 I adsp_sleepmon: Audio: num_sessions=0,num_lpi_sessions=0,timer_pending=1
01-07 23:17:31.304   457   457 I servicemanager: Caller(pid=2378,uid=1000,sid=u:r:system_server:s0) Since 'android.hardware.biometrics.fingerprint.virtualhal.IVirtualHal/virtual' could not be found trying to start it as a lazy AIDL service. (if it's not configured to be a lazy service, it may be stuck starting or still starting).
01-07 23:17:31.306     1     1 E init    : Control message: Could not find 'aidl/android.hardware.biometrics.fingerprint.virtualhal.IVirtualHal/virtual' for ctl.interface_start from pid: 457 (/system/bin/servicemanager)
01-07 23:17:31.306  4799  4799 I adsp_sleepmon: Audio: num_sessions=1,num_lpi_sessions=0,timer_pending=0
01-07 23:17:31.308  5750  5750 I servicemanager: Caller(pid=2378,uid=1000,sid=u:r:system_server:s0) Tried to start aidl service android.hardware.biometrics.fingerprint.virtualhal.IVirtualHal/virtual as a lazy service, but was unable to. Usually this happens when a service is not installed, but if the service is intended to be used as a lazy service, then it may be configured incorrectly.
01-07 23:17:31.309  4799  4799 I adsp_sleepmon: Audio: num_sessions=0,num_lpi_sessions=0,timer_pending=1
01-07 23:17:31.318  4799  4799 I adsp_sleepmon: Audio: num_sessions=1,num_lpi_sessions=0,timer_pending=0
01-07 23:17:31.320  4799  4799 I adsp_sleepmon: Audio: num_sessions=0,num_lpi_sessions=0,timer_pending=1
01-07 23:17:31.342  4799  4799 I adsp_sleepmon: Audio: num_sessions=1,num_lpi_sessions=0,timer_pending=0
01-07 23:17:31.349  4799  4799 I adsp_sleepmon: Audio: num_sessions=0,num_lpi_sessions=0,timer_pending=1
01-07 23:17:31.365  4799  4799 I adsp_sleepmon: Audio: num_sessions=1,num_lpi_sessions=0,timer_pending=0
01-07 23:17:31.368  4799  4799 I adsp_sleepmon: Audio: num_sessions=0,num_lpi_sessions=0,timer_pending=1
01-07 23:17:43.378  2378  5198 W WindowManager: Failed looking up window session=Session{55dd816 3313:u0a10130} callers=com.android.server.wm.WindowManagerService.removeClientToken:2135 com.android.server.wm.Session.remove:270 android.view.IWindowSession$Stub.onTransact:696 
01-07 23:17:31.382  4799  4799 I adsp_sleepmon: Audio: num_sessions=1,num_lpi_sessions=0,timer_pending=0
01-07 23:17:31.388  4799  4799 I adsp_sleepmon: Audio: num_sessions=0,num_lpi_sessions=0,timer_pending=1
01-07 23:17:31.401  4799  4799 I adsp_sleepmon: Audio: num_sessions=1,num_lpi_sessions=0,timer_pending=0
01-07 23:17:31.404  4799  4799 I adsp_sleepmon: Audio: num_sessions=0,num_lpi_sessions=0,timer_pending=1
01-07 23:17:31.419  4799  4799 I adsp_sleepmon: Audio: num_sessions=1,num_lpi_sessions=0,timer_pending=0
01-07 23:17:31.428  4799  4799 I adsp_sleepmon: Audio: num_sessions=0,num_lpi_sessions=0,timer_pending=1
01-07 23:17:31.446  4799  4799 I adsp_sleepmon: Audio: num_sessions=1,num_lpi_sessions=0,timer_pending=0
01-07 23:17:31.452  4799  4799 I adsp_sleepmon: Audio: num_sessions=0,num_lpi_sessions=0,timer_pending=1
01-07 23:17:31.462  4799  4799 I adsp_sleepmon: Audio: num_sessions=1,num_lpi_sessions=0,timer_pending=0
01-07 23:17:31.465  4799  4799 I adsp_sleepmon: Audio: num_sessions=0,num_lpi_sessions=0,timer_pending=1
01-07 23:17:31.476  4799  4799 I adsp_sleepmon: Audio: num_sessions=1,num_lpi_sessions=0,timer_pending=0
01-07 23:17:31.483  4799  4799 I adsp_sleepmon: Audio: num_sessions=0,num_lpi_sessions=0,timer_pending=1
01-07 23:17:31.495  4799  4799 I adsp_sleepmon: Audio: num_sessions=1,num_lpi_sessions=0,timer_pending=0
01-07 23:17:31.501  4799  4799 I adsp_sleepmon: Audio: num_sessions=0,num_lpi_sessions=0,timer_pending=1
01-07 23:17:31.519  4799  4799 I adsp_sleepmon: Audio: num_sessions=1,num_lpi_sessions=0,timer_pending=0
01-07 23:17:31.526  4799  4799 I adsp_sleepmon: Audio: num_sessions=0,num_lpi_sessions=0,timer_pending=1
01-07 23:17:31.538  4799  4799 I adsp_sleepmon: Audio: num_sessions=1,num_lpi_sessions=0,timer_pending=0
01-07 23:17:31.545  4799  4799 I adsp_sleepmon: Audio: num_sessions=0,num_lpi_sessions=0,timer_pending=1
01-07 23:17:31.562  4799  4799 I adsp_sleepmon: Audio: num_sessions=1,num_lpi_sessions=0,timer_pending=0
01-07 23:17:31.564  4799  4799 I adsp_sleepmon: Audio: num_sessions=0,num_lpi_sessions=0,timer_pending=1
01-07 23:17:43.569  3313  3356 D ShellBackPreview: BackAnimationController: onBackAnimationFinished()
01-07 23:17:43.570  3313  3356 D ShellBackPreview: BackAnimationController: finishBackNavigation()
01-07 23:17:43.570  3313  3356 D ShellBackPreview: resetTouchTracker -> no queued gesture
01-07 23:17:43.570  3313  3356 V WindowManagerShell: Transition animation finished (aborted=false), notifying core (#23) android.os.BinderProxy@1c8258e@0
01-07 23:17:43.571  2378  5096 D CoreBackPreview: onBackNavigationDone backType=2, triggerBack=true
01-07 23:17:43.572  2378  2507 V WindowManager: Finish Transition (#23): created at 01-07 23:17:43.016 collect-started=0.082ms request-sent=5.074ms started=24.571ms ready=24.507ms sent=58.675ms commit=12.418ms finished=555.619ms
01-07 23:17:43.576  2378  2507 V WindowManager: Finish Transition (#24): created at 01-07 23:17:43.118 collect-started=0.058ms request-sent=0.08ms started=8.836ms ready=18.792ms sent=22.424ms commit=20.588ms finished=456.426ms
01-07 23:17:31.577  4799  4799 I adsp_sleepmon: Audio: num_sessions=1,num_lpi_sessions=0,timer_pending=0
01-07 23:17:43.581  3313  3356 V WindowManagerShell: Track 0 became idle
01-07 23:17:43.581  3313  3356 V WindowManagerShell: All active transition animations finished
01-07 23:17:31.584  4799  4799 I adsp_sleepmon: Audio: num_sessions=0,num_lpi_sessions=0,timer_pending=1
01-07 23:17:43.594  2378  2493 D CoreBackPreview: Window{6408cfe u0 com.android.settings/com.android.settings.SubSettings}: Setting back callback null
01-07 23:17:31.599  4799  4799 I adsp_sleepmon: Audio: num_sessions=1,num_lpi_sessions=0,timer_pending=0
01-07 23:17:43.604  2378  3259 D BackgroundInstallControlService: Package event received: 0
01-07 23:17:31.603  4799  4799 I adsp_sleepmon: Audio: num_sessions=0,num_lpi_sessions=0,timer_pending=1
01-07 23:17:31.616  4799  4799 I adsp_sleepmon: Audio: num_sessions=1,num_lpi_sessions=0,timer_pending=0
01-07 23:17:31.621  4799  4799 I adsp_sleepmon: Audio: num_sessions=0,num_lpi_sessions=0,timer_pending=1
01-07 23:17:31.632  4799  4799 I adsp_sleepmon: Audio: num_sessions=1,num_lpi_sessions=0,timer_pending=0
01-07 23:17:31.634  4799  4799 I adsp_sleepmon: Audio: num_sessions=0,num_lpi_sessions=0,timer_pending=1
01-07 23:17:31.646  4799  4799 I adsp_sleepmon: Audio: num_sessions=1,num_lpi_sessions=0,timer_pending=0
01-07 23:17:31.652  4799  4799 I adsp_sleepmon: Audio: num_sessions=0,num_lpi_sessions=0,timer_pending=1
01-07 23:17:31.663  4799  4799 I adsp_sleepmon: Audio: num_sessions=1,num_lpi_sessions=0,timer_pending=0
01-07 23:17:31.665  4799  4799 I adsp_sleepmon: Audio: num_sessions=0,num_lpi_sessions=0,timer_pending=1
01-07 23:17:31.677  4799  4799 I adsp_sleepmon: Audio: num_sessions=1,num_lpi_sessions=0,timer_pending=0
01-07 23:17:31.683  4799  4799 I adsp_sleepmon: Audio: num_sessions=0,num_lpi_sessions=0,timer_pending=1
01-07 23:17:31.694  4799  4799 I adsp_sleepmon: Audio: num_sessions=1,num_lpi_sessions=0,timer_pending=0
01-07 23:17:31.697  4799  4799 I adsp_sleepmon: Audio: num_sessions=0,num_lpi_sessions=0,timer_pending=1
01-07 23:17:31.709  4799  4799 I adsp_sleepmon: Audio: num_sessions=1,num_lpi_sessions=0,timer_pending=0
01-07 23:17:31.716  4799  4799 I adsp_sleepmon: Audio: num_sessions=0,num_lpi_sessions=0,timer_pending=1
01-07 23:17:31.729  4799  4799 I adsp_sleepmon: Audio: num_sessions=1,num_lpi_sessions=0,timer_pending=0
01-07 23:17:31.730   932   932 D [FTS_TS]fts_input_report_b: [B]P0 UP!
01-07 23:17:31.730   932   932 D [FTS_TS]fts_input_report_b: [B]Points All Up!
01-07 23:17:31.732  4799  4799 I adsp_sleepmon: Audio: num_sessions=0,num_lpi_sessions=0,timer_pending=1
01-07 23:17:43.734  2378  2658 D ActivityManager: freezing 4555 com.android.contacts
01-07 23:17:43.744  2378  5120 W OptProp : Cannot read opt property android.window.PROPERTY_COMPAT_ALLOW_MIN_ASPECT_RATIO_OVERRIDE
01-07 23:17:43.745  2378  5120 W OptProp : Cannot read opt property android.window.PROPERTY_COMPAT_ALLOW_ORIENTATION_OVERRIDE
01-07 23:17:43.750  2378  5120 I ActivityTaskManager: START u0 {act=android.intent.action.MAIN xflg=0x4 cmp=com.android.settings/.SubSettings (has extras)} with LAUNCH_MULTIPLE from uid 1000 (sr=190537358) (BAL_ALLOW_VISIBLE_WINDOW) result code=0
01-07 23:17:43.751  3313  3356 V WindowManagerShell: Transition requested (#25): android.os.BinderProxy@67982ee TransitionRequestInfo { type = OPEN, triggerTask = TaskInfo{userId=0 taskId=9 effectiveUid=1000 displayId=0 isRunning=true baseIntent=Intent { act=android.intent.action.MAIN cat=[android.intent.category.LAUNCHER] flg=0x10200000 cmp=com.android.settings/.Settings } baseActivity=ComponentInfo{com.android.settings/com.android.settings.homepage.SettingsHomepageActivity} topActivity=ComponentInfo{com.android.settings/com.android.settings.SubSettings} origActivity=ComponentInfo{com.android.settings/com.android.settings.Settings} realActivity=ComponentInfo{com.android.settings/com.android.settings.homepage.SettingsHomepageActivity} numActivities=2 lastActiveTime=72743 supportsMultiWindow=true resizeMode=1 isResizeable=true minWidth=-1 minHeight=-1 defaultMinSize=220 token=WCT{android.window.IWindowContainerToken$Stub$Proxy@9b5738f} topActivityType=1 pictureInPictureParams=null shouldDockBigOverlays=false launchIntoPipHostTaskId=-1 lastParentTaskIdBeforePip=-1 displayCutoutSafeInsets=Rect(0, 0 - 0, 0) topActivityInfo=ActivityInfo{b11f61c com.android.settings.SubSettings} launchCookies=[android.os.BinderProxy@61412a8] positionInParent=Point(0, 0) parentTaskId=-1 isFocused=true isVisible=true isVisibleRequested=true isTopActivityNoDisplay=false isSleeping=false locusId=null displayAreaFeatureId=1 isTopActivityTransparent=false isActivityStackTransparent=false lastNonFullscreenBounds=Rect(185, 493 - 535, 1213) capturedLink=null capturedLinkTimestamp=0 requestedVisibleTypes=-9 topActivityRequestOpenInBrowserEducationTimestamp=0 appCompatTaskInfo=AppCompatTaskInfo { topActivityInSizeCompat=false eligibleForLetterboxEducation= false isLetterboxEducationEnabled= false isLetterboxDoubleTapEnabled= false eligibleForUserAspectRatioButton= false topActivityBoundsLetterboxed= false isFromLetterboxDoubleTap= false topActivityLetterboxVerticalPosition= -1 topActivityLetterboxHorizontalPosition= -1 topActivityLetterboxWidth=-1 topActivityLetterboxHeight=-1 topActivityAppBounds=Rect(0, 0 - 720, 1640) isUserFullscreenOverrideEnabled=false isSystemFullscreenOverrideEnabled=false hasMinAspectRatioOverride=false topActivityLetterboxBounds=null cameraCompatTaskInfo=CameraCompatTaskInfo { freeformCameraCompatMode=inactive}} topActivityMainWindowFrame=null}, pipChange = null, remoteTransition = null, displayChange = null, flags = 0, debugId = 25 }
01-07 23:17:43.751  3313  3356 D ShellSplitScreen: logExit: no-op, mLoggerSessionId is null
01-07 23:17:31.745  4799  4799 I adsp_sleepmon: Audio: num_sessions=1,num_lpi_sessions=0,timer_pending=0
01-07 23:17:31.752  4799  4799 I adsp_sleepmon: Audio: num_sessions=0,num_lpi_sessions=0,timer_pending=1
01-07 23:17:43.760  2378  3259 D BackgroundInstallControlService: Package event received: 0
01-07 23:17:43.762  2378  5120 W OptProp : Cannot read opt property android.window.PROPERTY_COMPAT_ALLOW_RESIZEABLE_ACTIVITY_OVERRIDES
01-07 23:17:43.767  2378  3259 D BackgroundInstallControlService: Package event received: 0
01-07 23:17:43.767  2378  3259 D BackgroundInstallControlService: Package event received: 0
01-07 23:17:31.770  4799  4799 I adsp_sleepmon: Audio: num_sessions=1,num_lpi_sessions=0,timer_pending=0
01-07 23:17:31.773  4799  4799 I adsp_sleepmon: Audio: num_sessions=0,num_lpi_sessions=0,timer_pending=1
01-07 23:17:31.786  4799  4799 I adsp_sleepmon: Audio: num_sessions=1,num_lpi_sessions=0,timer_pending=0
01-07 23:17:31.788  4799  4799 I adsp_sleepmon: Audio: num_sessions=0,num_lpi_sessions=0,timer_pending=1
01-07 23:17:31.802  4799  4799 I adsp_sleepmon: Audio: num_sessions=1,num_lpi_sessions=0,timer_pending=0
01-07 23:17:31.805  4799  4799 I adsp_sleepmon: Audio: num_sessions=0,num_lpi_sessions=0,timer_pending=1
01-07 23:17:43.813  2378  5096 E BiometricServiceRegistry: No sensors found
01-07 23:17:43.813  2378  5096 W FingerprintService: Null provider for isHardwareDetectedDeprecated, caller: com.android.settings
01-07 23:17:43.813  2378  2493 E BiometricServiceRegistry: No sensors found
01-07 23:17:43.813  2378  2493 W FingerprintService: Null provider for isHardwareDetectedDeprecated, caller: com.android.settings
01-07 23:17:31.820  4799  4799 I adsp_sleepmon: Audio: num_sessions=1,num_lpi_sessions=0,timer_pending=0
01-07 23:17:31.823  4799  4799 I adsp_sleepmon: Audio: num_sessions=0,num_lpi_sessions=0,timer_pending=1
01-07 23:17:31.839  4799  4799 I adsp_sleepmon: Audio: num_sessions=1,num_lpi_sessions=0,timer_pending=0
01-07 23:17:31.841  4799  4799 I adsp_sleepmon: Audio: num_sessions=0,num_lpi_sessions=0,timer_pending=1
01-07 23:17:43.842  2378  5096 I SystemUpdateManagerService: No existing info file /data/system/system-update-info.xml
01-07 23:17:43.844  2378  5132 E BiometricServiceRegistry: No sensors found
01-07 23:17:43.844  2378  5132 W FingerprintService: Null provider for isHardwareDetectedDeprecated, caller: com.android.settings
01-07 23:17:43.854  2378  5132 D CoreBackPreview: Window{e18d4b7 u0 com.android.settings/com.android.settings.SubSettings}: Setting back callback OnBackInvokedCallbackInfo{mCallback=android.window.IOnBackInvokedCallback$Stub$Proxy@5cf6b8d, mPriority=-1, mIsAnimationCallback=false, mOverrideBehavior=0}
01-07 23:17:31.856  4799  4799 I adsp_sleepmon: Audio: num_sessions=1,num_lpi_sessions=0,timer_pending=0
01-07 23:17:31.859  4799  4799 I adsp_sleepmon: Audio: num_sessions=0,num_lpi_sessions=0,timer_pending=1
01-07 23:17:31.873  4799  4799 I adsp_sleepmon: Audio: num_sessions=1,num_lpi_sessions=0,timer_pending=0
01-07 23:17:31.879  4799  4799 I adsp_sleepmon: Audio: num_sessions=0,num_lpi_sessions=0,timer_pending=1
01-07 23:17:31.894  4799  4799 I adsp_sleepmon: Audio: num_sessions=1,num_lpi_sessions=0,timer_pending=0
01-07 23:17:31.897  4799  4799 I adsp_sleepmon: Audio: num_sessions=0,num_lpi_sessions=0,timer_pending=1
01-07 23:17:31.914  4799  4799 I adsp_sleepmon: Audio: num_sessions=1,num_lpi_sessions=0,timer_pending=0
01-07 23:17:43.918  3313  4301 V WindowManagerShell: onTransitionReady(transaction=10213432231401)
01-07 23:17:43.919  3313  3356 V WindowManagerShell: onTransitionReady (#25) android.os.BinderProxy@67982ee: {id=25 t=OPEN f=0x0 trk=0 r=[0@Point(0, 0)] c=[
01-07 23:17:43.919  3313  3356 V WindowManagerShell:         {m=OPEN f=FILLS_TASK leash=Surface(name=ActivityRecord{37170345 u0 com.android.settings/.SubSettings)/@0x54a8225 sb=Rect(0, 0 - 0, 0) eb=Rect(0, 0 - 720, 1640) epz=Point(720, 1640) d=-1->0 r=-1->0:-1 bc=ff1b2122 component=com.android.settings/.SubSettings opt={t=FROM_STYLE mUserId=0}},
01-07 23:17:43.919  3313  3356 V WindowManagerShell:         {m=TO_BACK f=FILLS_TASK leash=Surface(name=ActivityRecord{190537358 u0 com.android.settings/.Settings)/@0x1fedffa sb=Rect(0, 0 - 720, 1640) eb=Rect(0, 0 - 720, 1640) epz=Point(720, 1640) d=0 bc=ff1b2122 component=com.android.settings/.homepage.SettingsHomepageActivity opt={t=FROM_STYLE mUserId=0}}
01-07 23:17:43.919  3313  3356 V WindowManagerShell:     ]}
01-07 23:17:43.920  3313  3356 V WindowManagerShell: Playing animation for (#25) android.os.BinderProxy@67982ee@0
01-07 23:17:43.920  3313  3356 V ShellRecents: RecentsTransitionHandler.startAnimation: no controller found
01-07 23:17:31.918  4799  4799 I adsp_sleepmon: Audio: num_sessions=0,num_lpi_sessions=0,timer_pending=1
01-07 23:17:43.920  3313  3356 V WindowManagerShell: Transition doesn't have explicit remote, search filters for match for {id=25 t=OPEN f=0x0 trk=0 r=[0@Point(0, 0)] c=[{m=OPEN f=FILLS_TASK leash=Surface(name=ActivityRecord{37170345 u0 com.android.settings/.SubSettings)/@0x54a8225 sb=Rect(0, 0 - 0, 0) eb=Rect(0, 0 - 720, 1640) epz=Point(720, 1640) d=-1->0 r=-1->0:-1 bc=ff1b2122 component=com.android.settings/.SubSettings opt={t=FROM_STYLE mUserId=0}},{m=TO_BACK f=FILLS_TASK leash=Surface(name=ActivityRecord{190537358 u0 com.android.settings/.Settings)/@0x1fedffa sb=Rect(0, 0 - 720, 1640) eb=Rect(0, 0 - 720, 1640) epz=Point(720, 1640) d=0 bc=ff1b2122 component=com.android.settings/.homepage.SettingsHomepageActivity opt={t=FROM_STYLE mUserId=0}}]}
01-07 23:17:43.921  3313  3356 V WindowManagerShell:  Checking filter Pair{{types=[] flags=0x0] notFlags=0x100 checks=[{atype=home independent=true modes=[OPEN,TO_FRONT] flags=NONE mustBeTask=false order=TOP topActivity=ComponentInfo{com.android.launcher3/com.android.launcher3.uioverrides.QuickstepLauncher} launchCookie=null windowingMode=undefined},{atype=standard independent=true modes=[CLOSE,TO_BACK] flags=NONE mustBeTask=false order=ANY topActivity=null launchCookie=null windowingMode=undefined},{NOT atype=undefined independent=true modes=[] flags=NONE mustBeTask=true order=ANY topActivity=null launchCookie=null customAnim=true windowingMode=undefined}]} RemoteTransition { remoteTransition = android.window.IRemoteTransition$Stub$Proxy@d433d67, appThread = android.app.IApplicationThread$Stub$Proxy@700b714, debugName = QuickstepLaunchHome }}
01-07 23:17:43.921  3313  3356 V WindowManagerShell:  Delegate animation for (#25) to null
01-07 23:17:43.921  3313  3356 V WindowManagerShell: start default transition animation, info = {id=25 t=OPEN f=0x0 trk=0 r=[0@Point(0, 0)] c=[{m=OPEN f=FILLS_TASK leash=Surface(name=ActivityRecord{37170345 u0 com.android.settings/.SubSettings)/@0x54a8225 sb=Rect(0, 0 - 0, 0) eb=Rect(0, 0 - 720, 1640) epz=Point(720, 1640) d=-1->0 r=-1->0:-1 bc=ff1b2122 component=com.android.settings/.SubSettings opt={t=FROM_STYLE mUserId=0}},{m=TO_BACK f=FILLS_TASK leash=Surface(name=ActivityRecord{190537358 u0 com.android.settings/.Settings)/@0x1fedffa sb=Rect(0, 0 - 720, 1640) eb=Rect(0, 0 - 720, 1640) epz=Point(720, 1640) d=0 bc=ff1b2122 component=com.android.settings/.homepage.SettingsHomepageActivity opt={t=FROM_STYLE mUserId=0}}]}
01-07 23:17:43.924  3313  3356 V WindowManagerShell: loadAnimation: anim=android.view.animation.AnimationSet@9e4587 animAttr=0x5 type=OPEN isEntrance=false
01-07 23:17:43.926  3313  3356 V WindowManagerShell: loadAnimation: anim=android.view.animation.AnimationSet@4e57452 animAttr=0x4 type=OPEN isEntrance=true
01-07 23:17:43.927  3313  3356 V WindowManagerShell:  animated by com.android.wm.shell.transition.DefaultTransitionHandler@5869ecc
01-07 23:17:43.930  2378  2507 V WindowManager: Sent Transition (#25) createdAt=01-07 23:17:43.743 via request=TransitionRequestInfo { type = OPEN, triggerTask = TaskInfo{userId=0 taskId=9 effectiveUid=1000 displayId=0 isRunning=true baseIntent=Intent { act=android.intent.action.MAIN cat=[android.intent.category.LAUNCHER] flg=0x10200000 cmp=com.android.settings/.Settings } baseActivity=ComponentInfo{com.android.settings/com.android.settings.homepage.SettingsHomepageActivity} topActivity=ComponentInfo{com.android.settings/com.android.settings.SubSettings} origActivity=ComponentInfo{com.android.settings/com.android.settings.Settings} realActivity=ComponentInfo{com.android.settings/com.android.settings.homepage.SettingsHomepageActivity} numActivities=2 lastActiveTime=72743 supportsMultiWindow=true resizeMode=1 isResizeable=true minWidth=-1 minHeight=-1 defaultMinSize=220 token=WCT{RemoteToken{24e7cfd Task{c8ab6af #9 type=standard A=1000:com.android.settings.root}}} topActivityType=1 pictureInPictureParams=null shouldDockBigOverlays=false launchIntoPipHostTaskId=-1 lastParentTaskIdBeforePip=-1 displayCutoutSafeInsets=Rect(0, 0 - 0, 0) topActivityInfo=ActivityInfo{7437f45 com.android.settings.SubSettings} launchCookies=[android.os.BinderProxy@f578c43] positionInParent=Point(0, 0) parentTaskId=-1 isFocused=true isVisible=true isVisibleRequested=true isTopActivityNoDisplay=false isSleeping=false locusId=null displayAreaFeatureId=1 isTopActivityTransparent=false isActivityStackTransparent=false lastNonFullscreenBounds=Rect(185, 493 - 535, 1213) capturedLink=null capturedLinkTimestamp=0 requestedVisibleTypes=-9 topActivityRequestOpenInBrowserEducationTimestamp=0 appCompatTaskInfo=AppCompatTaskInfo { topActivityInSizeCompat=false eligibleForLetterboxEducation= false isLetterboxEducationEnabled= false isLetterboxDoubleTapEnabled= false eligibleForUserAspectRatioButton= false topActivityBoundsLetterboxed= false isFromLetterboxDoubleTap= false topActivityLetterboxVerticalPosition= -1 topActivityLetterboxHorizontalPosition= -1 topActivityLetterboxWidth=-1 topActivityLetterboxHeight=-1 topActivityAppBounds=Rect(0, 0 - 720, 1640) isUserFullscreenOverrideEnabled=false isSystemFullscreenOverrideEnabled=false hasMinAspectRatioOverride=false topActivityLetterboxBounds=null cameraCompatTaskInfo=CameraCompatTaskInfo { freeformCameraCompatMode=inactive}} topActivityMainWindowFrame=null}, pipChange = null, remoteTransition = null, displayChange = null, flags = 0, debugId = 25 }
01-07 23:17:43.930  2378  2507 V WindowManager:     startWCT=WindowContainerTransaction { changes= {} hops= [] errorCallbackToken=null taskFragmentOrganizer=null }
01-07 23:17:43.930  2378  2507 V WindowManager:     info={id=25 t=OPEN f=0x0 trk=0 r=[0@Point(0, 0)] c=[
01-07 23:17:43.930  2378  2507 V WindowManager:         {m=OPEN f=FILLS_TASK leash=Surface(name=ActivityRecord{37170345 u0 com.android.settings/.SubSettings)/@0x903df8e sb=Rect(0, 0 - 0, 0) eb=Rect(0, 0 - 720, 1640) epz=Point(720, 1640) d=-1->0 r=-1->0:-1 bc=ff1b2122 component=com.android.settings/.SubSettings opt={t=FROM_STYLE mUserId=0}},
01-07 23:17:43.930  2378  2507 V WindowManager:         {m=TO_BACK f=FILLS_TASK leash=Surface(name=ActivityRecord{190537358 u0 com.android.settings/.Settings)/@0xf873dd6 sb=Rect(0, 0 - 720, 1640) eb=Rect(0, 0 - 720, 1640) epz=Point(720, 1640) d=0 bc=ff1b2122 component=com.android.settings/.homepage.SettingsHomepageActivity opt={t=FROM_STYLE mUserId=0}}
01-07 23:17:43.930  2378  2507 V WindowManager:     ]}
01-07 23:17:31.936  4799  4799 I adsp_sleepmon: Audio: num_sessions=1,num_lpi_sessions=0,timer_pending=0
01-07 23:17:31.939  4799  4799 I adsp_sleepmon: Audio: num_sessions=0,num_lpi_sessions=0,timer_pending=1
01-07 23:17:31.955  4799  4799 I adsp_sleepmon: Audio: num_sessions=1,num_lpi_sessions=0,timer_pending=0
01-07 23:17:31.958  4799  4799 I adsp_sleepmon: Audio: num_sessions=0,num_lpi_sessions=0,timer_pending=1
01-07 23:17:31.975  4799  4799 I adsp_sleepmon: Audio: num_sessions=1,num_lpi_sessions=0,timer_pending=0
01-07 23:17:31.978  4799  4799 I adsp_sleepmon: Audio: num_sessions=0,num_lpi_sessions=0,timer_pending=1
01-07 23:17:31.990  4799  4799 I adsp_sleepmon: Audio: num_sessions=1,num_lpi_sessions=0,timer_pending=0
01-07 23:17:31.992  4799  4799 I adsp_sleepmon: Audio: num_sessions=0,num_lpi_sessions=0,timer_pending=1
01-07 23:17:32.010  4799  4799 I adsp_sleepmon: Audio: num_sessions=1,num_lpi_sessions=0,timer_pending=0
01-07 23:17:32.016  4799  4799 I adsp_sleepmon: Audio: num_sessions=0,num_lpi_sessions=0,timer_pending=1
01-07 23:17:32.032  4799  4799 I adsp_sleepmon: Audio: num_sessions=1,num_lpi_sessions=0,timer_pending=0
01-07 23:17:32.035  4799  4799 I adsp_sleepmon: Audio: num_sessions=0,num_lpi_sessions=0,timer_pending=1
01-07 23:17:32.045  4799  4799 I adsp_sleepmon: Audio: num_sessions=1,num_lpi_sessions=0,timer_pending=0
01-07 23:17:32.052  4799  4799 I adsp_sleepmon: Audio: num_sessions=0,num_lpi_sessions=0,timer_pending=1
01-07 23:17:32.065  4799  4799 I adsp_sleepmon: Audio: num_sessions=1,num_lpi_sessions=0,timer_pending=0
01-07 23:17:32.068  4799  4799 I adsp_sleepmon: Audio: num_sessions=0,num_lpi_sessions=0,timer_pending=1
01-07 23:17:32.085  4799  4799 I adsp_sleepmon: Audio: num_sessions=1,num_lpi_sessions=0,timer_pending=0
01-07 23:17:32.087  4799  4799 I adsp_sleepmon: Audio: num_sessions=0,num_lpi_sessions=0,timer_pending=1
01-07 23:17:32.097  4799  4799 I adsp_sleepmon: Audio: num_sessions=1,num_lpi_sessions=0,timer_pending=0
01-07 23:17:32.101  4799  4799 I adsp_sleepmon: Audio: num_sessions=0,num_lpi_sessions=0,timer_pending=1
01-07 23:17:32.118  4799  4799 I adsp_sleepmon: Audio: num_sessions=1,num_lpi_sessions=0,timer_pending=0
01-07 23:17:32.120  4799  4799 I adsp_sleepmon: Audio: num_sessions=0,num_lpi_sessions=0,timer_pending=1
01-07 23:17:32.132  4799  4799 I adsp_sleepmon: Audio: num_sessions=1,num_lpi_sessions=0,timer_pending=0
01-07 23:17:32.138  4799  4799 I adsp_sleepmon: Audio: num_sessions=0,num_lpi_sessions=0,timer_pending=1
01-07 23:17:32.148  4799  4799 I adsp_sleepmon: Audio: num_sessions=1,num_lpi_sessions=0,timer_pending=0
01-07 23:17:32.151  4799  4799 I adsp_sleepmon: Audio: num_sessions=0,num_lpi_sessions=0,timer_pending=1
01-07 23:17:32.163  4799  4799 I adsp_sleepmon: Audio: num_sessions=1,num_lpi_sessions=0,timer_pending=0
01-07 23:17:32.166  4799  4799 I adsp_sleepmon: Audio: num_sessions=0,num_lpi_sessions=0,timer_pending=1
01-07 23:17:32.182  4799  4799 I adsp_sleepmon: Audio: num_sessions=1,num_lpi_sessions=0,timer_pending=0
01-07 23:17:32.184  4799  4799 I adsp_sleepmon: Audio: num_sessions=0,num_lpi_sessions=0,timer_pending=1
01-07 23:17:32.195  4799  4799 I adsp_sleepmon: Audio: num_sessions=1,num_lpi_sessions=0,timer_pending=0
01-07 23:17:32.198  4799  4799 I adsp_sleepmon: Audio: num_sessions=0,num_lpi_sessions=0,timer_pending=1
01-07 23:17:32.212  4799  4799 I adsp_sleepmon: Audio: num_sessions=1,num_lpi_sessions=0,timer_pending=0
01-07 23:17:32.214     1     1 I init    : Service 'exec 18 (/vendor/bin/init.qti.write.sh /sys/devices/virtual/cvp/cvp/boot 1)' (pid 1357) exited with status 1 oneshot service took 61.581001 seconds in background
01-07 23:17:32.214     1     1 I init    : Sending signal 9 to service 'exec 18 (/vendor/bin/init.qti.write.sh /sys/devices/virtual/cvp/cvp/boot 1)' (pid 1357) process group...
01-07 23:17:32.215     1     1 I libprocessgroup: Removed cgroup /sys/fs/cgroup/system/uid_0/pid_1357
01-07 23:17:32.216  4799  4799 I adsp_sleepmon: Audio: num_sessions=0,num_lpi_sessions=0,timer_pending=1
01-07 23:17:32.230  4799  4799 I adsp_sleepmon: Audio: num_sessions=1,num_lpi_sessions=0,timer_pending=0
01-07 23:17:32.231   457   457 I servicemanager: Caller(pid=4909,uid=10160,sid=u:r:rkpdapp:s0:c160,c256,c512,c768) Since 'android.hardware.drm.IDrmFactory/wfdhdcp' could not be found trying to start it as a lazy AIDL service. (if it's not configured to be a lazy service, it may be stuck starting or still starting).
01-07 23:17:32.233     1     1 E init    : Control message: Could not find 'aidl/android.hardware.drm.IDrmFactory/wfdhdcp' for ctl.interface_start from pid: 457 (/system/bin/servicemanager)
01-07 23:17:32.233  5762  5762 I servicemanager: Caller(pid=4909,uid=10160,sid=u:r:rkpdapp:s0:c160,c256,c512,c768) Tried to start aidl service android.hardware.drm.IDrmFactory/wfdhdcp as a lazy service, but was unable to. Usually this happens when a service is not installed, but if the service is intended to be used as a lazy service, then it may be configured incorrectly.
01-07 23:17:32.236  4799  4799 I adsp_sleepmon: Audio: num_sessions=0,num_lpi_sessions=0,timer_pending=1
01-07 23:17:32.250  4799  4799 I adsp_sleepmon: Audio: num_sessions=1,num_lpi_sessions=0,timer_pending=0
01-07 23:17:32.257  4799  4799 I adsp_sleepmon: Audio: num_sessions=0,num_lpi_sessions=0,timer_pending=1
01-07 23:17:32.276  4799  4799 I adsp_sleepmon: Audio: num_sessions=1,num_lpi_sessions=0,timer_pending=0
01-07 23:17:32.283  4799  4799 I adsp_sleepmon: Audio: num_sessions=0,num_lpi_sessions=0,timer_pending=1
01-07 23:17:32.301  4799  4799 I adsp_sleepmon: Audio: num_sessions=1,num_lpi_sessions=0,timer_pending=0
01-07 23:17:32.303  4799  4799 I adsp_sleepmon: Audio: num_sessions=0,num_lpi_sessions=0,timer_pending=1
01-07 23:17:32.308   457   457 I servicemanager: Caller(pid=2378,uid=1000,sid=u:r:system_server:s0) Since 'android.hardware.biometrics.fingerprint.virtualhal.IVirtualHal/virtual' could not be found trying to start it as a lazy AIDL service. (if it's not configured to be a lazy service, it may be stuck starting or still starting).
01-07 23:17:32.311     1     1 E init    : Control message: Could not find 'aidl/android.hardware.biometrics.fingerprint.virtualhal.IVirtualHal/virtual' for ctl.interface_start from pid: 457 (/system/bin/servicemanager)
01-07 23:17:32.311  5765  5765 I servicemanager: Caller(pid=2378,uid=1000,sid=u:r:system_server:s0) Tried to start aidl service android.hardware.biometrics.fingerprint.virtualhal.IVirtualHal/virtual as a lazy service, but was unable to. Usually this happens when a service is not installed, but if the service is intended to be used as a lazy service, then it may be configured incorrectly.
01-07 23:17:32.314   932   932 D [FTS_TS]fts_input_report_b: [B]P0 UP!
01-07 23:17:32.314   932   932 D [FTS_TS]fts_input_report_b: [B]Points All Up!
01-07 23:17:32.315  4799  4799 I adsp_sleepmon: Audio: num_sessions=1,num_lpi_sessions=0,timer_pending=0
01-07 23:17:32.322  4799  4799 I adsp_sleepmon: Audio: num_sessions=0,num_lpi_sessions=0,timer_pending=1
01-07 23:17:32.342  4799  4799 I adsp_sleepmon: Audio: num_sessions=1,num_lpi_sessions=0,timer_pending=0
01-07 23:17:32.344  4799  4799 I adsp_sleepmon: Audio: num_sessions=0,num_lpi_sessions=0,timer_pending=1
01-07 23:17:32.362  4799  4799 I adsp_sleepmon: Audio: num_sessions=1,num_lpi_sessions=0,timer_pending=0
01-07 23:17:32.370  4799  4799 I adsp_sleepmon: Audio: num_sessions=0,num_lpi_sessions=0,timer_pending=1
01-07 23:17:32.388     1     1 I init    : Service 'exec 17 (/vendor/bin/init.qti.write.sh /sys/kernel/boot_cdsp/boot 1)' (pid 1356) exited with status 1 oneshot service took 61.757999 seconds in background
01-07 23:17:32.388     1     1 I init    : Sending signal 9 to service 'exec 17 (/vendor/bin/init.qti.write.sh /sys/kernel/boot_cdsp/boot 1)' (pid 1356) process group...
01-07 23:17:32.389     1     1 I libprocessgroup: Removed cgroup /sys/fs/cgroup/system/uid_0/pid_1356
01-07 23:17:44.389  3313  3356 V WindowManagerShell: Transition animation finished (aborted=false), notifying core (#25) android.os.BinderProxy@67982ee@0
01-07 23:17:44.391  2378  2507 V WindowManager: Finish Transition (#25): created at 01-07 23:17:43.743 collect-started=0.052ms request-sent=6.308ms started=10.003ms ready=19.619ms sent=174.51ms commit=19.007ms finished=647.635ms
01-07 23:17:32.391  4799  4799 I adsp_sleepmon: Audio: num_sessions=1,num_lpi_sessions=0,timer_pending=0
01-07 23:17:32.394  4799  4799 I adsp_sleepmon: Audio: num_sessions=0,num_lpi_sessions=0,timer_pending=1
01-07 23:17:44.395  3313  3356 V WindowManagerShell: Track 0 became idle
01-07 23:17:44.395  3313  3356 V WindowManagerShell: All active transition animations finished
01-07 23:17:32.412  4799  4799 I adsp_sleepmon: Audio: num_sessions=1,num_lpi_sessions=0,timer_pending=0
01-07 23:17:32.415  4799  4799 I adsp_sleepmon: Audio: num_sessions=0,num_lpi_sessions=0,timer_pending=1
01-07 23:17:44.422  2378  3259 D BackgroundInstallControlService: Package event received: 0
01-07 23:17:32.427  4799  4799 I adsp_sleepmon: Audio: num_sessions=1,num_lpi_sessions=0,timer_pending=0
01-07 23:17:32.429  4799  4799 I adsp_sleepmon: Audio: num_sessions=0,num_lpi_sessions=0,timer_pending=1
01-07 23:17:32.438  4799  4799 I adsp_sleepmon: Audio: num_sessions=1,num_lpi_sessions=0,timer_pending=0
01-07 23:17:32.441  4799  4799 I adsp_sleepmon: Audio: num_sessions=0,num_lpi_sessions=0,timer_pending=1
01-07 23:17:32.454  4799  4799 I adsp_sleepmon: Audio: num_sessions=1,num_lpi_sessions=0,timer_pending=0
01-07 23:17:32.460  4799  4799 I adsp_sleepmon: Audio: num_sessions=0,num_lpi_sessions=0,timer_pending=1
01-07 23:17:32.471  4799  4799 I adsp_sleepmon: Audio: num_sessions=1,num_lpi_sessions=0,timer_pending=0
01-07 23:17:32.473  4799  4799 I adsp_sleepmon: Audio: num_sessions=0,num_lpi_sessions=0,timer_pending=1
01-07 23:17:32.485  4799  4799 I adsp_sleepmon: Audio: num_sessions=1,num_lpi_sessions=0,timer_pending=0
01-07 23:17:32.492  4799  4799 I adsp_sleepmon: Audio: num_sessions=0,num_lpi_sessions=0,timer_pending=1
01-07 23:17:32.511  4799  4799 I adsp_sleepmon: Audio: num_sessions=1,num_lpi_sessions=0,timer_pending=0
01-07 23:17:32.514  4799  4799 I adsp_sleepmon: Audio: num_sessions=0,num_lpi_sessions=0,timer_pending=1
01-07 23:17:32.525  4799  4799 I adsp_sleepmon: Audio: num_sessions=1,num_lpi_sessions=0,timer_pending=0
01-07 23:17:32.532  4799  4799 I adsp_sleepmon: Audio: num_sessions=0,num_lpi_sessions=0,timer_pending=1
01-07 23:17:32.545  4799  4799 I adsp_sleepmon: Audio: num_sessions=1,num_lpi_sessions=0,timer_pending=0
01-07 23:17:32.552  4799  4799 I adsp_sleepmon: Audio: num_sessions=0,num_lpi_sessions=0,timer_pending=1
01-07 23:17:32.564  4799  4799 I adsp_sleepmon: Audio: num_sessions=1,num_lpi_sessions=0,timer_pending=0
01-07 23:17:32.570  4799  4799 I adsp_sleepmon: Audio: num_sessions=0,num_lpi_sessions=0,timer_pending=1
01-07 23:17:32.581  4799  4799 I adsp_sleepmon: Audio: num_sessions=1,num_lpi_sessions=0,timer_pending=0
01-07 23:17:32.584  4799  4799 I adsp_sleepmon: Audio: num_sessions=0,num_lpi_sessions=0,timer_pending=1
01-07 23:17:32.604  4799  4799 I adsp_sleepmon: Audio: num_sessions=1,num_lpi_sessions=0,timer_pending=0
01-07 23:17:32.612  4799  4799 I adsp_sleepmon: Audio: num_sessions=0,num_lpi_sessions=0,timer_pending=1
01-07 23:17:32.631  4799  4799 I adsp_sleepmon: Audio: num_sessions=1,num_lpi_sessions=0,timer_pending=0
01-07 23:17:32.634  4799  4799 I adsp_sleepmon: Audio: num_sessions=0,num_lpi_sessions=0,timer_pending=1
01-07 23:17:32.649  4799  4799 I adsp_sleepmon: Audio: num_sessions=1,num_lpi_sessions=0,timer_pending=0
01-07 23:17:32.656  4799  4799 I adsp_sleepmon: Audio: num_sessions=0,num_lpi_sessions=0,timer_pending=1
01-07 23:17:32.671  4799  4799 I adsp_sleepmon: Audio: num_sessions=1,num_lpi_sessions=0,timer_pending=0
01-07 23:17:32.674  4799  4799 I adsp_sleepmon: Audio: num_sessions=0,num_lpi_sessions=0,timer_pending=1
01-07 23:17:32.688  4799  4799 I adsp_sleepmon: Audio: num_sessions=1,num_lpi_sessions=0,timer_pending=0
01-07 23:17:32.694  4799  4799 I adsp_sleepmon: Audio: num_sessions=0,num_lpi_sessions=0,timer_pending=1
01-07 23:17:32.708  4799  4799 I adsp_sleepmon: Audio: num_sessions=1,num_lpi_sessions=0,timer_pending=0
01-07 23:17:32.713  4799  4799 I adsp_sleepmon: Audio: num_sessions=0,num_lpi_sessions=0,timer_pending=1
01-07 23:17:32.730  4799  4799 I adsp_sleepmon: Audio: num_sessions=1,num_lpi_sessions=0,timer_pending=0
01-07 23:17:32.737  4799  4799 I adsp_sleepmon: Audio: num_sessions=0,num_lpi_sessions=0,timer_pending=1
01-07 23:17:32.756  4799  4799 I adsp_sleepmon: Audio: num_sessions=1,num_lpi_sessions=0,timer_pending=0
01-07 23:17:32.760  4799  4799 I adsp_sleepmon: Audio: num_sessions=0,num_lpi_sessions=0,timer_pending=1
01-07 23:17:32.779  4799  4799 I adsp_sleepmon: Audio: num_sessions=1,num_lpi_sessions=0,timer_pending=0
01-07 23:17:32.788  4799  4799 I adsp_sleepmon: Audio: num_sessions=0,num_lpi_sessions=0,timer_pending=1
01-07 23:17:32.807  4799  4799 I adsp_sleepmon: Audio: num_sessions=1,num_lpi_sessions=0,timer_pending=0
01-07 23:17:32.811  4799  4799 I adsp_sleepmon: Audio: num_sessions=0,num_lpi_sessions=0,timer_pending=1
01-07 23:17:32.824  4799  4799 I adsp_sleepmon: Audio: num_sessions=1,num_lpi_sessions=0,timer_pending=0
01-07 23:17:32.828  4799  4799 I adsp_sleepmon: Audio: num_sessions=0,num_lpi_sessions=0,timer_pending=1
01-07 23:17:32.846  4799  4799 I adsp_sleepmon: Audio: num_sessions=1,num_lpi_sessions=0,timer_pending=0
01-07 23:17:32.850  4799  4799 I adsp_sleepmon: Audio: num_sessions=0,num_lpi_sessions=0,timer_pending=1
01-07 23:17:32.866  4799  4799 I adsp_sleepmon: Audio: num_sessions=1,num_lpi_sessions=0,timer_pending=0
01-07 23:17:32.870  4799  4799 I adsp_sleepmon: Audio: num_sessions=0,num_lpi_sessions=0,timer_pending=1
01-07 23:17:32.886  4799  4799 I adsp_sleepmon: Audio: num_sessions=1,num_lpi_sessions=0,timer_pending=0
01-07 23:17:32.891  4799  4799 I adsp_sleepmon: Audio: num_sessions=0,num_lpi_sessions=0,timer_pending=1
01-07 23:17:32.913  4799  4799 I adsp_sleepmon: Audio: num_sessions=1,num_lpi_sessions=0,timer_pending=0
01-07 23:17:32.918  4799  4799 I adsp_sleepmon: Audio: num_sessions=0,num_lpi_sessions=0,timer_pending=1
01-07 23:17:32.939  4799  4799 I adsp_sleepmon: Audio: num_sessions=1,num_lpi_sessions=0,timer_pending=0
