04-07 06:54:05.791     1     1 I init    : Parsing file /system/etc/init/simpleperf.rc...
04-07 06:54:05.792     1     1 I init    : Parsing file /system/etc/init/snapuserd.rc...
04-07 06:54:05.792     1     1 I init    : Parsing file /system/etc/init/storaged.rc...
04-07 06:54:05.793     1     1 I init    : Parsing file /system/etc/init/surfaceflinger.rc...
04-07 06:54:05.793     1     1 I init    : Parsing file /system/etc/init/tombstoned.rc...
04-07 06:54:05.794     1     1 I init    : Parsing file /system/etc/init/traced_perf.rc...
04-07 06:54:05.794     1     1 I init    : Parsing file /system/etc/init/tradeinmode.rc...
04-07 06:54:05.795     1     1 I init    : Parsing file /system/etc/init/uncrypt.rc...
04-07 06:54:05.795     1     1 I init    : Parsing file /system/etc/init/update_engine.rc...
04-07 06:54:05.795     1     1 I init    : Parsing file /system/etc/init/update_verifier.rc...
04-07 06:54:05.796     1     1 I init    : Parsing file /system/etc/init/usbd.rc...
04-07 06:54:05.796     1     1 I init    : Parsing file /system/etc/init/virtual_camera.hal.rc...
04-07 06:54:05.797     1     1 I init    : Parsing file /system/etc/init/vold.rc...
04-07 06:54:05.797     1     1 I init    : Parsing file /system/etc/init/wifi.rc...
04-07 06:54:05.798     1     1 I init    : Parsing file /system/etc/init/wificond.rc...
04-07 06:54:05.798     1     1 I init    : Parsing directory /system_ext/etc/init...
04-07 06:54:05.798     1     1 I init    : Parsing file /system_ext/etc/init/adb_root.rc...
04-07 06:54:05.799     1     1 I init    : Parsing file /system_ext/etc/init/android.hidl.allocator@1.0-service.rc...
04-07 06:54:05.799     1     1 I init    : Parsing file /system_ext/etc/init/hwservicemanager.rc...
04-07 06:54:05.800     1     1 I init    : Parsing file /system_ext/etc/init/init.lineage-system_ext.rc...
04-07 06:54:05.800     1     1 I init    : Parsing file /system_ext/etc/init/init.lineage-updater.rc...
04-07 06:54:05.801     1     1 I init    : Parsing file /system_ext/etc/init/vendor.qti.hardware.qccsyshal@1.2-service.rc...
04-07 06:54:05.801     1     1 I init    : Parsing directory /vendor/etc/init...
04-07 06:54:05.801     1     1 I init    : Parsing file /vendor/etc/init/android.hardware.audio.service.rc...
04-07 06:54:05.802     1     1 I init    : Parsing file /vendor/etc/init/android.hardware.bluetooth@1.1-service-qti.rc...
04-07 06:54:05.803     1     1 I init    : Parsing file /vendor/etc/init/android.hardware.boot-service.qti.rc...
04-07 06:54:05.803     1     1 I init    : Parsing file /vendor/etc/init/android.hardware.drm-service.clearkey.rc...
04-07 06:54:05.804     1     1 I init    : Parsing file /vendor/etc/init/android.hardware.drm@1.1-service.wfdhdcp.rc...
04-07 06:54:05.804     1     1 I init    : Parsing file /vendor/etc/init/android.hardware.gatekeeper-service-qti.rc...
04-07 06:54:05.804     1     1 I init    : Parsing file /vendor/etc/init/android.hardware.gnss-aidl-service-qti.rc...
04-07 06:54:05.805     1     1 I init    : Parsing file /vendor/etc/init/android.hardware.health-service.qti.rc...
04-07 06:54:05.805     1     1 I init    : Parsing file /vendor/etc/init/android.hardware.power-service-qti.rc...
04-07 06:54:05.806     1     1 I init    : Parsing file /vendor/etc/init/android.hardware.security.keymint-service-qti.rc...
04-07 06:54:05.806     1     1 I init    : Parsing file /vendor/etc/init/android.hardware.sensors-service.xiaomi-multihal.rc...
04-07 06:54:05.807     1     1 I init    : Parsing file /vendor/etc/init/android.hardware.usb-service.qti.rc...
04-07 06:54:05.807     1     1 I init    : Parsing file /vendor/etc/init/android.hardware.usb.gadget-service.qti.rc...
04-07 06:54:05.808     1     1 I init    : Parsing file /vendor/etc/init/android.hardware.wifi-service.rc...
04-07 06:54:05.808     1     1 I init    : Parsing file /vendor/etc/init/android.hardware.wifi.supplicant-service.rc...
04-07 06:54:05.809     1     1 I init    : Parsing file /vendor/etc/init/boringssl_self_test.rc...
04-07 06:54:05.809     1     1 I init    : Added '/vendor/etc/boringssl_self_test.zygote64.rc' to import list
04-07 06:54:05.809     1     1 I init    : Parsing file /vendor/etc/boringssl_self_test.zygote64.rc...
04-07 06:54:05.810     1     1 I init    : Parsing file /vendor/etc/init/cnd.rc...
04-07 06:54:05.811     1     1 I init    : Parsing file /vendor/etc/init/com.qualcomm.qti.wifidisplayhal@1.0-service.rc...
04-07 06:54:05.811     1     1 I init    : Parsing file /vendor/etc/init/dataadpl.rc...
04-07 06:54:05.812     1     1 I init    : Parsing file /vendor/etc/init/dataqti.rc...
04-07 06:54:05.812     1     1 I init    : Parsing file /vendor/etc/init/dpmQmiMgr.rc...
04-07 06:54:05.813     1     1 I init    : Parsing file /vendor/etc/init/hostapd.android.rc...
04-07 06:54:05.813     1     1 I init    : Parsing file /vendor/etc/init/ims-dataservice-daemon.rc...
04-07 06:54:05.814     1     1 I init    : Parsing file /vendor/etc/init/ims_rtp_daemon.rc...
04-07 06:54:05.814     1     1 I init    : Parsing file /vendor/etc/init/imsdaemon.rc...
04-07 06:54:05.815     1     1 I init    : Parsing file /vendor/etc/init/init.mi_thermald.rc...
04-07 06:54:05.815     1     1 I init    : Parsing file /vendor/etc/init/init.qccvendor.rc...
04-07 06:54:05.816     1     1 I init    : Parsing file /vendor/etc/init/init.qti.display_boot.rc...
04-07 06:54:05.816     1     1 I init    : Parsing file /vendor/etc/init/init.qti.media.rc...
04-07 06:54:05.817     1     1 I init    : Parsing file /vendor/etc/init/init.time_daemon.rc...
04-07 06:54:05.817     1     1 W init    : ignored duplicate definition of service 'time_daemon'
04-07 06:54:05.817     1     1 I init    : Parsing file /vendor/etc/init/init.vendor.sensors.rc...
04-07 06:54:05.818     1     1 I init    : Parsing file /vendor/etc/init/init.vendor.wlan.rc...
04-07 06:54:05.818     1     1 I init    : Parsing file /vendor/etc/init/init.warm.rc...
04-07 06:54:05.819     1     1 I init    : Added '/vendor/etc/init/init.mi_thermald.rc' to import list
04-07 06:54:05.819     1     1 I init    : Parsing file /vendor/etc/init/init.mi_thermald.rc...
04-07 06:54:05.819     1     1 W init    : ignored duplicate definition of service 'mi_thermald'
04-07 06:54:05.819     1     1 I init    : Parsing file /vendor/etc/init/ipacm.rc...
04-07 06:54:05.820     1     1 I init    : Parsing file /vendor/etc/init/loc-launcher.rc...
04-07 06:54:05.820     1     1 W init    : ignored duplicate definition of service 'loc_launcher'
04-07 06:54:05.820     1     1 I init    : Parsing file /vendor/etc/init/memtrack_qti.rc...
04-07 06:54:05.821     1     1 I init    : Parsing file /vendor/etc/init/nicmd.rc...
04-07 06:54:05.821     1     1 W init    : No user specified for service 'vendor.nicmd', so it is root.
04-07 06:54:05.821     1     1 I init    : Parsing file /vendor/etc/init/port-bridge.rc...
04-07 06:54:05.822     1     1 I init    : Parsing file /vendor/etc/init/qconfig.rc...
04-07 06:54:05.822     1     1 I init    : Parsing file /vendor/etc/init/qcrilNrd.rc...
04-07 06:54:05.823     1     1 I init    : Parsing file /vendor/etc/init/qdcmss.rc...
04-07 06:54:05.823     1     1 I init    : Parsing file /vendor/etc/init/qmipriod.debug.rc...
04-07 06:54:05.824     1     1 I init    : Parsing file /vendor/etc/init/qmipriod.rc...
04-07 06:54:05.824     1     1 I init    : Parsing file /vendor/etc/init/qms.rc...
04-07 06:54:05.825     1     1 I init    : Parsing file /vendor/etc/init/qseecomd.rc...
04-07 06:54:05.825     1     1 I init    : Parsing file /vendor/etc/init/qwesd.rc...
04-07 06:54:05.826     1     1 I init    : Parsing file /vendor/etc/init/shsusrd.rc...
04-07 06:54:05.826     1     1 I init    : Parsing file /vendor/etc/init/ssgtzd.rc...
04-07 06:54:05.827     1     1 I init    : Parsing file /vendor/etc/init/tlpd.rc...
04-07 06:54:05.827     1     1 I init    : Parsing file /vendor/etc/init/vendor.dpmd.rc...
04-07 06:54:05.828     1     1 W init    : No user specified for service 'vendor.dpmd', so it is root.
04-07 06:54:05.828     1     1 I init    : Parsing file /vendor/etc/init/vendor.lineage.health-service.default.rc...
04-07 06:54:05.828     1     1 I init    : Parsing file /vendor/etc/init/vendor.lineage.touch-service.xiaomi.rc...
04-07 06:54:05.829     1     1 I init    : Parsing file /vendor/etc/init/vendor.qti.adsprpc-guestos-service.rc...
04-07 06:54:05.829     1     1 I init    : Parsing file /vendor/etc/init/vendor.qti.audio-adsprpc-service.rc...
04-07 06:54:05.829     1     1 I init    : Parsing file /vendor/etc/init/vendor.qti.camera.provider-service_64.rc...
04-07 06:54:05.830     1     1 I init    : Parsing file /vendor/etc/init/vendor.qti.diag.rc...
04-07 06:54:05.830     1     1 I init    : Parsing file /vendor/etc/init/vendor.qti.hardware.alarm-service.rc...
04-07 06:54:05.830     1     1 I init    : Parsing file /vendor/etc/init/vendor.qti.hardware.capabilityconfigstore@1.0-service.rc...
04-07 06:54:05.830     1     1 I init    : Parsing file /vendor/etc/init/vendor.qti.hardware.display.allocator-service.rc...
04-07 06:54:05.830     1     1 I init    : Parsing file /vendor/etc/init/vendor.qti.hardware.display.color-service.rc...
04-07 06:54:05.830     1     1 I init    : Parsing file /vendor/etc/init/vendor.qti.hardware.display.composer-service.rc...
04-07 06:54:05.831     1     1 W init    : 'writepid /dev/cpuset/system-background/tasks' is converted into 'task_profiles ServiceCapacityLow' for service vendor.qti.hardware.display.composer
04-07 06:54:05.831     1     1 I init    : Parsing file /vendor/etc/init/vendor.qti.hardware.display.demura-service.rc...
04-07 06:54:05.831     1     1 I init    : Parsing file /vendor/etc/init/vendor.qti.hardware.dsp@1.0-service.rc...
04-07 06:54:05.831     1     1 I init    : Parsing file /vendor/etc/init/vendor.qti.hardware.perf2-hal-service.rc...
04-07 06:54:05.831     1     1 I init    : Parsing file /vendor/etc/init/vendor.qti.hardware.qseecom@1.0-service.rc...
04-07 06:54:05.832     1     1 I init    : Parsing file /vendor/etc/init/vendor.qti.hardware.sensorscalibrate-service.rc...
04-07 06:54:05.832     1     1 I init    : Parsing file /vendor/etc/init/vendor.qti.hardware.soter-service.rc...
04-07 06:54:05.832     1     1 I init    : Parsing file /vendor/etc/init/vendor.qti.hardware.trustedui-aidl-service-qti.rc...
04-07 06:54:05.833     1     1 I init    : Parsing file /vendor/etc/init/vendor.qti.hardware.vibrator.service.rc...
04-07 06:54:05.833     1     1 I init    : Parsing file /vendor/etc/init/vendor.qti.media.c2@1.0-service.rc...
04-07 06:54:05.833     1     1 W init    : 'writepid /dev/cpuset/foreground/tasks' is converted into 'task_profiles ProcessCapacityHigh' for service vendor-qti-media-c2-hal-1-0
04-07 06:54:05.833     1     1 I init    : Parsing file /vendor/etc/init/vendor.qti.media.c2audio@1.0-service.rc...
04-07 06:54:05.834     1     1 W init    : 'writepid /dev/cpuset/foreground/tasks' is converted into 'task_profiles ProcessCapacityHigh' for service vendor-qti-media-c2audio-hal-1-0
04-07 06:54:05.834     1     1 I init    : Parsing file /vendor/etc/init/vendor.qti.qspa-service.rc...
04-07 06:54:05.834     1     1 I init    : Parsing file /vendor/etc/init/vendor.qti.qspmhal-service.rc...
04-07 06:54:05.835     1     1 I init    : Parsing file /vendor/etc/init/vendor.qti.rmt_storage.rc...
04-07 06:54:05.835     1     1 I init    : Parsing file /vendor/etc/init/vendor.qti.tftp.rc...
04-07 06:54:05.835     1     1 I init    : Parsing file /vendor/etc/init/vendor.sensors.qti.rc...
04-07 06:54:05.835     1     1 I init    : Parsing file /vendor/etc/init/vendor.sensors.sscrpcd.rc...
04-07 06:54:05.836     1     1 I init    : Parsing file /vendor/etc/init/vendor.xiaomi.hardware.displayfeature_aidl-service.rc...
04-07 06:54:05.836     1     1 I init    : Parsing file /vendor/etc/init/vndservicemanager.rc...
04-07 06:54:05.836     1     1 I init    : Parsing file /vendor/etc/init/wfdvndservice.rc...
04-07 06:54:05.837     1     1 I init    : Parsing file /vendor/etc/init/xiaomi.system.hypsys.common-service.rc...
04-07 06:54:05.837     1     1 I init    : Parsing directory /odm/etc/init...
04-07 06:54:05.838     1     1 I init    : Parsing file /odm/etc/init/vendor.xiaomi.hardware.mlipay-service.rc...
04-07 06:54:05.838     1     1 I init    : Parsing directory /product/etc/init...
04-07 06:54:05.838     1     1 I init    : Parsing file /product/etc/init/init.openssh.rc...
04-07 06:54:05.839     1     1 I init    : processing action (SetupCgroups) from (<Builtin Action>:0)
04-07 06:54:05.843     1     1 I libprocessgroup: Using system/app isolation under: /sys/fs/cgroup
04-07 06:54:05.844     1     1 I init    : Untracked pid 273 exited with status 0
04-07 06:54:05.844     1     1 I init    : Untracked pid 273 did not have an associated service entry and will not be reaped
04-07 06:54:05.850     1     1 I init    : processing action (SetKptrRestrict) from (<Builtin Action>:0)
04-07 06:54:05.850     1     1 I init    : processing action (TestPerfEventSelinux) from (<Builtin Action>:0)
04-07 06:54:05.850     1     1 I init    : Permissive SELinux boot, forcing sys.init.perf_lsm_hooks to 1.
04-07 06:54:05.850     1     1 I init    : processing action (early-init) from (/system/etc/init/hw/init.rc:15)
04-07 06:54:05.854     1     1 I init    : starting service 'ueventd'...
04-07 06:54:05.858     1     1 W libprocessgroup: A JoinCgroup action in the SystemMemoryProcess profile is used for controller memory in the cgroup v2 hierarchy and will be ignored
04-07 06:54:05.859     1     1 I init    : ... started service 'ueventd' has pid 278
04-07 06:54:05.861     1     1 I init    : Command 'exec_start init_dev_config' action=early-init (/system/etc/init/hw/init.rc:79) took 0ms and failed: Could not start exec service: Cannot expand path: property 'ro.vendor.init_dev_config.path' doesn't exist while expanding '${ro.vendor.init_dev_config.path}': Invalid argument
04-07 06:54:05.861     1     1 I init    : starting service 'apexd-bootstrap'...
04-07 06:54:05.863     1     1 I init    : ... started service 'apexd-bootstrap' has pid 279
04-07 06:54:05.864     1     1 I init    : SVC_EXEC service 'apexd-bootstrap' pid 279 (uid 0 gid 1000+0 context default) started; waiting...
04-07 06:54:05.869   278   278 I ueventd : ueventd started!
04-07 06:54:05.870   278   278 I selinux : SELinux: Loaded file context from:
04-07 06:54:05.870   278   278 I selinux : /system/etc/selinux/plat_file_contexts
04-07 06:54:05.870   278   278 I selinux : /system_ext/etc/selinux/system_ext_file_contexts
04-07 06:54:05.870   278   278 I selinux : /product/etc/selinux/product_file_contexts
04-07 06:54:05.870   278   278 I selinux : /vendor/etc/selinux/vendor_file_contexts
04-07 06:54:05.870   278   278 I selinux : /odm/etc/selinux/odm_file_contexts
04-07 06:54:05.871   278   278 I ueventd : Parsing file /system/etc/ueventd.rc...
04-07 06:54:05.872   278   278 I ueventd : Added '/vendor/etc/ueventd.rc' to import list
04-07 06:54:05.872   278   278 I ueventd : Added '/odm/etc/ueventd.rc' to import list
04-07 06:54:05.872   278   278 I ueventd : Parsing file /vendor/etc/ueventd.rc...
04-07 06:54:05.873   278   278 I ueventd : Added '/vendor/etc/ueventd.qcom.userdebug.rc' to import list
04-07 06:54:05.873   278   278 E ueventd : /vendor/etc/ueventd.rc: 71: ignoring duplicate subsystem entry
04-07 06:54:05.875   278   278 E ueventd : /vendor/etc/ueventd.rc: 242: /sys/ lines must have 5 or 6 entries
04-07 06:54:05.875   278   278 E ueventd : /vendor/etc/ueventd.rc: 429: /sys/ lines must have 5 or 6 entries
04-07 06:54:05.875   278   278 E ueventd : /vendor/etc/ueventd.rc: 430: /sys/ lines must have 5 or 6 entries
04-07 06:54:05.875   278   278 E ueventd : /vendor/etc/ueventd.rc: 538: Invalid section keyword found
04-07 06:54:05.875   278   278 I ueventd : Parsing file /vendor/etc/ueventd.qcom.userdebug.rc...
04-07 06:54:05.875   278   278 I ueventd : Unable to read config file '/vendor/etc/ueventd.qcom.userdebug.rc': open() failed: No such file or directory
04-07 06:54:05.875   278   278 I ueventd : Parsing file /odm/etc/ueventd.rc...
04-07 06:54:05.875   278   278 I ueventd : Unable to read config file '/odm/etc/ueventd.rc': open() failed: No such file or directory
04-07 06:54:05.902   279   279 I apexd   : Started. subcommand = --bootstrap
04-07 06:54:05.903   279   279 I apexd-bootstrap: Scanning /system/apex for pre-installed ApexFiles
04-07 06:54:05.906   279   279 I apexd-bootstrap: Found pre-installed APEX /system/apex/com.android.apex.cts.shim.apex
04-07 06:54:05.906   279   279 I apexd-bootstrap: Found pre-installed APEX /system/apex/com.android.i18n.apex
04-07 06:54:05.906   279   279 I apexd-bootstrap: Found pre-installed APEX /system/apex/com.android.uprobestats.capex
04-07 06:54:05.906   279   279 I apexd-bootstrap: Found pre-installed APEX /system/apex/com.android.ipsec.capex
04-07 06:54:05.906   279   279 I apexd-bootstrap: Found pre-installed APEX /system/apex/com.android.tzdata.apex
04-07 06:54:05.906   279   279 I apexd-bootstrap: Found pre-installed APEX /system/apex/com.android.configinfrastructure.capex
04-07 06:54:05.906   279   279 I apexd-bootstrap: Found pre-installed APEX /system/apex/com.android.art.capex
04-07 06:54:05.906   279   279 I apexd-bootstrap: Found pre-installed APEX /system/apex/com.android.adbd.capex
04-07 06:54:05.906   279   279 I apexd-bootstrap: Found pre-installed APEX /system/apex/com.android.conscrypt.capex
04-07 06:54:05.906   279   279 I apexd-bootstrap: Found pre-installed APEX /system/apex/com.android.uwb.capex
04-07 06:54:05.906   279   279 I apexd-bootstrap: Found pre-installed APEX /system/apex/com.android.adservices.capex
04-07 06:54:05.906   279   279 I apexd-bootstrap: Found pre-installed APEX /system/apex/com.android.neuralnetworks.capex
04-07 06:54:05.906   279   279 I apexd-bootstrap: Found pre-installed APEX /system/apex/com.android.bt.capex
04-07 06:54:05.906   279   279 I apexd-bootstrap: Found pre-installed APEX /system/apex/com.android.appsearch.capex
04-07 06:54:05.906   279   279 I apexd-bootstrap: Found pre-installed APEX /system/apex/com.android.scheduling.capex
04-07 06:54:05.906   279   279 I apexd-bootstrap: Found pre-installed APEX /system/apex/com.android.rkpd.apex
04-07 06:54:05.906   279   279 I apexd-bootstrap: Found pre-installed APEX /system/apex/com.android.wifi.capex
04-07 06:54:05.906   279   279 I apexd-bootstrap: Found pre-installed APEX /system/apex/com.android.sdkext.apex
04-07 06:54:05.906   279   279 I apexd-bootstrap: Found pre-installed APEX /system/apex/com.android.permission.capex
04-07 06:54:05.906   279   279 I apexd-bootstrap: Found pre-installed APEX /system/apex/com.android.healthfitness.apex
04-07 06:54:05.906   279   279 I apexd-bootstrap: Found pre-installed APEX /system/apex/com.android.virt.apex
04-07 06:54:05.906   279   279 I apexd-bootstrap: Found pre-installed APEX /system/apex/com.android.ondevicepersonalization.capex
04-07 06:54:05.906   279   279 I apexd-bootstrap: Found pre-installed APEX /system/apex/com.android.media.swcodec.capex
04-07 06:54:05.906   279   279 I apexd-bootstrap: Found pre-installed APEX /system/apex/com.android.profiling.capex
04-07 06:54:05.906   279   279 I apexd-bootstrap: Found pre-installed APEX /system/apex/com.android.os.statsd.apex
04-07 06:54:05.906   279   279 I apexd-bootstrap: Found pre-installed APEX /system/apex/com.android.extservices.capex
04-07 06:54:05.906   279   279 I apexd-bootstrap: Found pre-installed APEX /system/apex/com.android.resolv.capex
04-07 06:54:05.906   279   279 I apexd-bootstrap: Found pre-installed APEX /system/apex/com.android.tethering.capex
04-07 06:54:05.906   279   279 I apexd-bootstrap: Found pre-installed APEX /system/apex/com.android.crashrecovery.capex
04-07 06:54:05.906   279   279 I apexd-bootstrap: Found pre-installed APEX /system/apex/com.android.nfcservices.capex
04-07 06:54:05.906   279   279 I apexd-bootstrap: Found pre-installed APEX /system/apex/com.android.devicelock.apex
04-07 06:54:05.906   279   279 I apexd-bootstrap: Found pre-installed APEX /system/apex/com.android.mediaprovider.capex
04-07 06:54:05.906   279   279 I apexd-bootstrap: Found pre-installed APEX /system/apex/com.android.runtime.apex
04-07 06:54:05.906   279   279 I apexd-bootstrap: Found pre-installed APEX /system/apex/com.android.media.capex
04-07 06:54:05.906   279   279 I apexd-bootstrap: Found pre-installed APEX /system/apex/com.android.cellbroadcast.capex
04-07 06:54:05.906   279   279 I apexd-bootstrap: Scanning /system_ext/apex for pre-installed ApexFiles
04-07 06:54:05.908   279   279 I apexd-bootstrap: Found pre-installed APEX /system_ext/apex/com.android.compos.apex
04-07 06:54:05.908   279   279 I apexd-bootstrap: Scanning /product/apex for pre-installed ApexFiles
04-07 06:54:05.908   279   279 W apexd-bootstrap: /product/apex does not exist. Skipping
04-07 06:54:05.908   279   279 I apexd-bootstrap: Scanning /vendor/apex for pre-installed ApexFiles
04-07 06:54:05.910   279   279 I apexd-bootstrap: Found pre-installed APEX /vendor/apex/com.android.hardware.cas.apex
04-07 06:54:05.910   279   279 I apexd-bootstrap: Found pre-installed APEX /vendor/apex/com.google.android.widevine.nonupdatable.apex
04-07 06:54:05.910   279   279 I apexd-bootstrap: Scanning /odm/apex for pre-installed ApexFiles
04-07 06:54:05.910   279   279 W apexd-bootstrap: /odm/apex does not exist. Skipping
04-07 06:54:05.941   279   279 I apexd-bootstrap: Found bootstrap APEX /system/apex/com.android.runtime.apex
04-07 06:54:05.941   279   279 I apexd-bootstrap: Found bootstrap APEX /system/apex/com.android.tzdata.apex
04-07 06:54:05.941   279   279 I apexd-bootstrap: Found bootstrap APEX /system/apex/com.android.virt.apex
04-07 06:54:05.941   279   279 I apexd-bootstrap: Found bootstrap APEX /system/apex/com.android.i18n.apex
04-07 06:54:05.941   279   279 I apexd-bootstrap: Need to pre-allocate 42 loop devices
04-07 06:54:06.117   279   279 I apexd-bootstrap: wait for '/dev/loop-control' took 175ms
04-07 06:54:06.130   279   279 I apexd-bootstrap: Found 16 idle loopback devices that were pre-allocated by kernel. Allocated 26 more.
04-07 06:54:06.161   376   376 I loop1   : detected capacity change from 0 to 1672
04-07 06:54:06.161   377   377 I loop2   : detected capacity change from 0 to 178240
04-07 06:54:06.161   378   378 I loop0   : detected capacity change from 0 to 15880
04-07 06:54:06.161   375   375 I loop3   : detected capacity change from 0 to 72704
04-07 06:54:06.201   377   377 I EXT4-fs (loop2): mounted filesystem without journal. Quota mode: none.
04-07 06:54:06.205   378   378 I EXT4-fs (loop0): mounted filesystem without journal. Quota mode: none.
04-07 06:54:06.205   376   376 I EXT4-fs (loop1): mounted filesystem without journal. Quota mode: none.
04-07 06:54:06.206   375   375 I EXT4-fs (loop3): mounted filesystem without journal. Quota mode: none.
04-07 06:54:06.208   279   279 I apexd-bootstrap: Activated 4 packages.
04-07 06:54:06.208   279   279 I apexd-bootstrap: OnBootstrap done, duration=305
04-07 06:54:06.218     1     1 I init    : Service 'apexd-bootstrap' (pid 279) exited with status 0 waiting took 0.355000 seconds
04-07 06:54:06.218     1     1 I init    : Sending signal 9 to service 'apexd-bootstrap' (pid 279) process group...
04-07 06:54:06.218     1     1 I libprocessgroup: Removed cgroup /sys/fs/cgroup/system/uid_0/pid_279
04-07 06:54:06.230     1     1 I init    : Parsing file /apex/com.android.virt/etc/vfio_handler.rc...
04-07 06:54:06.231     1     1 I init    : Parsing file /apex/com.android.virt/etc/virtualizationservice.rc...
04-07 06:54:06.231     1     1 I init    : Parsing file /apex/com.android.virt/etc/vmnic.rc...
04-07 06:54:06.259     1     1 I init    : linkerconfig generated /linkerconfig with mounted APEX modules info
04-07 06:54:06.261     1     1 I init    : processing action (early-init) from (/init.environ.rc:2)
04-07 06:54:06.261     1     1 I init    : processing action (early-init) from (/vendor/etc/init/hw/init.qcom.rc:68)
04-07 06:54:06.261     1     1 I init    : Command 'mount tracefs tracefs /sys/kernel/tracing' action=early-init (/vendor/etc/init/hw/init.qcom.rc:69) took 0ms and failed: mount() failed: Device or resource busy
04-07 06:54:06.264     1     1 I init    : Command 'symlink /vendor/firmware_mnt /firmware' action=early-init (/vendor/etc/init/hw/init.qcom.rc:73) took 2ms and failed: symlink() failed: Read-only file system
04-07 06:54:06.264     1     1 I init    : Command 'symlink /vendor/bt_firmware /bt_firmware' action=early-init (/vendor/etc/init/hw/init.qcom.rc:74) took 0ms and failed: symlink() failed: Read-only file system
04-07 06:54:06.265     1     1 I init    : Command 'symlink /vendor/dsp /dsp' action=early-init (/vendor/etc/init/hw/init.qcom.rc:75) took 0ms and failed: symlink() failed: Read-only file system
04-07 06:54:06.269     1     1 I init    : starting service 'exec 1 (/vendor/bin/modprobe -a -d /vendor/lib/modules msm_11ad_proxy)'...
04-07 06:54:06.271     1     1 I init    : ... started service 'exec 1 (/vendor/bin/modprobe -a -d /vendor/lib/modules msm_11ad_proxy)' has pid 384
04-07 06:54:06.271     1     1 I init    : SVC_EXEC service 'exec 1 (/vendor/bin/modprobe -a -d /vendor/lib/modules msm_11ad_proxy)' pid 384 (uid 0 gid 0+0 context u:r:vendor_modprobe:s0) started; waiting...
04-07 06:54:06.293     1     1 I init    : Service 'exec 1 (/vendor/bin/modprobe -a -d /vendor/lib/modules msm_11ad_proxy)' (pid 384) exited with status 1 waiting took 0.023000 seconds
04-07 06:54:06.293     1     1 I init    : Sending signal 9 to service 'exec 1 (/vendor/bin/modprobe -a -d /vendor/lib/modules msm_11ad_proxy)' (pid 384) process group...
04-07 06:54:06.294     1     1 I libprocessgroup: Removed cgroup /sys/fs/cgroup/system/uid_0/pid_384
04-07 06:54:06.294     1     1 I init    : processing action (early-init) from (/vendor/etc/init/hw/init.target.rc:65)
04-07 06:54:06.294     1     1 I init    : Command 'write /proc/sys/kernel/printk_devkmsg ratelimited' action=early-init (/vendor/etc/init/hw/init.target.rc:66) took 0ms and failed: Unable to write to file '/proc/sys/kernel/printk_devkmsg': Unable to write file contents: Invalid argument
04-07 06:54:06.294     1     1 I init    : processing action (ro.vendor.qti.load_dlkm.service= && early-init) from (/vendor/etc/init/hw/init.qti.kernel.rc:37)
04-07 06:54:06.294     1     1 I init    : starting service 'gki.modprobe'...
04-07 06:54:06.297     1     1 I init    : ... started service 'gki.modprobe' has pid 385
04-07 06:54:06.297     1     1 I init    : SVC_EXEC service 'gki.modprobe' pid 385 (uid 0 gid 0+1 context u:r:vendor_modprobe:s0) started; waiting...
04-07 06:54:06.351   392   392 I modprobe: Loading module /system_dlkm/lib/modules/6.1.112-android14-11-ge7598ed5bc4f-ab13636347//kernel/arch/arm64/geniezone/gzvm.ko with args ''
04-07 06:54:06.353   392   392 I modprobe: Loaded kernel module /system_dlkm/lib/modules/6.1.112-android14-11-ge7598ed5bc4f-ab13636347//kernel/arch/arm64/geniezone/gzvm.ko
04-07 06:54:06.404   396   396 I modprobe: Loading module /system_dlkm/lib/modules/6.1.112-android14-11-ge7598ed5bc4f-ab13636347//kernel/lib/crypto/libarc4.ko with args ''
04-07 06:54:06.408   397   397 I modprobe: Loading module /system_dlkm/lib/modules/6.1.112-android14-11-ge7598ed5bc4f-ab13636347//kernel/mm/zsmalloc.ko with args ''
04-07 06:54:06.413   397   397 I modprobe: Loading module /system_dlkm/lib/modules/6.1.112-android14-11-ge7598ed5bc4f-ab13636347//kernel/drivers/block/zram/zram.ko with args ''
04-07 06:54:06.414   396   396 I modprobe: Loaded kernel module /system_dlkm/lib/modules/6.1.112-android14-11-ge7598ed5bc4f-ab13636347//kernel/lib/crypto/libarc4.ko
04-07 06:54:06.448   434   434 I modprobe: Loading module /system_dlkm/lib/modules/6.1.112-android14-11-ge7598ed5bc4f-ab13636347//kernel/net/rfkill/rfkill.ko with args ''
04-07 06:54:06.448   409   409 I modprobe: Loading module /system_dlkm/lib/modules/6.1.112-android14-11-ge7598ed5bc4f-ab13636347//kernel/drivers/net/wwan/wwan.ko with args ''
04-07 06:54:06.448   399   399 I modprobe: Loading module /system_dlkm/lib/modules/6.1.112-android14-11-ge7598ed5bc4f-ab13636347//kernel/drivers/net/can/dev/can-dev.ko with args ''
04-07 06:54:06.449   417   417 I modprobe: Loading module /system_dlkm/lib/modules/6.1.112-android14-11-ge7598ed5bc4f-ab13636347//kernel/drivers/net/mii.ko with args ''
04-07 06:54:06.449   433   433 I modprobe: Loading module /system_dlkm/lib/modules/6.1.112-android14-11-ge7598ed5bc4f-ab13636347//kernel/net/rfkill/rfkill.ko with args ''
04-07 06:54:06.450   403   403 I modprobe: Loading module /system_dlkm/lib/modules/6.1.112-android14-11-ge7598ed5bc4f-ab13636347//kernel/drivers/net/slip/slhc.ko with args ''
04-07 06:54:06.453   417   417 I modprobe: Loaded kernel module /system_dlkm/lib/modules/6.1.112-android14-11-ge7598ed5bc4f-ab13636347//kernel/drivers/net/mii.ko
04-07 06:54:06.453   417   417 I modprobe: Loading module /system_dlkm/lib/modules/6.1.112-android14-11-ge7598ed5bc4f-ab13636347//kernel/drivers/net/usb/usbnet.ko with args ''
04-07 06:54:06.455   409   409 I modprobe: Loaded kernel module /system_dlkm/lib/modules/6.1.112-android14-11-ge7598ed5bc4f-ab13636347//kernel/drivers/net/wwan/wwan.ko
04-07 06:54:06.457   402   402 I modprobe: Loading module /system_dlkm/lib/modules/6.1.112-android14-11-ge7598ed5bc4f-ab13636347//kernel/drivers/net/slip/slhc.ko with args ''
04-07 06:54:06.457   400   400 I modprobe: Loading module /system_dlkm/lib/modules/6.1.112-android14-11-ge7598ed5bc4f-ab13636347//kernel/drivers/net/can/dev/can-dev.ko with args ''
04-07 06:54:06.457   417   417 I modprobe: Loaded kernel module /system_dlkm/lib/modules/6.1.112-android14-11-ge7598ed5bc4f-ab13636347//kernel/drivers/net/usb/usbnet.ko
04-07 06:54:06.457   417   417 I modprobe: Loading module /system_dlkm/lib/modules/6.1.112-android14-11-ge7598ed5bc4f-ab13636347//kernel/drivers/net/usb/cdc_ether.ko with args ''
04-07 06:54:06.458   431   431 I modprobe: Loading module /system_dlkm/lib/modules/6.1.112-android14-11-ge7598ed5bc4f-ab13636347//kernel/net/can/can.ko with args 'stats_timer=0'
04-07 06:54:06.459   399   399 I         : CAN device driver interface
04-07 06:54:06.459   399   399 I modprobe: Loaded kernel module /system_dlkm/lib/modules/6.1.112-android14-11-ge7598ed5bc4f-ab13636347//kernel/drivers/net/can/dev/can-dev.ko
04-07 06:54:06.460   400   400 I modprobe: Loading module /system_dlkm/lib/modules/6.1.112-android14-11-ge7598ed5bc4f-ab13636347//kernel/drivers/net/can/vcan.ko with args ''
04-07 06:54:06.461   398   398 I modprobe: Loading module /system_dlkm/lib/modules/6.1.112-android14-11-ge7598ed5bc4f-ab13636347//kernel/drivers/net/mii.ko with args ''
04-07 06:54:06.461   417   417 I usbcore : registered new interface driver cdc_ether
04-07 06:54:06.462   411   411 I modprobe: Loading module /system_dlkm/lib/modules/6.1.112-android14-11-ge7598ed5bc4f-ab13636347//kernel/drivers/net/mii.ko with args ''
04-07 06:54:06.463   447   447 I modprobe: Loading module /system_dlkm/lib/modules/6.1.112-android14-11-ge7598ed5bc4f-ab13636347//kernel/net/6lowpan/6lowpan.ko with args ''
04-07 06:54:06.464   411   411 I modprobe: Loading module /system_dlkm/lib/modules/6.1.112-android14-11-ge7598ed5bc4f-ab13636347//kernel/drivers/net/usb/r8152.ko with args ''
04-07 06:54:06.466   448   448 I modprobe: Loading module /system_dlkm/lib/modules/6.1.112-android14-11-ge7598ed5bc4f-ab13636347//kernel/net/6lowpan/6lowpan.ko with args ''
04-07 06:54:06.466   449   449 I modprobe: Loading module /system_dlkm/lib/modules/6.1.112-android14-11-ge7598ed5bc4f-ab13636347//kernel/net/ieee802154/ieee802154.ko with args ''
04-07 06:54:06.469   446   446 I modprobe: Loading module /system_dlkm/lib/modules/6.1.112-android14-11-ge7598ed5bc4f-ab13636347//kernel/net/6lowpan/6lowpan.ko with args ''
04-07 06:54:06.471   445   445 I modprobe: Loading module /system_dlkm/lib/modules/6.1.112-android14-11-ge7598ed5bc4f-ab13636347//kernel/net/6lowpan/6lowpan.ko with args ''
04-07 06:54:06.473   448   448 I modprobe: Loading module /system_dlkm/lib/modules/6.1.112-android14-11-ge7598ed5bc4f-ab13636347//kernel/net/ieee802154/ieee802154.ko with args ''
04-07 06:54:06.474   444   444 I modprobe: Loading module /system_dlkm/lib/modules/6.1.112-android14-11-ge7598ed5bc4f-ab13636347//kernel/net/6lowpan/6lowpan.ko with args ''
04-07 06:54:06.475   444   444 I modprobe: Loading module /system_dlkm/lib/modules/6.1.112-android14-11-ge7598ed5bc4f-ab13636347//kernel/net/6lowpan/nhc_ipv6.ko with args ''
04-07 06:54:06.475   445   445 I modprobe: Loaded kernel module /system_dlkm/lib/modules/6.1.112-android14-11-ge7598ed5bc4f-ab13636347//kernel/net/6lowpan/6lowpan.ko
04-07 06:54:06.475   445   445 I modprobe: Loading module /system_dlkm/lib/modules/6.1.112-android14-11-ge7598ed5bc4f-ab13636347//kernel/net/6lowpan/nhc_mobility.ko with args ''
04-07 06:54:06.475   448   448 I modprobe: Loaded kernel module /system_dlkm/lib/modules/6.1.112-android14-11-ge7598ed5bc4f-ab13636347//kernel/net/ieee802154/ieee802154.ko
04-07 06:54:06.475   448   448 I modprobe: Loading module /system_dlkm/lib/modules/6.1.112-android14-11-ge7598ed5bc4f-ab13636347//kernel/net/ieee802154/6lowpan/ieee802154_6lowpan.ko with args ''
04-07 06:54:06.476   447   447 I modprobe: Loading module /system_dlkm/lib/modules/6.1.112-android14-11-ge7598ed5bc4f-ab13636347//kernel/net/6lowpan/nhc_udp.ko with args ''
04-07 06:54:06.477   445   445 I modprobe: Loaded kernel module /system_dlkm/lib/modules/6.1.112-android14-11-ge7598ed5bc4f-ab13636347//kernel/net/6lowpan/nhc_mobility.ko
04-07 06:54:06.477   446   446 I modprobe: Loading module /system_dlkm/lib/modules/6.1.112-android14-11-ge7598ed5bc4f-ab13636347//kernel/net/6lowpan/nhc_routing.ko with args ''
04-07 06:54:06.478   447   447 I modprobe: Loaded kernel module /system_dlkm/lib/modules/6.1.112-android14-11-ge7598ed5bc4f-ab13636347//kernel/net/6lowpan/nhc_udp.ko
04-07 06:54:06.479   411   411 I usbcore : registered new device driver r8152-cfgselector
04-07 06:54:06.479   411   411 I usbcore : registered new interface driver r8152
04-07 06:54:06.479   411   411 I modprobe: Loaded kernel module /system_dlkm/lib/modules/6.1.112-android14-11-ge7598ed5bc4f-ab13636347//kernel/drivers/net/usb/r8152.ko
04-07 06:54:06.480   404   404 I modprobe: Loading module /system_dlkm/lib/modules/6.1.112-android14-11-ge7598ed5bc4f-ab13636347//kernel/drivers/net/slip/slhc.ko with args ''
04-07 06:54:06.481   419   419 I modprobe: Loading module /system_dlkm/lib/modules/6.1.112-android14-11-ge7598ed5bc4f-ab13636347//kernel/drivers/net/mii.ko with args ''
04-07 06:54:06.482   419   419 I modprobe: Loading module /system_dlkm/lib/modules/6.1.112-android14-11-ge7598ed5bc4f-ab13636347//kernel/drivers/net/usb/usbnet.ko with args ''
04-07 06:54:06.482   444   444 I modprobe: Loaded kernel module /system_dlkm/lib/modules/6.1.112-android14-11-ge7598ed5bc4f-ab13636347//kernel/net/6lowpan/nhc_ipv6.ko
04-07 06:54:06.482   404   404 I modprobe: Loaded kernel module /system_dlkm/lib/modules/6.1.112-android14-11-ge7598ed5bc4f-ab13636347//kernel/drivers/net/slip/slhc.ko
04-07 06:54:06.483   404   404 I modprobe: Loading module /system_dlkm/lib/modules/6.1.112-android14-11-ge7598ed5bc4f-ab13636347//kernel/drivers/net/ppp/ppp_generic.ko with args ''
04-07 06:54:06.483   419   419 I modprobe: Loading module /system_dlkm/lib/modules/6.1.112-android14-11-ge7598ed5bc4f-ab13636347//kernel/drivers/net/usb/cdc_ether.ko with args ''
04-07 06:54:06.483   403   403 I modprobe: Loading module /system_dlkm/lib/modules/6.1.112-android14-11-ge7598ed5bc4f-ab13636347//kernel/drivers/net/ppp/ppp_generic.ko with args ''
04-07 06:54:06.483   419   419 I modprobe: Loading module /system_dlkm/lib/modules/6.1.112-android14-11-ge7598ed5bc4f-ab13636347//kernel/drivers/net/usb/r8152.ko with args ''
04-07 06:54:06.485   419   419 I modprobe: Loading module /system_dlkm/lib/modules/6.1.112-android14-11-ge7598ed5bc4f-ab13636347//kernel/drivers/net/usb/r8153_ecm.ko with args ''
04-07 06:54:06.489   429   429 I modprobe: Loading module /system_dlkm/lib/modules/6.1.112-android14-11-ge7598ed5bc4f-ab13636347//kernel/net/can/can.ko with args 'stats_timer=0'
04-07 06:54:06.489   408   408 I modprobe: Loading module /system_dlkm/lib/modules/6.1.112-android14-11-ge7598ed5bc4f-ab13636347//kernel/drivers/net/slip/slhc.ko with args ''
04-07 06:54:06.491   420   420 I modprobe: Loading module /system_dlkm/lib/modules/6.1.112-android14-11-ge7598ed5bc4f-ab13636347//kernel/drivers/usb/class/cdc-acm.ko with args ''
04-07 06:54:06.491   414   414 I modprobe: Loading module /system_dlkm/lib/modules/6.1.112-android14-11-ge7598ed5bc4f-ab13636347//kernel/drivers/net/mii.ko with args ''
04-07 06:54:06.493   430   430 I modprobe: Loading module /system_dlkm/lib/modules/6.1.112-android14-11-ge7598ed5bc4f-ab13636347//kernel/net/can/can.ko with args 'stats_timer=0'
04-07 06:54:06.493   414   414 I modprobe: Loading module /system_dlkm/lib/modules/6.1.112-android14-11-ge7598ed5bc4f-ab13636347//kernel/drivers/net/usb/usbnet.ko with args ''
04-07 06:54:06.494   452   452 I modprobe: Loading module /system_dlkm/lib/modules/6.1.112-android14-11-ge7598ed5bc4f-ab13636347//kernel/net/rfkill/rfkill.ko with args ''
04-07 06:54:06.495   427   427 I modprobe: Loading module /system_dlkm/lib/modules/6.1.112-android14-11-ge7598ed5bc4f-ab13636347//kernel/net/8021q/8021q.ko with args ''
04-07 06:54:06.495   414   414 I modprobe: Loading module /system_dlkm/lib/modules/6.1.112-android14-11-ge7598ed5bc4f-ab13636347//kernel/drivers/net/usb/cdc_ether.ko with args ''
04-07 06:54:06.495   410   410 I modprobe: Loading module /system_dlkm/lib/modules/6.1.112-android14-11-ge7598ed5bc4f-ab13636347//kernel/drivers/net/usb/rtl8150.ko with args ''
04-07 06:54:06.496   412   412 I modprobe: Loading module /system_dlkm/lib/modules/6.1.112-android14-11-ge7598ed5bc4f-ab13636347//kernel/drivers/net/mii.ko with args ''
04-07 06:54:06.496   405   405 I modprobe: Loading module /system_dlkm/lib/modules/6.1.112-android14-11-ge7598ed5bc4f-ab13636347//kernel/drivers/net/slip/slhc.ko with args ''
04-07 06:54:06.498   412   412 I modprobe: Loading module /system_dlkm/lib/modules/6.1.112-android14-11-ge7598ed5bc4f-ab13636347//kernel/drivers/net/usb/usbnet.ko with args ''
04-07 06:54:06.498   415   415 I modprobe: Loading module /system_dlkm/lib/modules/6.1.112-android14-11-ge7598ed5bc4f-ab13636347//kernel/drivers/net/mii.ko with args ''
04-07 06:54:06.498   405   405 I modprobe: Loading module /system_dlkm/lib/modules/6.1.112-android14-11-ge7598ed5bc4f-ab13636347//kernel/drivers/net/ppp/ppp_generic.ko with args ''
04-07 06:54:06.499   451   451 I modprobe: Loading module /system_dlkm/lib/modules/6.1.112-android14-11-ge7598ed5bc4f-ab13636347//kernel/net/ieee802154/ieee802154.ko with args ''
04-07 06:54:06.499   395   395 I modprobe: Loading module /system_dlkm/lib/modules/6.1.112-android14-11-ge7598ed5bc4f-ab13636347//kernel/mm/zsmalloc.ko with args ''
04-07 06:54:06.500   412   412 I modprobe: Loading module /system_dlkm/lib/modules/6.1.112-android14-11-ge7598ed5bc4f-ab13636347//kernel/drivers/net/usb/asix.ko with args ''
04-07 06:54:06.500   413   413 I modprobe: Loading module /system_dlkm/lib/modules/6.1.112-android14-11-ge7598ed5bc4f-ab13636347//kernel/drivers/net/mii.ko with args ''
04-07 06:54:06.500   415   415 I modprobe: Loading module /system_dlkm/lib/modules/6.1.112-android14-11-ge7598ed5bc4f-ab13636347//kernel/drivers/net/usb/usbnet.ko with args ''
04-07 06:54:06.501   429   429 I can     : controller area network core
04-07 06:54:06.501   429   429 I NET     : Registered PF_CAN protocol family
04-07 06:54:06.501   430   430 I modprobe: Loading module /system_dlkm/lib/modules/6.1.112-android14-11-ge7598ed5bc4f-ab13636347//kernel/net/can/can-bcm.ko with args ''
04-07 06:54:06.502   429   429 I modprobe: Loaded kernel module /system_dlkm/lib/modules/6.1.112-android14-11-ge7598ed5bc4f-ab13636347//kernel/net/can/can.ko
04-07 06:54:06.502   429   429 I modprobe: Loading module /system_dlkm/lib/modules/6.1.112-android14-11-ge7598ed5bc4f-ab13636347//kernel/net/can/can-raw.ko with args ''
04-07 06:54:06.503   418   418 I modprobe: Loading module /system_dlkm/lib/modules/6.1.112-android14-11-ge7598ed5bc4f-ab13636347//kernel/drivers/net/mii.ko with args ''
04-07 06:54:06.504   418   418 I modprobe: Loading module /system_dlkm/lib/modules/6.1.112-android14-11-ge7598ed5bc4f-ab13636347//kernel/drivers/net/usb/usbnet.ko with args ''
04-07 06:54:06.505   418   418 I modprobe: Loading module /system_dlkm/lib/modules/6.1.112-android14-11-ge7598ed5bc4f-ab13636347//kernel/drivers/net/usb/aqc111.ko with args ''
04-07 06:54:06.505   423   423 I modprobe: Loading module /system_dlkm/lib/modules/6.1.112-android14-11-ge7598ed5bc4f-ab13636347//kernel/net/rfkill/rfkill.ko with args ''
04-07 06:54:06.505   441   441 I modprobe: Loading module /system_dlkm/lib/modules/6.1.112-android14-11-ge7598ed5bc4f-ab13636347//kernel/net/6lowpan/6lowpan.ko with args ''
04-07 06:54:06.505   439   439 I modprobe: Loading module /system_dlkm/lib/modules/6.1.112-android14-11-ge7598ed5bc4f-ab13636347//kernel/net/rfkill/rfkill.ko with args ''
04-07 06:54:06.505   425   425 I modprobe: Loading module /system_dlkm/lib/modules/6.1.112-android14-11-ge7598ed5bc4f-ab13636347//kernel/net/rfkill/rfkill.ko with args ''
04-07 06:54:06.505   438   438 I modprobe: Loading module /system_dlkm/lib/modules/6.1.112-android14-11-ge7598ed5bc4f-ab13636347//kernel/net/tipc/tipc.ko with args ''
04-07 06:54:06.506   437   437 I modprobe: Loading module /system_dlkm/lib/modules/6.1.112-android14-11-ge7598ed5bc4f-ab13636347//kernel/net/tipc/tipc.ko with args ''
04-07 06:54:06.507   441   441 I modprobe: Loading module /system_dlkm/lib/modules/6.1.112-android14-11-ge7598ed5bc4f-ab13636347//kernel/net/6lowpan/nhc_dest.ko with args ''
04-07 06:54:06.508   440   440 I modprobe: Loading module /system_dlkm/lib/modules/6.1.112-android14-11-ge7598ed5bc4f-ab13636347//kernel/net/6lowpan/6lowpan.ko with args ''
04-07 06:54:06.509   413   413 I modprobe: Loading module /system_dlkm/lib/modules/6.1.112-android14-11-ge7598ed5bc4f-ab13636347//kernel/drivers/net/usb/usbnet.ko with args ''
04-07 06:54:06.509   406   406 I modprobe: Loading module /system_dlkm/lib/modules/6.1.112-android14-11-ge7598ed5bc4f-ab13636347//kernel/drivers/net/slip/slhc.ko with args ''
04-07 06:54:06.509   442   442 I modprobe: Loading module /system_dlkm/lib/modules/6.1.112-android14-11-ge7598ed5bc4f-ab13636347//kernel/net/6lowpan/6lowpan.ko with args ''
04-07 06:54:06.510   394   394 I modprobe: Loading module /system_dlkm/lib/modules/6.1.112-android14-11-ge7598ed5bc4f-ab13636347//kernel/kernel/kheaders.ko with args ''
04-07 06:54:06.511   413   413 I modprobe: Loading module /system_dlkm/lib/modules/6.1.112-android14-11-ge7598ed5bc4f-ab13636347//kernel/drivers/net/usb/ax88179_178a.ko with args ''
04-07 06:54:06.511   442   442 I modprobe: Loading module /system_dlkm/lib/modules/6.1.112-android14-11-ge7598ed5bc4f-ab13636347//kernel/net/6lowpan/nhc_fragment.ko with args ''
04-07 06:54:06.512   406   406 I modprobe: Loading module /system_dlkm/lib/modules/6.1.112-android14-11-ge7598ed5bc4f-ab13636347//kernel/drivers/net/ppp/ppp_generic.ko with args ''
04-07 06:54:06.513   432   432 I modprobe: Loading module /system_dlkm/lib/modules/6.1.112-android14-11-ge7598ed5bc4f-ab13636347//kernel/net/rfkill/rfkill.ko with args ''
04-07 06:54:06.513   421   421 I modprobe: Loading module /system_dlkm/lib/modules/6.1.112-android14-11-ge7598ed5bc4f-ab13636347//kernel/drivers/usb/serial/usbserial.ko with args ''
04-07 06:54:06.514   443   443 I modprobe: Loading module /system_dlkm/lib/modules/6.1.112-android14-11-ge7598ed5bc4f-ab13636347//kernel/net/6lowpan/6lowpan.ko with args ''
04-07 06:54:06.514   451   451 I modprobe: Loading module /system_dlkm/lib/modules/6.1.112-android14-11-ge7598ed5bc4f-ab13636347//kernel/net/mac802154/mac802154.ko with args ''
04-07 06:54:06.514   428   428 I modprobe: Loading module /system_dlkm/lib/modules/6.1.112-android14-11-ge7598ed5bc4f-ab13636347//kernel/net/can/can.ko with args 'stats_timer=0'
04-07 06:54:06.514   443   443 I modprobe: Loading module /system_dlkm/lib/modules/6.1.112-android14-11-ge7598ed5bc4f-ab13636347//kernel/net/6lowpan/nhc_hop.ko with args ''
04-07 06:54:06.515   417   417 I modprobe: Loaded kernel module /system_dlkm/lib/modules/6.1.112-android14-11-ge7598ed5bc4f-ab13636347//kernel/drivers/net/usb/cdc_ether.ko
04-07 06:54:06.515   417   417 I modprobe: Loading module /system_dlkm/lib/modules/6.1.112-android14-11-ge7598ed5bc4f-ab13636347//kernel/drivers/net/usb/cdc_ncm.ko with args ''
04-07 06:54:06.516   426   426 I modprobe: Loading module /system_dlkm/lib/modules/6.1.112-android14-11-ge7598ed5bc4f-ab13636347//kernel/net/rfkill/rfkill.ko with args ''
04-07 06:54:06.516   415   415 I modprobe: Loading module /system_dlkm/lib/modules/6.1.112-android14-11-ge7598ed5bc4f-ab13636347//kernel/drivers/net/usb/cdc_eem.ko with args ''
04-07 06:54:06.516   404   404 I         : PPP generic driver version 2.4.2
04-07 06:54:06.516   438   438 I tipc    : Activated (version 2.0.0)
04-07 06:54:06.516   438   438 I NET     : Registered PF_TIPC protocol family
04-07 06:54:06.516   438   438 I tipc    : Started in single node mode
04-07 06:54:06.516   433   433 I modprobe: Loaded kernel module /system_dlkm/lib/modules/6.1.112-android14-11-ge7598ed5bc4f-ab13636347//kernel/net/rfkill/rfkill.ko
04-07 06:54:06.516   438   438 I modprobe: Loaded kernel module /system_dlkm/lib/modules/6.1.112-android14-11-ge7598ed5bc4f-ab13636347//kernel/net/tipc/tipc.ko
04-07 06:54:06.516   438   438 I modprobe: Loading module /system_dlkm/lib/modules/6.1.112-android14-11-ge7598ed5bc4f-ab13636347//kernel/net/tipc/diag.ko with args ''
04-07 06:54:06.516   404   404 I modprobe: Loaded kernel module /system_dlkm/lib/modules/6.1.112-android14-11-ge7598ed5bc4f-ab13636347//kernel/drivers/net/ppp/ppp_generic.ko
04-07 06:54:06.516   452   452 I modprobe: Loading module /system_dlkm/lib/modules/6.1.112-android14-11-ge7598ed5bc4f-ab13636347//kernel/net/nfc/nfc.ko with args ''
04-07 06:54:06.516   404   404 I modprobe: Loading module /system_dlkm/lib/modules/6.1.112-android14-11-ge7598ed5bc4f-ab13636347//kernel/drivers/net/ppp/ppp_deflate.ko with args ''
04-07 06:54:06.517   433   433 I modprobe: Loading module /system_dlkm/lib/modules/6.1.112-android14-11-ge7598ed5bc4f-ab13636347//kernel/net/bluetooth/bluetooth.ko with args ''
04-07 06:54:06.518   406   406 I modprobe: Loading module /system_dlkm/lib/modules/6.1.112-android14-11-ge7598ed5bc4f-ab13636347//kernel/drivers/net/ppp/pppox.ko with args ''
04-07 06:54:06.519   407   407 I modprobe: Loading module /system_dlkm/lib/modules/6.1.112-android14-11-ge7598ed5bc4f-ab13636347//kernel/drivers/net/slip/slhc.ko with args ''
04-07 06:54:06.520   435   435 I modprobe: Loading module /system_dlkm/lib/modules/6.1.112-android14-11-ge7598ed5bc4f-ab13636347//kernel/net/l2tp/l2tp_core.ko with args ''
04-07 06:54:06.520   407   407 I modprobe: Loading module /system_dlkm/lib/modules/6.1.112-android14-11-ge7598ed5bc4f-ab13636347//kernel/drivers/net/ppp/ppp_generic.ko with args ''
04-07 06:54:06.520   452   452 I nfc     : nfc_init: NFC Core ver 0.1
04-07 06:54:06.520   452   452 I NET     : Registered PF_NFC protocol family
04-07 06:54:06.520   452   452 I modprobe: Loaded kernel module /system_dlkm/lib/modules/6.1.112-android14-11-ge7598ed5bc4f-ab13636347//kernel/net/nfc/nfc.ko
04-07 06:54:06.521   426   426 I modprobe: Loading module /system_dlkm/lib/modules/6.1.112-android14-11-ge7598ed5bc4f-ab13636347//kernel/net/bluetooth/bluetooth.ko with args ''
04-07 06:54:06.521   407   407 I modprobe: Loading module /system_dlkm/lib/modules/6.1.112-android14-11-ge7598ed5bc4f-ab13636347//kernel/drivers/net/ppp/pppox.ko with args ''
04-07 06:54:06.522   417   417 I usbcore : registered new interface driver cdc_ncm
04-07 06:54:06.522   417   417 I modprobe: Loaded kernel module /system_dlkm/lib/modules/6.1.112-android14-11-ge7598ed5bc4f-ab13636347//kernel/drivers/net/usb/cdc_ncm.ko
04-07 06:54:06.523   436   436 I modprobe: Loading module /system_dlkm/lib/modules/6.1.112-android14-11-ge7598ed5bc4f-ab13636347//kernel/drivers/net/slip/slhc.ko with args ''
04-07 06:54:06.524   424   424 I modprobe: Loading module /system_dlkm/lib/modules/6.1.112-android14-11-ge7598ed5bc4f-ab13636347//kernel/net/rfkill/rfkill.ko with args ''
04-07 06:54:06.525   424   424 I modprobe: Loading module /system_dlkm/lib/modules/6.1.112-android14-11-ge7598ed5bc4f-ab13636347//kernel/net/bluetooth/bluetooth.ko with args ''
04-07 06:54:06.525   438   438 I modprobe: Loaded kernel module /system_dlkm/lib/modules/6.1.112-android14-11-ge7598ed5bc4f-ab13636347//kernel/net/tipc/diag.ko
04-07 06:54:06.525   436   436 I modprobe: Loading module /system_dlkm/lib/modules/6.1.112-android14-11-ge7598ed5bc4f-ab13636347//kernel/drivers/net/ppp/ppp_generic.ko with args ''
04-07 06:54:06.528   422   422 I modprobe: Loading module /system_dlkm/lib/modules/6.1.112-android14-11-ge7598ed5bc4f-ab13636347//kernel/drivers/usb/serial/usbserial.ko with args ''
04-07 06:54:06.528   436   436 I modprobe: Loading module /system_dlkm/lib/modules/6.1.112-android14-11-ge7598ed5bc4f-ab13636347//kernel/drivers/net/ppp/pppox.ko with args ''
04-07 06:54:06.530   422   422 I modprobe: Loaded kernel module /system_dlkm/lib/modules/6.1.112-android14-11-ge7598ed5bc4f-ab13636347//kernel/drivers/usb/serial/usbserial.ko
04-07 06:54:06.530   422   422 I modprobe: Loading module /system_dlkm/lib/modules/6.1.112-android14-11-ge7598ed5bc4f-ab13636347//kernel/drivers/usb/serial/ftdi_sio.ko with args ''
04-07 06:54:06.531   436   436 I NET     : Registered PF_PPPOX protocol family
