01-07 23:17:25.015   457   457 I servicemanager: Caller(pid=2378,uid=1000,sid=u:r:system_server:s0) Found vendor.qti.qspmhal.IQspmhal/default in device VINTF manifest.
01-07 23:17:25.102  5625  5625 I         : wl2866d_read_reg 0a@0e
01-07 23:17:25.102  5625  5625 I wl2866d pwr_ctrl: WL2866D_AVDD2
01-07 23:17:25.102  5625  5625 I wl2866d pwr_ctrl: power off, set reg 02
01-07 23:17:25.103  5625  5625 I CAM_INFO: CAM-SENSOR: cam_sensor_util_power_down: 2567 wl2866d_iotype = [16], wl2866_time_delay is [1000]
01-07 23:17:25.105  5625  5625 I         : wl2866d_read_reg 02@0e
01-07 23:17:25.105  5625  5625 I wl2866d pwr_ctrl: WL2866D_DVDD2
01-07 23:17:25.106  5625  5625 I wl2866d pwr_ctrl: power off, set reg 00
01-07 23:17:25.107  5625  5625 I CAM_INFO: CAM-SENSOR: cam_sensor_util_power_down: 2567 wl2866d_iotype = [14], wl2866_time_delay is [1000]
01-07 23:17:37.121  2378  3373 D CoreBackPreview: Window{8f40583 u0 org.lineageos.aperture/org.lineageos.aperture.CameraLauncher}: Setting back callback null
01-07 23:17:25.124  5625  5625 I         : wl2866d_read_reg 00@0e
01-07 23:17:25.124  5625  5625 I wl2866d pwr_ctrl: WL2866D_DVDD1
01-07 23:17:25.124  5625  5625 I wl2866d pwr_ctrl: power on, set DVDD voltage 1200000
01-07 23:17:25.124  5625  5625 I         : wl2866d_read_reg 64@03
01-07 23:17:25.124  5625  5625 I wl2866d : voltage is right, no need write reg
01-07 23:17:25.124  5625  5625 I wl2866d pwr_ctrl: power on, set reg 01
01-07 23:17:25.126  5625  5625 I CAM_INFO: CAM-SENSOR: cam_sensor_core_power_up: 2269 power_setting->seq_type = [13], wl2866_time_delay is [1000]
01-07 23:17:25.128  5625  5625 I         : wl2866d_read_reg 01@0e
01-07 23:17:25.128  5625  5625 I wl2866d pwr_ctrl: WL2866D_AVDD1
01-07 23:17:25.128  5625  5625 I wl2866d pwr_ctrl: power on, set AVDD voltage 2800000
01-07 23:17:25.129  5625  5625 I         : wl2866d_read_reg 80@05
01-07 23:17:25.129  5625  5625 I wl2866d : voltage is right, no need write reg
01-07 23:17:25.129  5625  5625 I wl2866d pwr_ctrl: power on, set reg 05
01-07 23:17:25.130  5625  5625 I CAM_INFO: CAM-SENSOR: cam_sensor_core_power_up: 2269 power_setting->seq_type = [15], wl2866_time_delay is [1000]
01-07 23:17:37.135  2378  3259 D BackgroundInstallControlService: Package event received: 0
01-07 23:17:25.215   457   457 I servicemanager: Caller(pid=4909,uid=10160,sid=u:r:rkpdapp:s0:c160,c256,c512,c768) Since 'android.hardware.drm.IDrmFactory/wfdhdcp' could not be found trying to start it as a lazy AIDL service. (if it's not configured to be a lazy service, it may be stuck starting or still starting).
01-07 23:17:25.218     1     1 E init    : Control message: Could not find 'aidl/android.hardware.drm.IDrmFactory/wfdhdcp' for ctl.interface_start from pid: 457 (/system/bin/servicemanager)
01-07 23:17:25.219  5665  5665 I servicemanager: Caller(pid=4909,uid=10160,sid=u:r:rkpdapp:s0:c160,c256,c512,c768) Tried to start aidl service android.hardware.drm.IDrmFactory/wfdhdcp as a lazy service, but was unable to. Usually this happens when a service is not installed, but if the service is intended to be used as a lazy service, then it may be configured incorrectly.
01-07 23:17:25.288   457   457 I servicemanager: Caller(pid=2378,uid=1000,sid=u:r:system_server:s0) Since 'android.hardware.biometrics.fingerprint.virtualhal.IVirtualHal/virtual' could not be found trying to start it as a lazy AIDL service. (if it's not configured to be a lazy service, it may be stuck starting or still starting).
01-07 23:17:25.291     1     1 E init    : Control message: Could not find 'aidl/android.hardware.biometrics.fingerprint.virtualhal.IVirtualHal/virtual' for ctl.interface_start from pid: 457 (/system/bin/servicemanager)
01-07 23:17:25.292  5667  5667 I servicemanager: Caller(pid=2378,uid=1000,sid=u:r:system_server:s0) Tried to start aidl service android.hardware.biometrics.fingerprint.virtualhal.IVirtualHal/virtual as a lazy service, but was unable to. Usually this happens when a service is not installed, but if the service is intended to be used as a lazy service, then it may be configured incorrectly.
01-07 23:17:25.489  5625  5625 I         : wl2866d_read_reg 05@0e
01-07 23:17:25.489  5625  5625 I wl2866d pwr_ctrl: WL2866D_AVDD1
01-07 23:17:25.489  5625  5625 I wl2866d pwr_ctrl: power off, set reg 01
01-07 23:17:25.491  5625  5625 I CAM_INFO: CAM-SENSOR: cam_sensor_util_power_down: 2567 wl2866d_iotype = [15], wl2866_time_delay is [1000]
01-07 23:17:25.494  5625  5625 I         : wl2866d_read_reg 01@0e
01-07 23:17:25.494  5625  5625 I wl2866d pwr_ctrl: WL2866D_DVDD1
01-07 23:17:25.494  5625  5625 I wl2866d pwr_ctrl: power off, set reg 00
01-07 23:17:25.496  5625  5625 I CAM_INFO: CAM-SENSOR: cam_sensor_util_power_down: 2567 wl2866d_iotype = [13], wl2866_time_delay is [1000]
01-07 23:17:38.051  3313  3356 D WindowManagerShell: setLauncherKeepClearAreaHeight: visible=false, height=208
01-07 23:17:38.056  2378  3259 D BackgroundInstallControlService: Package event received: 0
01-07 23:17:26.114   932   932 D [FTS_TS]fts_input_report_b: [B]P0 UP!
01-07 23:17:26.114   932   932 D [FTS_TS]fts_input_report_b: [B]Points All Up!
01-07 23:17:38.122  2378  3259 D BackgroundInstallControlService: Package event received: 0
01-07 23:17:26.218   457   457 I servicemanager: Caller(pid=4909,uid=10160,sid=u:r:rkpdapp:s0:c160,c256,c512,c768) Since 'android.hardware.drm.IDrmFactory/wfdhdcp' could not be found trying to start it as a lazy AIDL service. (if it's not configured to be a lazy service, it may be stuck starting or still starting).
01-07 23:17:26.220     1     1 E init    : Control message: Could not find 'aidl/android.hardware.drm.IDrmFactory/wfdhdcp' for ctl.interface_start from pid: 457 (/system/bin/servicemanager)
01-07 23:17:26.221  5686  5686 I servicemanager: Caller(pid=4909,uid=10160,sid=u:r:rkpdapp:s0:c160,c256,c512,c768) Tried to start aidl service android.hardware.drm.IDrmFactory/wfdhdcp as a lazy service, but was unable to. Usually this happens when a service is not installed, but if the service is intended to be used as a lazy service, then it may be configured incorrectly.
01-07 23:17:26.292   457   457 I servicemanager: Caller(pid=2378,uid=1000,sid=u:r:system_server:s0) Since 'android.hardware.biometrics.fingerprint.virtualhal.IVirtualHal/virtual' could not be found trying to start it as a lazy AIDL service. (if it's not configured to be a lazy service, it may be stuck starting or still starting).
01-07 23:17:26.296     1     1 E init    : Control message: Could not find 'aidl/android.hardware.biometrics.fingerprint.virtualhal.IVirtualHal/virtual' for ctl.interface_start from pid: 457 (/system/bin/servicemanager)
01-07 23:17:26.296  5688  5688 I servicemanager: Caller(pid=2378,uid=1000,sid=u:r:system_server:s0) Tried to start aidl service android.hardware.biometrics.fingerprint.virtualhal.IVirtualHal/virtual as a lazy service, but was unable to. Usually this happens when a service is not installed, but if the service is intended to be used as a lazy service, then it may be configured incorrectly.
01-07 23:17:38.329  2378  5197 W NotificationService: Toast already killed. pkg=org.lineageos.aperture token=android.os.BinderProxy@a2887b7
01-07 23:17:38.399  2378  2658 D ActivityManager: freezing 4543 com.android.managedprovisioning
01-07 23:17:38.440  2378  2658 D ActivityManager: freezing 4527 com.android.packageinstaller
01-07 23:17:26.556   932   932 D [FTS_TS]fts_input_report_b: [B]P0 UP!
01-07 23:17:26.556   932   932 D [FTS_TS]fts_input_report_b: [B]Points All Up!
01-07 23:17:38.577  2378  2621 W OptProp : Cannot read opt property android.window.PROPERTY_COMPAT_ALLOW_MIN_ASPECT_RATIO_OVERRIDE
01-07 23:17:38.581  2378  2621 W OptProp : Cannot read opt property android.window.PROPERTY_COMPAT_ALLOW_RESIZEABLE_ACTIVITY_OVERRIDES
01-07 23:17:38.582  2378  2621 W OptProp : Cannot read opt property android.window.PROPERTY_COMPAT_ALLOW_ORIENTATION_OVERRIDE
01-07 23:17:26.584  4799  4799 I adsp_sleepmon: Audio: num_sessions=1,num_lpi_sessions=0,timer_pending=0
01-07 23:17:38.590  2378  2621 I ActivityTaskManager: START u0 {act=android.intent.action.MAIN cat=[android.intent.category.LAUNCHER] flg=0x10200000 xflg=0x4 cmp=com.android.settings/.Settings bnds=[432,733][576,973]} with LAUNCH_MULTIPLE from uid 10135 (sr=115145577) (BAL_ALLOW_VISIBLE_WINDOW) result code=0
01-07 23:17:26.590  4799  4799 I adsp_sleepmon: Audio: num_sessions=0,num_lpi_sessions=0,timer_pending=1
01-07 23:17:38.593  3313  3356 V WindowManagerShell: Transition requested (#21): android.os.BinderProxy@8729645 TransitionRequestInfo { type = OPEN, triggerTask = TaskInfo{userId=0 taskId=9 effectiveUid=1000 displayId=0 isRunning=true baseIntent=Intent { act=android.intent.action.MAIN cat=[android.intent.category.LAUNCHER] flg=0x10200000 cmp=com.android.settings/.Settings } baseActivity=ComponentInfo{com.android.settings/com.android.settings.homepage.SettingsHomepageActivity} topActivity=ComponentInfo{com.android.settings/com.android.settings.homepage.SettingsHomepageActivity} origActivity=ComponentInfo{com.android.settings/com.android.settings.Settings} realActivity=ComponentInfo{com.android.settings/com.android.settings.homepage.SettingsHomepageActivity} numActivities=1 lastActiveTime=67584 supportsMultiWindow=true resizeMode=1 isResizeable=true minWidth=-1 minHeight=-1 defaultMinSize=220 token=WCT{android.window.IWindowContainerToken$Stub$Proxy@f1319a} topActivityType=1 pictureInPictureParams=null shouldDockBigOverlays=false launchIntoPipHostTaskId=-1 lastParentTaskIdBeforePip=-1 displayCutoutSafeInsets=Rect(0, 106 - 0, 0) topActivityInfo=ActivityInfo{aeb3acb com.android.settings.Settings} launchCookies=[android.os.BinderProxy@61412a8] positionInParent=Point(0, 0) parentTaskId=-1 isFocused=false isVisible=false isVisibleRequested=false isTopActivityNoDisplay=false isSleeping=false locusId=null displayAreaFeatureId=1 isTopActivityTransparent=false isActivityStackTransparent=false lastNonFullscreenBounds=Rect(185, 493 - 535, 1213) capturedLink=null capturedLinkTimestamp=0 requestedVisibleTypes=-9 topActivityRequestOpenInBrowserEducationTimestamp=0 appCompatTaskInfo=AppCompatTaskInfo { topActivityInSizeCompat=false eligibleForLetterboxEducation= false isLetterboxEducationEnabled= false isLetterboxDoubleTapEnabled= false eligibleForUserAspectRatioButton= false topActivityBoundsLetterboxed= false isFromLetterboxDoubleTap= false topActivityLetterboxVerticalPosition= -1 topActivityLetterboxHorizontalPosition= -1 topActivityLetterboxWidth=-1 topActivityLetterboxHeight=-1 topActivityAppBounds=Rect(0, 0 - 720, 1640) isUserFullscreenOverrideEnabled=false isSystemFullscreenOverrideEnabled=false hasMinAspectRatioOverride=false topActivityLetterboxBounds=null cameraCompatTaskInfo=CameraCompatTaskInfo { freeformCameraCompatMode=inactive}} topActivityMainWindowFrame=null}, pipChange = null, remoteTransition = RemoteTransition { remoteTransition = android.window.IRemoteTransition$Stub$Proxy@a2b51c1, appThread = android.app.IApplicationThread$Stub$Proxy@3a0cd66, debugName = QuickstepLaunch }, displayChange = null, flags = 0, debugId = 21 }
01-07 23:17:38.593  3313  3356 D ShellSplitScreen: logExit: no-op, mLoggerSessionId is null
01-07 23:17:38.593  2378  5197 D CompatChangeReporter: Compat change id reported: 377864165; UID 1000; state: ENABLED
01-07 23:17:38.593  3313  3356 V WindowManagerShell: RemoteTransition directly requested for (#21) android.os.BinderProxy@8729645: RemoteTransition { remoteTransition = android.window.IRemoteTransition$Stub$Proxy@a2b51c1, appThread = android.app.IApplicationThread$Stub$Proxy@3a0cd66, debugName = QuickstepLaunch }
01-07 23:17:38.593  3313  3356 V WindowManagerShell: Transition (#21): request handled by DefaultMixedHandler
01-07 23:17:26.604  4799  4799 I adsp_sleepmon: Audio: num_sessions=1,num_lpi_sessions=0,timer_pending=0
01-07 23:17:26.608  4799  4799 I adsp_sleepmon: Audio: num_sessions=0,num_lpi_sessions=0,timer_pending=1
01-07 23:17:38.613  2378  3259 D BackgroundInstallControlService: Package event received: 0
01-07 23:17:38.615  2378  3259 D BackgroundInstallControlService: Package event received: 0
01-07 23:17:38.615  2378  3259 D BackgroundInstallControlService: Package event received: 0
01-07 23:17:38.615  2378  3259 D BackgroundInstallControlService: Package event received: 0
01-07 23:17:38.616  2378  2658 D ActivityManager: freezing 4697 .adservices
01-07 23:17:26.626  4799  4799 I adsp_sleepmon: Audio: num_sessions=1,num_lpi_sessions=0,timer_pending=0
01-07 23:17:26.628  4799  4799 I adsp_sleepmon: Audio: num_sessions=0,num_lpi_sessions=0,timer_pending=1
01-07 23:17:26.642  4799  4799 I adsp_sleepmon: Audio: num_sessions=1,num_lpi_sessions=0,timer_pending=0
01-07 23:17:26.645  4799  4799 I adsp_sleepmon: Audio: num_sessions=0,num_lpi_sessions=0,timer_pending=1
01-07 23:17:26.663  4799  4799 I adsp_sleepmon: Audio: num_sessions=1,num_lpi_sessions=0,timer_pending=0
01-07 23:17:26.668  4799  4799 I adsp_sleepmon: Audio: num_sessions=0,num_lpi_sessions=0,timer_pending=1
01-07 23:17:38.670  2378  2507 V WindowManager: Sent Transition (#21) createdAt=01-07 23:17:38.576 via request=TransitionRequestInfo { type = OPEN, triggerTask = TaskInfo{userId=0 taskId=9 effectiveUid=1000 displayId=0 isRunning=true baseIntent=Intent { act=android.intent.action.MAIN cat=[android.intent.category.LAUNCHER] flg=0x10200000 cmp=com.android.settings/.Settings } baseActivity=ComponentInfo{com.android.settings/com.android.settings.homepage.SettingsHomepageActivity} topActivity=ComponentInfo{com.android.settings/com.android.settings.homepage.SettingsHomepageActivity} origActivity=ComponentInfo{com.android.settings/com.android.settings.Settings} realActivity=ComponentInfo{com.android.settings/com.android.settings.homepage.SettingsHomepageActivity} numActivities=1 lastActiveTime=67584 supportsMultiWindow=true resizeMode=1 isResizeable=true minWidth=-1 minHeight=-1 defaultMinSize=220 token=WCT{RemoteToken{24e7cfd Task{c8ab6af #9 type=standard A=1000:com.android.settings.root}}} topActivityType=1 pictureInPictureParams=null shouldDockBigOverlays=false launchIntoPipHostTaskId=-1 lastParentTaskIdBeforePip=-1 displayCutoutSafeInsets=Rect(0, 106 - 0, 0) topActivityInfo=ActivityInfo{e2e7df2 com.android.settings.Settings} launchCookies=[android.os.BinderProxy@f578c43] positionInParent=Point(0, 0) parentTaskId=-1 isFocused=false isVisible=false isVisibleRequested=false isTopActivityNoDisplay=false isSleeping=false locusId=null displayAreaFeatureId=1 isTopActivityTransparent=false isActivityStackTransparent=false lastNonFullscreenBounds=Rect(185, 493 - 535, 1213) capturedLink=null capturedLinkTimestamp=0 requestedVisibleTypes=-9 topActivityRequestOpenInBrowserEducationTimestamp=0 appCompatTaskInfo=AppCompatTaskInfo { topActivityInSizeCompat=false eligibleForLetterboxEducation= false isLetterboxEducationEnabled= false isLetterboxDoubleTapEnabled= false eligibleForUserAspectRatioButton= false topActivityBoundsLetterboxed= false isFromLetterboxDoubleTap= false topActivityLetterboxVerticalPosition= -1 topActivityLetterboxHorizontalPosition= -1 topActivityLetterboxWidth=-1 topActivityLetterboxHeight=-1 topActivityAppBounds=Rect(0, 0 - 720, 1640) isUserFullscreenOverrideEnabled=false isSystemFullscreenOverrideEnabled=false hasMinAspectRatioOverride=false topActivityLetterboxBounds=null cameraCompatTaskInfo=CameraCompatTaskInfo { freeformCameraCompatMode=inactive}} topActivityMainWindowFrame=null}, pipChange = null, remoteTransition = RemoteTransition { remoteTransition = android.window.IRemoteTransition$Stub$Proxy@3d552c0, appThread = android.app.IApplicationThread$Stub$Proxy@18aebf9, debugName = QuickstepLaunch }, displayChange = null, flags = 0, debugId = 21 }
01-07 23:17:38.670  2378  2507 V WindowManager:     startWCT=WindowContainerTransaction { changes= {} hops= [] errorCallbackToken=null taskFragmentOrganizer=null }
01-07 23:17:38.670  2378  2507 V WindowManager:     info={id=21 t=OPEN f=0x0 trk=0 r=[0@Point(0, 0)] c=[
01-07 23:17:38.670  2378  2507 V WindowManager:         {WCT{RemoteToken{24e7cfd Task{c8ab6af #9 type=standard A=1000:com.android.settings.root}}} m=OPEN f=NONE leash=Surface(name=Task=9)/@0x634cca7 sb=Rect(0, 0 - 720, 1640) eb=Rect(0, 0 - 720, 1640) epz=Point(720, 1640) d=0 taskParent=-1},
01-07 23:17:38.670  2378  2507 V WindowManager:         {WCT{RemoteToken{3373b6e Task{bb02f5c #1 type=home}}} m=TO_BACK f=SHOW_WALLPAPER leash=Surface(name=Task=1)/@0x3ffbb1c sb=Rect(0, 0 - 720, 1640) eb=Rect(0, 0 - 720, 1640) epz=Point(720, 1640) d=0 taskParent=-1},
01-07 23:17:38.670  2378  2507 V WindowManager:         {m=TO_BACK f=IS_WALLPAPER leash=Surface(name=WallpaperWindowToken{4f48769 showWhenLocked=false})/@0x870a3a5 sb=Rect(0, 0 - 720, 1640) eb=Rect(0, 0 - 720, 1640) epz=Point(720, 1640) d=0}
01-07 23:17:38.670  2378  2507 V WindowManager:     ]}
01-07 23:17:38.671  3313  3741 V WindowManagerShell: onTransitionReady(transaction=10213432231228)
01-07 23:17:38.673  3313  3356 V WindowManagerShell: onTransitionReady (#21) android.os.BinderProxy@8729645: {id=21 t=OPEN f=0x0 trk=0 r=[0@Point(0, 0)] c=[
01-07 23:17:38.673  3313  3356 V WindowManagerShell:         {m=OPEN f=NONE leash=Surface(name=Task=9)/@0xc6bd7ee sb=Rect(0, 0 - 720, 1640) eb=Rect(0, 0 - 720, 1640) epz=Point(720, 1640) d=0 taskParent=-1},
01-07 23:17:38.673  3313  3356 V WindowManagerShell:         {m=TO_BACK f=SHOW_WALLPAPER leash=Surface(name=Task=1)/@0x5c9a48f sb=Rect(0, 0 - 720, 1640) eb=Rect(0, 0 - 720, 1640) epz=Point(720, 1640) d=0 taskParent=-1},
01-07 23:17:38.673  3313  3356 V WindowManagerShell:         {m=TO_BACK f=IS_WALLPAPER leash=Surface(name=WallpaperWindowToken{4f48769 showWhenLocked=false})/@0xc98d31c sb=Rect(0, 0 - 720, 1640) eb=Rect(0, 0 - 720, 1640) epz=Point(720, 1640) d=0}
01-07 23:17:38.673  3313  3356 V WindowManagerShell:     ]}
01-07 23:17:38.673  2378  2658 D ActivityManager: freezing 4715 com.android.devicediagnostics
01-07 23:17:38.673  3313  3356 V WindowManagerShell: Playing animation for (#21) android.os.BinderProxy@8729645@0
01-07 23:17:38.674  3313  3356 V WindowManagerShell:  try firstHandler com.android.wm.shell.transition.DefaultMixedHandler@dbd3fa8
01-07 23:17:38.674  3313  3356 V WindowManagerShell: Mixed transition for opening an intent with a remote transition and PIP or Desktop #21
01-07 23:17:38.674  3313  3356 V WindowManagerShell: tryAnimateOpenIntentWithRemoteAndPipOrDesktop
01-07 23:17:38.674  3313  3356 V WindowManagerShell:  Delegate animation for (#21) to RemoteTransition { remoteTransition = android.window.IRemoteTransition$Stub$Proxy@a2b51c1, appThread = android.app.IApplicationThread$Stub$Proxy@3a0cd66, debugName = QuickstepLaunch }
01-07 23:17:38.676  3313  3356 V WindowManagerShell:  animated by firstHandler
01-07 23:17:26.684  4799  4799 I adsp_sleepmon: Audio: num_sessions=1,num_lpi_sessions=0,timer_pending=0
01-07 23:17:26.688  4799  4799 I adsp_sleepmon: Audio: num_sessions=0,num_lpi_sessions=0,timer_pending=1
01-07 23:17:38.702  2378  5197 E UserRestrictionsUtils: Unknown restriction queried by uid 1000 (com.android.server.telecom et al): null
01-07 23:17:38.703  2378  5194 E UserRestrictionsUtils: Unknown restriction queried by uid 1000 (com.android.server.telecom et al): null
01-07 23:17:26.704  4799  4799 I adsp_sleepmon: Audio: num_sessions=1,num_lpi_sessions=0,timer_pending=0
01-07 23:17:26.706  4799  4799 I adsp_sleepmon: Audio: num_sessions=0,num_lpi_sessions=0,timer_pending=1
01-07 23:17:26.725  4799  4799 I adsp_sleepmon: Audio: num_sessions=1,num_lpi_sessions=0,timer_pending=0
01-07 23:17:26.729  4799  4799 I adsp_sleepmon: Audio: num_sessions=0,num_lpi_sessions=0,timer_pending=1
01-07 23:17:26.740  4799  4799 I adsp_sleepmon: Audio: num_sessions=1,num_lpi_sessions=0,timer_pending=0
01-07 23:17:26.743  4799  4799 I adsp_sleepmon: Audio: num_sessions=0,num_lpi_sessions=0,timer_pending=1
01-07 23:17:26.756  4799  4799 I adsp_sleepmon: Audio: num_sessions=1,num_lpi_sessions=0,timer_pending=0
01-07 23:17:26.759  4799  4799 I adsp_sleepmon: Audio: num_sessions=0,num_lpi_sessions=0,timer_pending=1
01-07 23:17:26.775  4799  4799 I adsp_sleepmon: Audio: num_sessions=1,num_lpi_sessions=0,timer_pending=0
01-07 23:17:38.779  2378  2658 D ActivityManager: freezing 4740 com.android.federatedcompute.services
01-07 23:17:26.778  4799  4799 I adsp_sleepmon: Audio: num_sessions=0,num_lpi_sessions=0,timer_pending=1
01-07 23:17:38.783  2378  5132 D CoreBackPreview: Window{7c5aa87 u0 com.android.settings/com.android.settings.Settings}: Setting back callback OnBackInvokedCallbackInfo{mCallback=android.window.IOnBackInvokedCallback$Stub$Proxy@b486823, mPriority=-1, mIsAnimationCallback=false, mOverrideBehavior=0}
01-07 23:17:26.795  4799  4799 I adsp_sleepmon: Audio: num_sessions=1,num_lpi_sessions=0,timer_pending=0
01-07 23:17:26.802  4799  4799 I adsp_sleepmon: Audio: num_sessions=0,num_lpi_sessions=0,timer_pending=1
01-07 23:17:26.821  4799  4799 I adsp_sleepmon: Audio: num_sessions=1,num_lpi_sessions=0,timer_pending=0
01-07 23:17:26.826  4799  4799 I adsp_sleepmon: Audio: num_sessions=0,num_lpi_sessions=0,timer_pending=1
01-07 23:17:26.845  4799  4799 I adsp_sleepmon: Audio: num_sessions=1,num_lpi_sessions=0,timer_pending=0
01-07 23:17:26.851  4799  4799 I adsp_sleepmon: Audio: num_sessions=0,num_lpi_sessions=0,timer_pending=1
01-07 23:17:26.871  4799  4799 I adsp_sleepmon: Audio: num_sessions=1,num_lpi_sessions=0,timer_pending=0
01-07 23:17:26.876  4799  4799 I adsp_sleepmon: Audio: num_sessions=0,num_lpi_sessions=0,timer_pending=1
01-07 23:17:38.887  2378  2623 D StorageStatsService: getFreeBytes: 1524883456
01-07 23:17:26.890  4799  4799 I adsp_sleepmon: Audio: num_sessions=1,num_lpi_sessions=0,timer_pending=0
01-07 23:17:26.892  4799  4799 I adsp_sleepmon: Audio: num_sessions=0,num_lpi_sessions=0,timer_pending=1
01-07 23:17:26.904  4799  4799 I adsp_sleepmon: Audio: num_sessions=1,num_lpi_sessions=0,timer_pending=0
01-07 23:17:26.910  4799  4799 I adsp_sleepmon: Audio: num_sessions=0,num_lpi_sessions=0,timer_pending=1
01-07 23:17:38.923  2378  2658 D ActivityManager: freezing 4785 com.android.hotwordenrollment.okgoogle
01-07 23:17:26.926  4799  4799 I adsp_sleepmon: Audio: num_sessions=1,num_lpi_sessions=0,timer_pending=0
01-07 23:17:26.932  4799  4799 I adsp_sleepmon: Audio: num_sessions=0,num_lpi_sessions=0,timer_pending=1
01-07 23:17:26.953  4799  4799 I adsp_sleepmon: Audio: num_sessions=1,num_lpi_sessions=0,timer_pending=0
01-07 23:17:26.959  4799  4799 I adsp_sleepmon: Audio: num_sessions=0,num_lpi_sessions=0,timer_pending=1
01-07 23:17:26.979  4799  4799 I adsp_sleepmon: Audio: num_sessions=1,num_lpi_sessions=0,timer_pending=0
01-07 23:17:26.986  4799  4799 I adsp_sleepmon: Audio: num_sessions=0,num_lpi_sessions=0,timer_pending=1
01-07 23:17:38.994  2378  2658 D ActivityManager: freezing 4802 com.android.hotwordenrollment.xgoogle
01-07 23:17:27.005  4799  4799 I adsp_sleepmon: Audio: num_sessions=1,num_lpi_sessions=0,timer_pending=0
01-07 23:17:27.011  4799  4799 I adsp_sleepmon: Audio: num_sessions=0,num_lpi_sessions=0,timer_pending=1
01-07 23:17:27.031  4799  4799 I adsp_sleepmon: Audio: num_sessions=1,num_lpi_sessions=0,timer_pending=0
01-07 23:17:27.037  4799  4799 I adsp_sleepmon: Audio: num_sessions=0,num_lpi_sessions=0,timer_pending=1
01-07 23:17:27.053  4799  4799 I adsp_sleepmon: Audio: num_sessions=1,num_lpi_sessions=0,timer_pending=0
01-07 23:17:27.056  4799  4799 I adsp_sleepmon: Audio: num_sessions=0,num_lpi_sessions=0,timer_pending=1
01-07 23:17:27.072  4799  4799 I adsp_sleepmon: Audio: num_sessions=1,num_lpi_sessions=0,timer_pending=0
01-07 23:17:27.079  4799  4799 I adsp_sleepmon: Audio: num_sessions=0,num_lpi_sessions=0,timer_pending=1
01-07 23:17:27.099  4799  4799 I adsp_sleepmon: Audio: num_sessions=1,num_lpi_sessions=0,timer_pending=0
01-07 23:17:27.107  4799  4799 I adsp_sleepmon: Audio: num_sessions=0,num_lpi_sessions=0,timer_pending=1
01-07 23:17:27.131  4799  4799 I adsp_sleepmon: Audio: num_sessions=1,num_lpi_sessions=0,timer_pending=0
01-07 23:17:27.138  4799  4799 I adsp_sleepmon: Audio: num_sessions=0,num_lpi_sessions=0,timer_pending=1
01-07 23:17:27.156  4799  4799 I adsp_sleepmon: Audio: num_sessions=1,num_lpi_sessions=0,timer_pending=0
01-07 23:17:27.159  2769  2769 W audit   : audit_lost=15669 audit_rate_limit=5 audit_backlog_limit=64
01-07 23:17:27.159  2769  2769 E audit   : rate limit exceeded
01-07 23:17:27.161  4799  4799 I adsp_sleepmon: Audio: num_sessions=0,num_lpi_sessions=0,timer_pending=1
01-07 23:17:27.184  4799  4799 I adsp_sleepmon: Audio: num_sessions=1,num_lpi_sessions=0,timer_pending=0
01-07 23:17:27.188  4799  4799 I adsp_sleepmon: Audio: num_sessions=0,num_lpi_sessions=0,timer_pending=1
01-07 23:17:27.208  4799  4799 I adsp_sleepmon: Audio: num_sessions=1,num_lpi_sessions=0,timer_pending=0
01-07 23:17:39.209  3313  3356 V WindowManagerShell: Transition animation finished (aborted=false), notifying core (#21) android.os.BinderProxy@8729645@0
01-07 23:17:39.211  2378  2507 V WindowManager: Finish Transition (#21): created at 01-07 23:17:38.576 collect-started=0.068ms request-sent=13.382ms started=19.687ms ready=27.924ms sent=92.776ms commit=23.95ms finished=635.089ms
01-07 23:17:39.213  3313  3356 V WindowManagerShell: Track 0 became idle
01-07 23:17:39.213  3313  3356 V WindowManagerShell: All active transition animations finished
01-07 23:17:27.214  4799  4799 I adsp_sleepmon: Audio: num_sessions=0,num_lpi_sessions=0,timer_pending=1
01-07 23:17:27.220   457   457 I servicemanager: Caller(pid=4909,uid=10160,sid=u:r:rkpdapp:s0:c160,c256,c512,c768) Since 'android.hardware.drm.IDrmFactory/wfdhdcp' could not be found trying to start it as a lazy AIDL service. (if it's not configured to be a lazy service, it may be stuck starting or still starting).
01-07 23:17:27.223     1     1 E init    : Control message: Could not find 'aidl/android.hardware.drm.IDrmFactory/wfdhdcp' for ctl.interface_start from pid: 457 (/system/bin/servicemanager)
01-07 23:17:27.223  5704  5704 I servicemanager: Caller(pid=4909,uid=10160,sid=u:r:rkpdapp:s0:c160,c256,c512,c768) Tried to start aidl service android.hardware.drm.IDrmFactory/wfdhdcp as a lazy service, but was unable to. Usually this happens when a service is not installed, but if the service is intended to be used as a lazy service, then it may be configured incorrectly.
01-07 23:17:27.227  4799  4799 I adsp_sleepmon: Audio: num_sessions=1,num_lpi_sessions=0,timer_pending=0
01-07 23:17:27.235  4799  4799 I adsp_sleepmon: Audio: num_sessions=0,num_lpi_sessions=0,timer_pending=1
01-07 23:17:39.246  2378  3259 D BackgroundInstallControlService: Package event received: 0
01-07 23:17:27.250  4799  4799 I adsp_sleepmon: Audio: num_sessions=1,num_lpi_sessions=0,timer_pending=0
01-07 23:17:27.258  4799  4799 I adsp_sleepmon: Audio: num_sessions=0,num_lpi_sessions=0,timer_pending=1
01-07 23:17:27.271  4799  4799 I adsp_sleepmon: Audio: num_sessions=1,num_lpi_sessions=0,timer_pending=0
01-07 23:17:27.273  4799  4799 I adsp_sleepmon: Audio: num_sessions=0,num_lpi_sessions=0,timer_pending=1
01-07 23:17:27.284  4799  4799 I adsp_sleepmon: Audio: num_sessions=1,num_lpi_sessions=0,timer_pending=0
01-07 23:17:27.291  4799  4799 I adsp_sleepmon: Audio: num_sessions=0,num_lpi_sessions=0,timer_pending=1
01-07 23:17:27.296   457   457 I servicemanager: Caller(pid=2378,uid=1000,sid=u:r:system_server:s0) Since 'android.hardware.biometrics.fingerprint.virtualhal.IVirtualHal/virtual' could not be found trying to start it as a lazy AIDL service. (if it's not configured to be a lazy service, it may be stuck starting or still starting).
01-07 23:17:27.297     1     1 E init    : Control message: Could not find 'aidl/android.hardware.biometrics.fingerprint.virtualhal.IVirtualHal/virtual' for ctl.interface_start from pid: 457 (/system/bin/servicemanager)
01-07 23:17:27.298  5706  5706 I servicemanager: Caller(pid=2378,uid=1000,sid=u:r:system_server:s0) Tried to start aidl service android.hardware.biometrics.fingerprint.virtualhal.IVirtualHal/virtual as a lazy service, but was unable to. Usually this happens when a service is not installed, but if the service is intended to be used as a lazy service, then it may be configured incorrectly.
01-07 23:17:27.309  4799  4799 I adsp_sleepmon: Audio: num_sessions=1,num_lpi_sessions=0,timer_pending=0
01-07 23:17:27.312  4799  4799 I adsp_sleepmon: Audio: num_sessions=0,num_lpi_sessions=0,timer_pending=1
01-07 23:17:27.324  4799  4799 I adsp_sleepmon: Audio: num_sessions=1,num_lpi_sessions=0,timer_pending=0
01-07 23:17:27.326  4799  4799 I adsp_sleepmon: Audio: num_sessions=0,num_lpi_sessions=0,timer_pending=1
01-07 23:17:27.339  4799  4799 I adsp_sleepmon: Audio: num_sessions=1,num_lpi_sessions=0,timer_pending=0
01-07 23:17:27.346  4799  4799 I adsp_sleepmon: Audio: num_sessions=0,num_lpi_sessions=0,timer_pending=1
01-07 23:17:27.347   932   932 D [FTS_TS]fts_input_report_b: [B]P0(545, 1209)[p:21,tm:32] DOWN!
01-07 23:17:27.361  4799  4799 I adsp_sleepmon: Audio: num_sessions=1,num_lpi_sessions=0,timer_pending=0
01-07 23:17:27.363  4799  4799 I adsp_sleepmon: Audio: num_sessions=0,num_lpi_sessions=0,timer_pending=1
01-07 23:17:27.377  4799  4799 I adsp_sleepmon: Audio: num_sessions=1,num_lpi_sessions=0,timer_pending=0
01-07 23:17:27.384  4799  4799 I adsp_sleepmon: Audio: num_sessions=0,num_lpi_sessions=0,timer_pending=1
01-07 23:17:27.399  4799  4799 I adsp_sleepmon: Audio: num_sessions=1,num_lpi_sessions=0,timer_pending=0
01-07 23:17:27.407  4799  4799 I adsp_sleepmon: Audio: num_sessions=0,num_lpi_sessions=0,timer_pending=1
01-07 23:17:27.426  4799  4799 I adsp_sleepmon: Audio: num_sessions=1,num_lpi_sessions=0,timer_pending=0
01-07 23:17:27.433  4799  4799 I adsp_sleepmon: Audio: num_sessions=0,num_lpi_sessions=0,timer_pending=1
01-07 23:17:27.447   932   932 D [FTS_TS]fts_input_report_b: [B]P0 UP!
01-07 23:17:27.447   932   932 D [FTS_TS]fts_input_report_b: [B]Points All Up!
01-07 23:17:27.449  4799  4799 I adsp_sleepmon: Audio: num_sessions=1,num_lpi_sessions=0,timer_pending=0
01-07 23:17:27.452  4799  4799 I adsp_sleepmon: Audio: num_sessions=0,num_lpi_sessions=0,timer_pending=1
01-07 23:17:27.468  4799  4799 I adsp_sleepmon: Audio: num_sessions=1,num_lpi_sessions=0,timer_pending=0
01-07 23:17:27.475  4799  4799 I adsp_sleepmon: Audio: num_sessions=0,num_lpi_sessions=0,timer_pending=1
01-07 23:17:27.495  4799  4799 I adsp_sleepmon: Audio: num_sessions=1,num_lpi_sessions=0,timer_pending=0
01-07 23:17:27.501  4799  4799 I adsp_sleepmon: Audio: num_sessions=0,num_lpi_sessions=0,timer_pending=1
01-07 23:17:27.514  4799  4799 I adsp_sleepmon: Audio: num_sessions=1,num_lpi_sessions=0,timer_pending=0
01-07 23:17:27.518  4799  4799 I adsp_sleepmon: Audio: num_sessions=0,num_lpi_sessions=0,timer_pending=1
01-07 23:17:27.530  4799  4799 I adsp_sleepmon: Audio: num_sessions=1,num_lpi_sessions=0,timer_pending=0
01-07 23:17:27.533  4799  4799 I adsp_sleepmon: Audio: num_sessions=0,num_lpi_sessions=0,timer_pending=1
01-07 23:17:27.547  4799  4799 I adsp_sleepmon: Audio: num_sessions=1,num_lpi_sessions=0,timer_pending=0
01-07 23:17:27.550  4799  4799 I adsp_sleepmon: Audio: num_sessions=0,num_lpi_sessions=0,timer_pending=1
01-07 23:17:27.567  4799  4799 I adsp_sleepmon: Audio: num_sessions=1,num_lpi_sessions=0,timer_pending=0
01-07 23:17:27.575  4799  4799 I adsp_sleepmon: Audio: num_sessions=0,num_lpi_sessions=0,timer_pending=1
01-07 23:17:27.592  4799  4799 I adsp_sleepmon: Audio: num_sessions=1,num_lpi_sessions=0,timer_pending=0
01-07 23:17:27.599  4799  4799 I adsp_sleepmon: Audio: num_sessions=0,num_lpi_sessions=0,timer_pending=1
01-07 23:17:27.614  4799  4799 I adsp_sleepmon: Audio: num_sessions=1,num_lpi_sessions=0,timer_pending=0
01-07 23:17:27.617  4799  4799 I adsp_sleepmon: Audio: num_sessions=0,num_lpi_sessions=0,timer_pending=1
01-07 23:17:39.627  2378  2658 D ActivityManager: freezing 4885 com.android.ondevicepersonalization.services
01-07 23:17:27.638  4799  4799 I adsp_sleepmon: Audio: num_sessions=1,num_lpi_sessions=0,timer_pending=0
01-07 23:17:27.645  4799  4799 I adsp_sleepmon: Audio: num_sessions=0,num_lpi_sessions=0,timer_pending=1
01-07 23:17:27.659  4799  4799 I adsp_sleepmon: Audio: num_sessions=1,num_lpi_sessions=0,timer_pending=0
01-07 23:17:27.664  4799  4799 I adsp_sleepmon: Audio: num_sessions=0,num_lpi_sessions=0,timer_pending=1
01-07 23:17:27.681  4799  4799 I adsp_sleepmon: Audio: num_sessions=1,num_lpi_sessions=0,timer_pending=0
01-07 23:17:27.688  4799  4799 I adsp_sleepmon: Audio: num_sessions=0,num_lpi_sessions=0,timer_pending=1
01-07 23:17:27.704  4799  4799 I adsp_sleepmon: Audio: num_sessions=1,num_lpi_sessions=0,timer_pending=0
01-07 23:17:27.707  4799  4799 I adsp_sleepmon: Audio: num_sessions=0,num_lpi_sessions=0,timer_pending=1
01-07 23:17:27.723  4799  4799 I adsp_sleepmon: Audio: num_sessions=1,num_lpi_sessions=0,timer_pending=0
01-07 23:17:27.732  4799  4799 I adsp_sleepmon: Audio: num_sessions=0,num_lpi_sessions=0,timer_pending=1
01-07 23:17:27.746  4799  4799 I adsp_sleepmon: Audio: num_sessions=1,num_lpi_sessions=0,timer_pending=0
01-07 23:17:27.748  4799  4799 I adsp_sleepmon: Audio: num_sessions=0,num_lpi_sessions=0,timer_pending=1
01-07 23:17:27.762  4799  4799 I adsp_sleepmon: Audio: num_sessions=1,num_lpi_sessions=0,timer_pending=0
01-07 23:17:27.769  4799  4799 I adsp_sleepmon: Audio: num_sessions=0,num_lpi_sessions=0,timer_pending=1
01-07 23:17:27.783  4799  4799 I adsp_sleepmon: Audio: num_sessions=1,num_lpi_sessions=0,timer_pending=0
01-07 23:17:27.787  4799  4799 I adsp_sleepmon: Audio: num_sessions=0,num_lpi_sessions=0,timer_pending=1
01-07 23:17:27.806  4799  4799 I adsp_sleepmon: Audio: num_sessions=1,num_lpi_sessions=0,timer_pending=0
01-07 23:17:27.810  4799  4799 I adsp_sleepmon: Audio: num_sessions=0,num_lpi_sessions=0,timer_pending=1
01-07 23:17:27.824  4799  4799 I adsp_sleepmon: Audio: num_sessions=1,num_lpi_sessions=0,timer_pending=0
01-07 23:17:39.825  2378  2658 D ActivityManager: freezing 4927 com.android.shell
01-07 23:17:27.831  4799  4799 I adsp_sleepmon: Audio: num_sessions=0,num_lpi_sessions=0,timer_pending=1
01-07 23:17:27.846  4799  4799 I adsp_sleepmon: Audio: num_sessions=1,num_lpi_sessions=0,timer_pending=0
01-07 23:17:27.849  4799  4799 I adsp_sleepmon: Audio: num_sessions=0,num_lpi_sessions=0,timer_pending=1
01-07 23:17:27.862  4799  4799 I adsp_sleepmon: Audio: num_sessions=1,num_lpi_sessions=0,timer_pending=0
01-07 23:17:27.865  4799  4799 I adsp_sleepmon: Audio: num_sessions=0,num_lpi_sessions=0,timer_pending=1
01-07 23:17:27.877  4799  4799 I adsp_sleepmon: Audio: num_sessions=1,num_lpi_sessions=0,timer_pending=0
01-07 23:17:27.884  4799  4799 I adsp_sleepmon: Audio: num_sessions=0,num_lpi_sessions=0,timer_pending=1
01-07 23:17:27.897  4799  4799 I adsp_sleepmon: Audio: num_sessions=1,num_lpi_sessions=0,timer_pending=0
01-07 23:17:27.899  4799  4799 I adsp_sleepmon: Audio: num_sessions=0,num_lpi_sessions=0,timer_pending=1
01-07 23:17:27.914  4799  4799 I adsp_sleepmon: Audio: num_sessions=1,num_lpi_sessions=0,timer_pending=0
01-07 23:17:27.921  4799  4799 I adsp_sleepmon: Audio: num_sessions=0,num_lpi_sessions=0,timer_pending=1
01-07 23:17:39.937  2378  2658 D ActivityManager: freezing 4946 org.calyxos.backup.contacts
01-07 23:17:27.937  4799  4799 I adsp_sleepmon: Audio: num_sessions=1,num_lpi_sessions=0,timer_pending=0
01-07 23:17:27.945  4799  4799 I adsp_sleepmon: Audio: num_sessions=0,num_lpi_sessions=0,timer_pending=1
01-07 23:17:27.961  4799  4799 I adsp_sleepmon: Audio: num_sessions=1,num_lpi_sessions=0,timer_pending=0
01-07 23:17:27.964  4799  4799 I adsp_sleepmon: Audio: num_sessions=0,num_lpi_sessions=0,timer_pending=1
01-07 23:17:27.977  4799  4799 I adsp_sleepmon: Audio: num_sessions=1,num_lpi_sessions=0,timer_pending=0
01-07 23:17:27.982  4799  4799 I adsp_sleepmon: Audio: num_sessions=0,num_lpi_sessions=0,timer_pending=1
01-07 23:17:27.999  4799  4799 I adsp_sleepmon: Audio: num_sessions=1,num_lpi_sessions=0,timer_pending=0
01-07 23:17:28.007  4799  4799 I adsp_sleepmon: Audio: num_sessions=0,num_lpi_sessions=0,timer_pending=1
01-07 23:17:28.025  4799  4799 I adsp_sleepmon: Audio: num_sessions=1,num_lpi_sessions=0,timer_pending=0
01-07 23:17:28.030  4799  4799 I adsp_sleepmon: Audio: num_sessions=0,num_lpi_sessions=0,timer_pending=1
01-07 23:17:28.053  4799  4799 I adsp_sleepmon: Audio: num_sessions=1,num_lpi_sessions=0,timer_pending=0
01-07 23:17:40.051  2378  2658 D ActivityManager: freezing 4963 org.lineageos.profiles
01-07 23:17:28.060  4799  4799 I adsp_sleepmon: Audio: num_sessions=0,num_lpi_sessions=0,timer_pending=1
01-07 23:17:28.077  4799  4799 I adsp_sleepmon: Audio: num_sessions=1,num_lpi_sessions=0,timer_pending=0
01-07 23:17:28.081  4799  4799 I adsp_sleepmon: Audio: num_sessions=0,num_lpi_sessions=0,timer_pending=1
01-07 23:17:28.096  4799  4799 I adsp_sleepmon: Audio: num_sessions=1,num_lpi_sessions=0,timer_pending=0
01-07 23:17:28.106  4799  4799 I adsp_sleepmon: Audio: num_sessions=0,num_lpi_sessions=0,timer_pending=1
01-07 23:17:40.123  2378  2658 D ActivityManager: freezing 4980 org.lineageos.updater
01-07 23:17:28.126  4799  4799 I adsp_sleepmon: Audio: num_sessions=1,num_lpi_sessions=0,timer_pending=0
01-07 23:17:28.131  4799  4799 I adsp_sleepmon: Audio: num_sessions=0,num_lpi_sessions=0,timer_pending=1
01-07 23:17:28.146  4799  4799 I adsp_sleepmon: Audio: num_sessions=1,num_lpi_sessions=0,timer_pending=0
01-07 23:17:28.153  4799  4799 I adsp_sleepmon: Audio: num_sessions=0,num_lpi_sessions=0,timer_pending=1
01-07 23:17:28.167  4799  4799 I adsp_sleepmon: Audio: num_sessions=1,num_lpi_sessions=0,timer_pending=0
01-07 23:17:28.171  4799  4799 I adsp_sleepmon: Audio: num_sessions=0,num_lpi_sessions=0,timer_pending=1
01-07 23:17:28.186  4799  4799 I adsp_sleepmon: Audio: num_sessions=1,num_lpi_sessions=0,timer_pending=0
01-07 23:17:28.190  4799  4799 I adsp_sleepmon: Audio: num_sessions=0,num_lpi_sessions=0,timer_pending=1
01-07 23:17:28.197   932   932 D [FTS_TS]fts_input_report_b: [B]P0 UP!
01-07 23:17:28.197   932   932 D [FTS_TS]fts_input_report_b: [B]Points All Up!
01-07 23:17:28.209  4799  4799 I adsp_sleepmon: Audio: num_sessions=1,num_lpi_sessions=0,timer_pending=0
01-07 23:17:28.212  4799  4799 I adsp_sleepmon: Audio: num_sessions=0,num_lpi_sessions=0,timer_pending=1
01-07 23:17:28.223   457   457 I servicemanager: Caller(pid=4909,uid=10160,sid=u:r:rkpdapp:s0:c160,c256,c512,c768) Since 'android.hardware.drm.IDrmFactory/wfdhdcp' could not be found trying to start it as a lazy AIDL service. (if it's not configured to be a lazy service, it may be stuck starting or still starting).
01-07 23:17:40.224  2378  5199 W OptProp : Cannot read opt property android.window.PROPERTY_COMPAT_ALLOW_MIN_ASPECT_RATIO_OVERRIDE
01-07 23:17:40.226  2378  5199 W OptProp : Cannot read opt property android.window.PROPERTY_COMPAT_ALLOW_ORIENTATION_OVERRIDE
01-07 23:17:28.226  4799  4799 I adsp_sleepmon: Audio: num_sessions=1,num_lpi_sessions=0,timer_pending=0
01-07 23:17:28.227     1     1 E init    : Control message: Could not find 'aidl/android.hardware.drm.IDrmFactory/wfdhdcp' for ctl.interface_start from pid: 457 (/system/bin/servicemanager)
01-07 23:17:28.229  5708  5708 I servicemanager: Caller(pid=4909,uid=10160,sid=u:r:rkpdapp:s0:c160,c256,c512,c768) Tried to start aidl service android.hardware.drm.IDrmFactory/wfdhdcp as a lazy service, but was unable to. Usually this happens when a service is not installed, but if the service is intended to be used as a lazy service, then it may be configured incorrectly.
01-07 23:17:40.232  2378  5199 I ActivityTaskManager: START u0 {act=android.intent.action.MAIN xflg=0x4 cmp=com.android.settings/.SubSettings (has extras)} with LAUNCH_MULTIPLE from uid 1000 (sr=190537358) (BAL_ALLOW_VISIBLE_WINDOW) result code=0
01-07 23:17:28.230  4799  4799 I adsp_sleepmon: Audio: num_sessions=0,num_lpi_sessions=0,timer_pending=1
01-07 23:17:40.233  3313  3356 V WindowManagerShell: Transition requested (#22): android.os.BinderProxy@710244d TransitionRequestInfo { type = OPEN, triggerTask = TaskInfo{userId=0 taskId=9 effectiveUid=1000 displayId=0 isRunning=true baseIntent=Intent { act=android.intent.action.MAIN cat=[android.intent.category.LAUNCHER] flg=0x10200000 cmp=com.android.settings/.Settings } baseActivity=ComponentInfo{com.android.settings/com.android.settings.homepage.SettingsHomepageActivity} topActivity=ComponentInfo{com.android.settings/com.android.settings.SubSettings} origActivity=ComponentInfo{com.android.settings/com.android.settings.Settings} realActivity=ComponentInfo{com.android.settings/com.android.settings.homepage.SettingsHomepageActivity} numActivities=2 lastActiveTime=69226 supportsMultiWindow=true resizeMode=1 isResizeable=true minWidth=-1 minHeight=-1 defaultMinSize=220 token=WCT{android.window.IWindowContainerToken$Stub$Proxy@d7d1b02} topActivityType=1 pictureInPictureParams=null shouldDockBigOverlays=false launchIntoPipHostTaskId=-1 lastParentTaskIdBeforePip=-1 displayCutoutSafeInsets=Rect(0, 0 - 0, 0) topActivityInfo=ActivityInfo{20b4c13 com.android.settings.SubSettings} launchCookies=[android.os.BinderProxy@61412a8] positionInParent=Point(0, 0) parentTaskId=-1 isFocused=true isVisible=true isVisibleRequested=true isTopActivityNoDisplay=false isSleeping=false locusId=null displayAreaFeatureId=1 isTopActivityTransparent=false isActivityStackTransparent=false lastNonFullscreenBounds=Rect(185, 493 - 535, 1213) capturedLink=null capturedLinkTimestamp=0 requestedVisibleTypes=-9 topActivityRequestOpenInBrowserEducationTimestamp=0 appCompatTaskInfo=AppCompatTaskInfo { topActivityInSizeCompat=false eligibleForLetterboxEducation= false isLetterboxEducationEnabled= false isLetterboxDoubleTapEnabled= false eligibleForUserAspectRatioButton= false topActivityBoundsLetterboxed= false isFromLetterboxDoubleTap= false topActivityLetterboxVerticalPosition= -1 topActivityLetterboxHorizontalPosition= -1 topActivityLetterboxWidth=-1 topActivityLetterboxHeight=-1 topActivityAppBounds=Rect(0, 0 - 720, 1640) isUserFullscreenOverrideEnabled=false isSystemFullscreenOverrideEnabled=false hasMinAspectRatioOverride=false topActivityLetterboxBounds=null cameraCompatTaskInfo=CameraCompatTaskInfo { freeformCameraCompatMode=inactive}} topActivityMainWindowFrame=null}, pipChange = null, remoteTransition = null, displayChange = null, flags = 0, debugId = 22 }
01-07 23:17:40.233  3313  3356 D ShellSplitScreen: logExit: no-op, mLoggerSessionId is null
01-07 23:17:40.239  2378  3259 D BackgroundInstallControlService: Package event received: 0
01-07 23:17:28.244  4799  4799 I adsp_sleepmon: Audio: num_sessions=1,num_lpi_sessions=0,timer_pending=0
01-07 23:17:40.246  2378  5120 W OptProp : Cannot read opt property android.window.PROPERTY_COMPAT_ALLOW_RESIZEABLE_ACTIVITY_OVERRIDES
01-07 23:17:40.248  2378  2510 D OomAdjuster: Not killing cached processes
01-07 23:17:40.249  2378  3259 D BackgroundInstallControlService: Package event received: 0
01-07 23:17:40.249  2378  3259 D BackgroundInstallControlService: Package event received: 0
01-07 23:17:28.250  4799  4799 I adsp_sleepmon: Audio: num_sessions=0,num_lpi_sessions=0,timer_pending=1
01-07 23:17:40.264  2378  2658 D ActivityManager: freezing 4816 com.android.messaging
01-07 23:17:28.264  4799  4799 I adsp_sleepmon: Audio: num_sessions=1,num_lpi_sessions=0,timer_pending=0
01-07 23:17:28.270  4799  4799 I adsp_sleepmon: Audio: num_sessions=0,num_lpi_sessions=0,timer_pending=1
01-07 23:17:28.288  4799  4799 I adsp_sleepmon: Audio: num_sessions=1,num_lpi_sessions=0,timer_pending=0
01-07 23:17:28.290  4799  4799 I adsp_sleepmon: Audio: num_sessions=0,num_lpi_sessions=0,timer_pending=1
01-07 23:17:28.298   457   457 I servicemanager: Caller(pid=2378,uid=1000,sid=u:r:system_server:s0) Since 'android.hardware.biometrics.fingerprint.virtualhal.IVirtualHal/virtual' could not be found trying to start it as a lazy AIDL service. (if it's not configured to be a lazy service, it may be stuck starting or still starting).
01-07 23:17:28.299     1     1 E init    : Control message: Could not find 'aidl/android.hardware.biometrics.fingerprint.virtualhal.IVirtualHal/virtual' for ctl.interface_start from pid: 457 (/system/bin/servicemanager)
01-07 23:17:28.299  5711  5711 I servicemanager: Caller(pid=2378,uid=1000,sid=u:r:system_server:s0) Tried to start aidl service android.hardware.biometrics.fingerprint.virtualhal.IVirtualHal/virtual as a lazy service, but was unable to. Usually this happens when a service is not installed, but if the service is intended to be used as a lazy service, then it may be configured incorrectly.
01-07 23:17:28.305  4799  4799 I adsp_sleepmon: Audio: num_sessions=1,num_lpi_sessions=0,timer_pending=0
01-07 23:17:28.308  4799  4799 I adsp_sleepmon: Audio: num_sessions=0,num_lpi_sessions=0,timer_pending=1
01-07 23:17:28.322  4799  4799 I adsp_sleepmon: Audio: num_sessions=1,num_lpi_sessions=0,timer_pending=0
01-07 23:17:28.328  4799  4799 I adsp_sleepmon: Audio: num_sessions=0,num_lpi_sessions=0,timer_pending=1
01-07 23:17:28.344  4799  4799 I adsp_sleepmon: Audio: num_sessions=1,num_lpi_sessions=0,timer_pending=0
01-07 23:17:28.346  4799  4799 I adsp_sleepmon: Audio: num_sessions=0,num_lpi_sessions=0,timer_pending=1
01-07 23:17:28.362  4799  4799 I adsp_sleepmon: Audio: num_sessions=1,num_lpi_sessions=0,timer_pending=0
01-07 23:17:28.368  4799  4799 I adsp_sleepmon: Audio: num_sessions=0,num_lpi_sessions=0,timer_pending=1
01-07 23:17:28.386  4799  4799 I adsp_sleepmon: Audio: num_sessions=1,num_lpi_sessions=0,timer_pending=0
01-07 23:17:28.389  4799  4799 I adsp_sleepmon: Audio: num_sessions=0,num_lpi_sessions=0,timer_pending=1
01-07 23:17:28.402  4799  4799 I adsp_sleepmon: Audio: num_sessions=1,num_lpi_sessions=0,timer_pending=0
01-07 23:17:40.405  2378  5132 D CoreBackPreview: Window{6408cfe u0 com.android.settings/com.android.settings.SubSettings}: Setting back callback OnBackInvokedCallbackInfo{mCallback=android.window.IOnBackInvokedCallback$Stub$Proxy@de2b6ac, mPriority=-1, mIsAnimationCallback=false, mOverrideBehavior=0}
01-07 23:17:28.406  4799  4799 I adsp_sleepmon: Audio: num_sessions=0,num_lpi_sessions=0,timer_pending=1
01-07 23:17:28.420  4799  4799 I adsp_sleepmon: Audio: num_sessions=1,num_lpi_sessions=0,timer_pending=0
01-07 23:17:28.426  4799  4799 I adsp_sleepmon: Audio: num_sessions=0,num_lpi_sessions=0,timer_pending=1
01-07 23:17:28.437  4799  4799 I adsp_sleepmon: Audio: num_sessions=1,num_lpi_sessions=0,timer_pending=0
01-07 23:17:28.441  4799  4799 I adsp_sleepmon: Audio: num_sessions=0,num_lpi_sessions=0,timer_pending=1
01-07 23:17:28.455  4799  4799 I adsp_sleepmon: Audio: num_sessions=1,num_lpi_sessions=0,timer_pending=0
01-07 23:17:28.457  4799  4799 I adsp_sleepmon: Audio: num_sessions=0,num_lpi_sessions=0,timer_pending=1
01-07 23:17:28.470  4799  4799 I adsp_sleepmon: Audio: num_sessions=1,num_lpi_sessions=0,timer_pending=0
01-07 23:17:28.477  4799  4799 I adsp_sleepmon: Audio: num_sessions=0,num_lpi_sessions=0,timer_pending=1
01-07 23:17:40.485  3313  4301 V WindowManagerShell: onTransitionReady(transaction=10213432231312)
01-07 23:17:40.486  3313  3356 V WindowManagerShell: onTransitionReady (#22) android.os.BinderProxy@710244d: {id=22 t=OPEN f=0x0 trk=0 r=[0@Point(0, 0)] c=[
01-07 23:17:40.486  3313  3356 V WindowManagerShell:         {m=OPEN f=FILLS_TASK leash=Surface(name=ActivityRecord{24965759 u0 com.android.settings/.SubSettings)/@0xb9249c5 sb=Rect(0, 0 - 0, 0) eb=Rect(0, 0 - 720, 1640) epz=Point(720, 1640) d=-1->0 r=-1->0:-1 bc=ff1b2122 component=com.android.settings/.SubSettings opt={t=FROM_STYLE mUserId=0}},
01-07 23:17:40.486  3313  3356 V WindowManagerShell:         {m=TO_BACK f=FILLS_TASK leash=Surface(name=ActivityRecord{190537358 u0 com.android.settings/.Settings)/@0x3219f1a sb=Rect(0, 0 - 720, 1640) eb=Rect(0, 0 - 720, 1640) epz=Point(720, 1640) d=0 bc=ff1b2122 component=com.android.settings/.homepage.SettingsHomepageActivity opt={t=FROM_STYLE mUserId=0}}
01-07 23:17:40.486  3313  3356 V WindowManagerShell:     ]}
01-07 23:17:40.487  3313  3356 V WindowManagerShell: Playing animation for (#22) android.os.BinderProxy@710244d@0
01-07 23:17:40.487  3313  3356 V ShellRecents: RecentsTransitionHandler.startAnimation: no controller found
01-07 23:17:40.487  3313  3356 V WindowManagerShell: Transition doesn't have explicit remote, search filters for match for {id=22 t=OPEN f=0x0 trk=0 r=[0@Point(0, 0)] c=[{m=OPEN f=FILLS_TASK leash=Surface(name=ActivityRecord{24965759 u0 com.android.settings/.SubSettings)/@0xb9249c5 sb=Rect(0, 0 - 0, 0) eb=Rect(0, 0 - 720, 1640) epz=Point(720, 1640) d=-1->0 r=-1->0:-1 bc=ff1b2122 component=com.android.settings/.SubSettings opt={t=FROM_STYLE mUserId=0}},{m=TO_BACK f=FILLS_TASK leash=Surface(name=ActivityRecord{190537358 u0 com.android.settings/.Settings)/@0x3219f1a sb=Rect(0, 0 - 720, 1640) eb=Rect(0, 0 - 720, 1640) epz=Point(720, 1640) d=0 bc=ff1b2122 component=com.android.settings/.homepage.SettingsHomepageActivity opt={t=FROM_STYLE mUserId=0}}]}
01-07 23:17:40.488  3313  3356 V WindowManagerShell:  Checking filter Pair{{types=[] flags=0x0] notFlags=0x100 checks=[{atype=home independent=true modes=[OPEN,TO_FRONT] flags=NONE mustBeTask=false order=TOP topActivity=ComponentInfo{com.android.launcher3/com.android.launcher3.uioverrides.QuickstepLauncher} launchCookie=null windowingMode=undefined},{atype=standard independent=true modes=[CLOSE,TO_BACK] flags=NONE mustBeTask=false order=ANY topActivity=null launchCookie=null windowingMode=undefined},{NOT atype=undefined independent=true modes=[] flags=NONE mustBeTask=true order=ANY topActivity=null launchCookie=null customAnim=true windowingMode=undefined}]} RemoteTransition { remoteTransition = android.window.IRemoteTransition$Stub$Proxy@d433d67, appThread = android.app.IApplicationThread$Stub$Proxy@700b714, debugName = QuickstepLaunchHome }}
01-07 23:17:40.488  3313  3356 V WindowManagerShell:  Delegate animation for (#22) to null
