04-07 06:54:07.496   554   554 E pmic_glink soc: qcom,pmic_glink: Failed to create device link (0x180) with 4e00000.ssusb
04-07 06:54:07.497   716   716 E millet-binder_gki: enter init_binder_gki func!
04-07 06:54:07.498   690   690 I rmnet_mem_module_init(): Starting rmnet mem module
04-07 06:54:07.498   625   625 E BPF     : [130301] Invalid name_offset:2334566
04-07 06:54:07.501   621   621 E BPF     : [130302] Invalid name_offset:2334566
04-07 06:54:07.504   719   719 E millet-millet_hs: enter millet_hs_init func!
04-07 06:54:07.505   681   681 E         : (NULL device *): msm_gsi_probe:5898 No MSIs configured
04-07 06:54:07.506   619   619 E BPF     : [130301] Invalid name_offset:2334566
04-07 06:54:07.506   612   612 E BPF     : [130301] Invalid name_offset:2334566
04-07 06:54:07.507   721   721 E millet-millet_pkg: enter millet_pkg_init func!
04-07 06:54:07.507   721   721 E millet-millet_pkg: nf_register_hooks(millet hooks) success
04-07 06:54:07.509   618   618 E BPF     : [130303] Invalid name_offset:2334566
04-07 06:54:07.510   693   693 I sch     : init (1.2)
04-07 06:54:07.510   682   682 E BPF     : [130301] Invalid name_offset:2334566
04-07 06:54:07.514   623   623 E BPF     : [130301] Invalid name_offset:2334566
04-07 06:54:07.520   717   717 E millet_millet-binder: enter init_millet_binder_drv func!
04-07 06:54:07.520   611   611 E BPF     : [130301] Invalid name_offset:2334566
04-07 06:54:07.521   600   600 E BPF     : [130301] Invalid name_offset:2334566
04-07 06:54:07.524   658   658 E BPF     : [130302] Invalid name_offset:2334566
04-07 06:54:07.524   618   618 I coresight-cti-apss_cti0: CTI initialized
04-07 06:54:07.525   618   618 I coresight-cti-apss_cti1: CTI initialized
04-07 06:54:07.526   564   564 I input   : pm8941_resin as /devices/platform/soc/1c40000.qcom,spmi/spmi-0/0-00/1c40000.qcom,spmi:qcom,pm6125@0:qcom,power-on@800/1c40000.qcom,spmi:qcom,pm6125@0:qcom,power-on@800:resin/input/input3
04-07 06:54:07.526   712   712 I         : xiaomi_touch_probe over
04-07 06:54:07.530   696   696 I         : Info: adsprpc (3118): modprobe: fastrpc_get_nsp_status: nsp available with status: 1
04-07 06:54:07.530   696   696 I         : Info: adsprpc (3139): modprobe: fastrpc_lowest_capacity_corecount: lowest capacity core count: 6
04-07 06:54:07.530   696   696 I fastrpc soc: qcom,msm-adsprpc-mem: assigned reserved memory node adsp_heap_region
04-07 06:54:07.531   558   558 E BPF     : [130303] Invalid name_offset:2334566
04-07 06:54:07.531   696   696 I         : Info: adsprpc (8309): modprobe: init_secure_vmid_list: secure VMID = 22
04-07 06:54:07.531   696   696 I         : Info: adsprpc (8309): modprobe: init_secure_vmid_list: secure VMID = 37
04-07 06:54:07.531   696   696 I adsprpc : fastrpc_init_privileged_gids: privileged GID: 2908
04-07 06:54:07.531   696   696 I adsprpc : fastrpc_setup_service_locator: pdr_add_lookup enabled for avs/audio (audio_pdr_adsprpc, msm/adsp/audio_pd), DTSI (qcom,fastrpc-adsp-audio-pdr)
04-07 06:54:07.532   696   696 I adsprpc : fastrpc_setup_service_locator: pdr_add_lookup enabled for tms/servreg (sensors_pdr_adsprpc, msm/adsp/sensor_pd), DTSI (qcom,fastrpc-adsp-sensors-pdr)
04-07 06:54:07.534   696   696 I fastrpc soc: qcom,msm_fastrpc:qcom,msm_fastrpc_compute_cb1: Adding to iommu group 10
04-07 06:54:07.536   696   696 I fastrpc soc: qcom,msm_fastrpc:qcom,msm_fastrpc_compute_cb2: Adding to iommu group 11
04-07 06:54:07.537   714   714 I msm_cam_smmu soc: qcom,cam_smmu:msm_cam_smmu_tfe: Adding to iommu group 12
04-07 06:54:07.538   696   696 I fastrpc soc: qcom,msm_fastrpc:qcom,msm_fastrpc_compute_cb3: Adding to iommu group 13
04-07 06:54:07.545   619   619 I coresight-dummy soc: lpass_stm: Dummy device initialized
04-07 06:54:07.547   752   752 I tzobject_delete: me->fd = 0, me->refs = 0, files = 00000000603ede1d
04-07 06:54:07.548   634   634 E BPF     : [130303] Invalid name_offset:2334566
04-07 06:54:07.549   714   714 I msm_cam_smmu soc: qcom,cam_smmu:msm_cam_smmu_ope: Adding to iommu group 14
04-07 06:54:07.550   564   564 E pm8941-pwrkey 1c40000.qcom,spmi: qcom,pm6125@0:qcom,power-on@800:pwrkey-resin-bark: PON_PBS address missing, can't read HW debounce time
04-07 06:54:07.550   618   618 I coresight-cti-apss_cti2: CTI initialized
04-07 06:54:07.551   564   564 I input   : pmic_pwrkey_resin_bark as /devices/platform/soc/1c40000.qcom,spmi/spmi-0/0-00/1c40000.qcom,spmi:qcom,pm6125@0:qcom,power-on@800/1c40000.qcom,spmi:qcom,pm6125@0:qcom,power-on@800:pwrkey-resin-bark/input/input4
04-07 06:54:07.551   619   619 I coresight-dummy soc: tpdm_lpass_lpi: Dummy device initialized
04-07 06:54:07.551   618   618 I coresight-cti-mapss_cti: CTI initialized
04-07 06:54:07.551   752   752 W smcinvoke: smcinvoke_postprocess_kthread_func: kthread(worker_thread) processed, worker_thread type is 2
04-07 06:54:07.552   618   618 I coresight-cti-dlct1_cti0: CTI initialized
04-07 06:54:07.553   619   619 I coresight-dummy soc: modem_diag: Dummy device initialized
04-07 06:54:07.554   622   622 E BPF     : [130301] Invalid name_offset:2334566
04-07 06:54:07.555   618   618 I coresight-cti-dlnt_cti0: CTI initialized
04-07 06:54:07.556   618   618 I coresight-cti-qdss_cti: CTI initialized
04-07 06:54:07.558   711   711 W         : [LCT_TP_SELFTEST] tp_selftest_init (line 233): init
04-07 06:54:07.560    37    37 W         : ------------[ cut here ]------------
04-07 06:54:07.560    37    37 I refcount_t: addition on 0; use-after-free.
04-07 06:54:07.560    37    37 W         : WARNING: CPU: 6 PID: 37 at lib/refcount.c:25 refcount_warn_saturate+0xd0/0x138
04-07 06:54:07.560    37    37 I         : Modules linked in: mtdoops(E+) wsa881x_analog_dlkm(OE) hdmi_dlkm(OE+) swr_haptics_dlkm(OE) usb_f_qdss(E) frpc_adsprpc(OE+) ofpart(E+) millet_binder(E) coresight_tpda(E+) usb_f_gsi(E) rmnet_sch(OE) millet_pkg(E) coresight_replicator(E) coresight_dummy(E+) coresight_cti(E) coresight_tmc_sec(E) coresight_tpdm(E+) sync_fence(OE) binder_gki(E) rmnet_mem(OE) millet_hs(E) msm_hw_fence(OE) camera(OE+) cdsp_loader(OE) msm_mmrm(OE) qrng_dlkm(OE) xiaomi_tp(OE) millet_sig(E+) millet_oem_cgroup(E+) mbhc_dlkm(OE) radio_i2c_rtc6226_qca(OE) audpkt_ion_dlkm(OE) qcrypto_msm_dlkm(OE) mi_thermal_interface(OE) q6_dlkm(OE) smcinvoke_dlkm(OE) tz_log_dlkm(OE) snd_event_dlkm(OE+) coresight_tgu(E) snd_usb_audio_qmi(E) stm_ftrace(E) mtd_blkdevs(E) coresight_csr(E) coresight_stm(E) lct_tp(OE) msm_ext_display(OE) qrtr_smd(E) wcd9378_slave_dlkm(OE) wlan_firmware_service(OE) cnss_utils(OE) btpower(OE+) cnss_prealloc(OE) swr_dlkm(OE) q6_notifier_dlkm(OE) stm_heartbeat(E)
04-07 06:54:07.560    37    37 I         : coresight_funnel(E+) gsim(OE) hardwareinfo(OE) coresight_remote_etm(E) stm_p_ost(E) stub_dlkm(OE) leds_aw2016(E+) wcd_core_dlkm(OE) millet_core(E) regulator_cdev(E) slimbus(E) qcom_cpufreq_hw_debug(E) stm_console(E) mtd(E) cpu_hotplug(E) qti_devfreq_cdev(E) qcom_spmi_adc5(E) icc_test(E) qcom_lpm(E) cnss_nl(OE) cfg80211(E) bcl_pmic5(E+) qti_qmi_sensor_v2(E) coresight(E) qcedev_mod_dlkm(OE) qce50_dlkm(OE) qcom_pon(E+) qti_cpufreq_cdev(E) pm8941_pwrkey(E) qti_qmi_cdev(E) qti_userspace_cdev(E) usb_f_ccid(E) qcom_spmi_temp_alarm(E) stm_core(E) dwc3_msm(E) qcom_spmi_adc_tm5(E) sia8001_dlkm(OE) bcl_soc(E) qcom_reboot_reason(E) usb_f_cdev(E) phy_msm_ssusb_qmp(E) phy_msm_snps_hs(E) phy_qcom_emu(E) qcom_vadc_common(E) ufs_ffu(E) chipreg(E) msm_sharedmem(E) phy_generic(E) qti_glink_adc(E) speed_ui(CE) q6_pdr_dlkm(OE) lct_audio_info_dlkm(OE) perf_helper(E) reboot_mode(E) qcom_tsens(E+) leds_qpnp_vibrator_ldo(E) thermal_pause(E) i2c_msm_geni(E) qcom_dload_mode(E)
04-07 06:54:07.560    37    37 I         : qpnp_lcdb_regulator(E) qfprom_sys(E) qcom_q6v5_pas(E) qcom_pil_info(E) qcom_q6v5(E) ucsi_glink(E) eud(E) boot_stats(E) pmic_glink_debug(E) qcom_sysmon(E) bwmon(E) qcom_iommu_debug(E) msm_performance(E) spmi_pmic_arb_debug(E) spi_msm_geni(E) qseecom_proxy(E) hung_task_enh(E) core_hang_detect(E) rpm_smd_debug(E) msm_geni_serial(E) qcom_pm8008_regulator(E) f_fs_ipc_log(E) sg(E) rdbg(E) glink_probe(E) qti_ocp_notifier(E) memlat(E) qcom_ramdump(E) qcom_spmi_wled(E) qcom_glink_spss(E) altmode_glink(E) rpm_master_stat(E) charger_ulog_glink(E) qti_battery_debug(E) qti_battery_charger(E) smp2p_sleepstate(E) sps_drv(E) bam_dma(E) qcom_stats(E) mdt_loader(E) msm_gpi(E) smp2p(E) msm_show_resume_irq(E) pwm_qti_lpg(E) debugcc_pitti(E) pmic_glink(E) msm_memshare(E) heap_mem_ext_v01(E) pdr_interface(E) rproc_qcom_common(E) qmi_helpers(E) gpucc_pitti(E) phy_qcom_ufs_qmp_v4(E) pinctrl_spmi_mpp(E) msm_sysstats(E) ieee802154_socket hci_uart slcan btbcm hidp btsdio vcan ppp_mppe
04-07 06:54:07.560    37    37 I         : btqca l2tp_ppp bsd_comp mac802154 nhc_fragment pptp kheaders cdc_eem nhc_dest nhc_hop ax88179_178a 8021q aqc111 rtl8150 ppp_deflate asix can_raw rfcomm can_bcm cdc_acm can_gw r8153_ecm l2tp_core nhc_routing ieee802154_6lowpan ftdi_sio pppox usbserial bluetooth diag nfc cdc_ncm rfkill ppp_generic tipc can nhc_ipv6 slhc r8152 nhc_udp nhc_mobility ieee802154 6lowpan cdc_ether can_dev usbnet wwan mii libarc4 gzvm mi_memory(E) glink_pkt(E) qcom_glink_smem(E) qcom_glink_rpm(E) ufs_qcom(E) qrtr(E) qcom_glink(E) sdhci_msm(E) msm_qmp(E) gh_virt_wdt(E) qcom_ipc_logging(E) qcom_va_minidump(E) qcom_wdt_core(E) qcom_logbuf_boot_log(E) qcom_logbuf_vendor_hooks(E) dcc_v2(E) swinfo(OE) memory_dump_v2(E) minidump(E) dispcc_pitti(E) gcc_pitti(E) qcom_dma_heaps(E) qnoc_pitti(E) mem_buf(E) clk_smd_rpm(E) clk_dummy(E) mem_buf_dev(E) icc_rpm(E) cqhci(E) clk_qcom(E) rpm_smd_regulator(E) ufshcd_crypto_qti(E) arm_smmu(E) pinctrl_pitti(E) secure_buffer(E) rpm_smd(E) crypto_qti(E)
04-07 06:54:07.560    37    37 I         : qcom_iommu_util(E) qcom_i2c_pmic(E) sched_walt(E) goodix_fp(E) zram(E) stub_regulator(E) pinctrl_msm(E) gdsc_regulator(E) socinfo(E) qcom_spmi_pmic(E) phy_qcom_ufs_qmp_v4_waipio(E) phy_qcom_ufs_qrbtc_sdm845(E) qti_fixed_regulator(E) qcom_scm(E) bootinfo(OE) debug_regulator(E) qcom_mpm(E) sdhci_msm_scaling(E) qcom_cpufreq_hw(E) rtc_pm8xxx(E) xiaomi_fingerprint(E) qti_regmap_debugfs(E) simtray(E) iommu_logger(E) msm_dma_iommu_mapping(E) panel_event_notifier(E) zsmalloc(E) icc_debug(E) smem(E) kryo_arm64_edac(E) debug_symbol(E) qcom_dcvs(E) qcom_pmu_lib(E) proxy_consumer(E) silead_fp(E) gic_intr_routing(E) qcom_hwspinlock(E) qnoc_qos_rpm(E) qcom_ipcc(E) pinctrl_spmi_gpio(E) cpumaxfreq(E) phy_qcom_ufs(E) qcom_cpu_vendor_hooks(E) spmi_pmic_arb(E) mem_hooks(E) nvmem_qcom_spmi_sdam(E) nvmem_qfprom(E)
04-07 06:54:07.560    37    37 I         : CPU: 6 PID: 37 Comm: rcuop/2 Tainted: G         C OE      6.1.112-android14-11-ge7598ed5bc4f-ab13636347 #1
04-07 06:54:07.560    37    37 I Hardware name: Qualcomm Technologies, Inc. Warm QRD (DT)
04-07 06:54:07.560    37    37 I pstate  : 60400005 (nZCv daif +PAN -UAO -TCO -DIT -SSBS BTYPE=--)
04-07 06:54:07.560    37    37 I pc      : refcount_warn_saturate+0xd0/0x138
04-07 06:54:07.560    37    37 I lr      : refcount_warn_saturate+0xd0/0x138
04-07 06:54:07.560    37    37 I sp      : ffffffc00a50bc70
04-07 06:54:07.560    37    37 I         : x29: ffffffc00a50bc70 x28: ffffffc0080b4710 x27: 0000000000000000
04-07 06:54:07.560    37    37 I         : x26: ffffff8005968010 x25: ffffffc00a05c000 x24: ffffff803adf68a0
04-07 06:54:07.560    37    37 I         : x23: 0000000000000058 x22: 000000000000000a x21: 5350454544554000
04-07 06:54:07.560    37    37 I         : x20: ffffff803adf5e00 x19: ffffff803adf5dc0 x18: ffffffc00a4cd048
04-07 06:54:07.560    37    37 I         : x17: 0000000000000015 x16: ffffffffffffffff x15: 0000000000000004
04-07 06:54:07.560    37    37 I         : x14: ffffff80fa610000 x13: 000000000000ffff x12: 0000000000000003
04-07 06:54:07.560    37    37 I         : x11: 00000000fffeffff x10: c0000000fffeffff x9 : db9c76c307dfee00
04-07 06:54:07.560    37    37 I         : x8 : db9c76c307dfee00 x7 : 69646461203a745f x6 : 746e756f63666572
04-07 06:54:07.560    37    37 I         : x5 : ffffffc00a1d8882 x4 : ffffff80fad3b5ba x3 : 0000000000000000
04-07 06:54:07.560    37    37 I         : x2 : 0000000000000000 x1 : ffffffc00a50ba10 x0 : 000000000000002a
04-07 06:54:07.560    37    37 I Call trace:  
04-07 06:54:07.561    37    37 I         : refcount_warn_saturate+0xd0/0x138
04-07 06:54:07.561    37    37 I         : speedui_hook_exit+0xd0/0x12c [speed_ui]
04-07 06:54:07.561    37    37 I         : __traceiter_android_vh_free_task+0x48/0x68
04-07 06:54:07.561    37    37 I         : free_task+0xd8/0xfc
04-07 06:54:07.561    37    37 I         : __put_task_struct+0x120/0x1a0
04-07 06:54:07.561    37    37 I         : delayed_put_task_struct+0x54/0x10c
04-07 06:54:07.561    37    37 I         : rcu_do_batch+0x1f0/0x728
04-07 06:54:07.561    37    37 I         : rcu_nocb_cb_kthread+0x19c/0x428
04-07 06:54:07.561    37    37 I         : kthread+0x104/0x1d4
04-07 06:54:07.561    37    37 I         : ret_from_fork+0x10/0x20
04-07 06:54:07.561    37    37 W         : ---[ end trace 0000000000000000 ]---
04-07 06:54:07.561    37    37 W         : ------------[ cut here ]------------
04-07 06:54:07.561    37    37 I refcount_t: underflow; use-after-free.
04-07 06:54:07.561    37    37 W         : WARNING: CPU: 6 PID: 37 at lib/refcount.c:28 refcount_warn_saturate+0xf8/0x138
04-07 06:54:07.561    37    37 I         : Modules linked in: mtdoops(E+) wsa881x_analog_dlkm(OE) hdmi_dlkm(OE+) swr_haptics_dlkm(OE) usb_f_qdss(E) frpc_adsprpc(OE+) ofpart(E+) millet_binder(E) coresight_tpda(E+) usb_f_gsi(E) rmnet_sch(OE) millet_pkg(E) coresight_replicator(E) coresight_dummy(E+) coresight_cti(E) coresight_tmc_sec(E) coresight_tpdm(E+) sync_fence(OE) binder_gki(E) rmnet_mem(OE) millet_hs(E) msm_hw_fence(OE) camera(OE+) cdsp_loader(OE) msm_mmrm(OE) qrng_dlkm(OE) xiaomi_tp(OE) millet_sig(E+) millet_oem_cgroup(E+) mbhc_dlkm(OE) radio_i2c_rtc6226_qca(OE) audpkt_ion_dlkm(OE) qcrypto_msm_dlkm(OE) mi_thermal_interface(OE) q6_dlkm(OE) smcinvoke_dlkm(OE) tz_log_dlkm(OE) snd_event_dlkm(OE+) coresight_tgu(E) snd_usb_audio_qmi(E) stm_ftrace(E) mtd_blkdevs(E) coresight_csr(E) coresight_stm(E) lct_tp(OE) msm_ext_display(OE) qrtr_smd(E) wcd9378_slave_dlkm(OE) wlan_firmware_service(OE) cnss_utils(OE) btpower(OE+) cnss_prealloc(OE) swr_dlkm(OE) q6_notifier_dlkm(OE) stm_heartbeat(E)
04-07 06:54:07.561    37    37 I         : coresight_funnel(E+) gsim(OE) hardwareinfo(OE) coresight_remote_etm(E) stm_p_ost(E) stub_dlkm(OE) leds_aw2016(E+) wcd_core_dlkm(OE) millet_core(E) regulator_cdev(E) slimbus(E) qcom_cpufreq_hw_debug(E) stm_console(E) mtd(E) cpu_hotplug(E) qti_devfreq_cdev(E) qcom_spmi_adc5(E) icc_test(E) qcom_lpm(E) cnss_nl(OE) cfg80211(E) bcl_pmic5(E+) qti_qmi_sensor_v2(E) coresight(E) qcedev_mod_dlkm(OE) qce50_dlkm(OE) qcom_pon(E+) qti_cpufreq_cdev(E) pm8941_pwrkey(E) qti_qmi_cdev(E) qti_userspace_cdev(E) usb_f_ccid(E) qcom_spmi_temp_alarm(E) stm_core(E) dwc3_msm(E) qcom_spmi_adc_tm5(E) sia8001_dlkm(OE) bcl_soc(E) qcom_reboot_reason(E) usb_f_cdev(E) phy_msm_ssusb_qmp(E) phy_msm_snps_hs(E) phy_qcom_emu(E) qcom_vadc_common(E) ufs_ffu(E) chipreg(E) msm_sharedmem(E) phy_generic(E) qti_glink_adc(E) speed_ui(CE) q6_pdr_dlkm(OE) lct_audio_info_dlkm(OE) perf_helper(E) reboot_mode(E) qcom_tsens(E+) leds_qpnp_vibrator_ldo(E) thermal_pause(E) i2c_msm_geni(E) qcom_dload_mode(E)
04-07 06:54:07.561    37    37 I         : qpnp_lcdb_regulator(E) qfprom_sys(E) qcom_q6v5_pas(E) qcom_pil_info(E) qcom_q6v5(E) ucsi_glink(E) eud(E) boot_stats(E) pmic_glink_debug(E) qcom_sysmon(E) bwmon(E) qcom_iommu_debug(E) msm_performance(E) spmi_pmic_arb_debug(E) spi_msm_geni(E) qseecom_proxy(E) hung_task_enh(E) core_hang_detect(E) rpm_smd_debug(E) msm_geni_serial(E) qcom_pm8008_regulator(E) f_fs_ipc_log(E) sg(E) rdbg(E) glink_probe(E) qti_ocp_notifier(E) memlat(E) qcom_ramdump(E) qcom_spmi_wled(E) qcom_glink_spss(E) altmode_glink(E) rpm_master_stat(E) charger_ulog_glink(E) qti_battery_debug(E) qti_battery_charger(E) smp2p_sleepstate(E) sps_drv(E) bam_dma(E) qcom_stats(E) mdt_loader(E) msm_gpi(E) smp2p(E) msm_show_resume_irq(E) pwm_qti_lpg(E) debugcc_pitti(E) pmic_glink(E) msm_memshare(E) heap_mem_ext_v01(E) pdr_interface(E) rproc_qcom_common(E) qmi_helpers(E) gpucc_pitti(E) phy_qcom_ufs_qmp_v4(E) pinctrl_spmi_mpp(E) msm_sysstats(E) ieee802154_socket hci_uart slcan btbcm hidp btsdio vcan ppp_mppe
04-07 06:54:07.561    37    37 I         : btqca l2tp_ppp bsd_comp mac802154 nhc_fragment pptp kheaders cdc_eem nhc_dest nhc_hop ax88179_178a 8021q aqc111 rtl8150 ppp_deflate asix can_raw rfcomm can_bcm cdc_acm can_gw r8153_ecm l2tp_core nhc_routing ieee802154_6lowpan ftdi_sio pppox usbserial bluetooth diag nfc cdc_ncm rfkill ppp_generic tipc can nhc_ipv6 slhc r8152 nhc_udp nhc_mobility ieee802154 6lowpan cdc_ether can_dev usbnet wwan mii libarc4 gzvm mi_memory(E) glink_pkt(E) qcom_glink_smem(E) qcom_glink_rpm(E) ufs_qcom(E) qrtr(E) qcom_glink(E) sdhci_msm(E) msm_qmp(E) gh_virt_wdt(E) qcom_ipc_logging(E) qcom_va_minidump(E) qcom_wdt_core(E) qcom_logbuf_boot_log(E) qcom_logbuf_vendor_hooks(E) dcc_v2(E) swinfo(OE) memory_dump_v2(E) minidump(E) dispcc_pitti(E) gcc_pitti(E) qcom_dma_heaps(E) qnoc_pitti(E) mem_buf(E) clk_smd_rpm(E) clk_dummy(E) mem_buf_dev(E) icc_rpm(E) cqhci(E) clk_qcom(E) rpm_smd_regulator(E) ufshcd_crypto_qti(E) arm_smmu(E) pinctrl_pitti(E) secure_buffer(E) rpm_smd(E) crypto_qti(E)
04-07 06:54:07.561    37    37 I         : qcom_iommu_util(E) qcom_i2c_pmic(E) sched_walt(E) goodix_fp(E) zram(E) stub_regulator(E) pinctrl_msm(E) gdsc_regulator(E) socinfo(E) qcom_spmi_pmic(E) phy_qcom_ufs_qmp_v4_waipio(E) phy_qcom_ufs_qrbtc_sdm845(E) qti_fixed_regulator(E) qcom_scm(E) bootinfo(OE) debug_regulator(E) qcom_mpm(E) sdhci_msm_scaling(E) qcom_cpufreq_hw(E) rtc_pm8xxx(E) xiaomi_fingerprint(E) qti_regmap_debugfs(E) simtray(E) iommu_logger(E) msm_dma_iommu_mapping(E) panel_event_notifier(E) zsmalloc(E) icc_debug(E) smem(E) kryo_arm64_edac(E) debug_symbol(E) qcom_dcvs(E) qcom_pmu_lib(E) proxy_consumer(E) silead_fp(E) gic_intr_routing(E) qcom_hwspinlock(E) qnoc_qos_rpm(E) qcom_ipcc(E) pinctrl_spmi_gpio(E) cpumaxfreq(E) phy_qcom_ufs(E) qcom_cpu_vendor_hooks(E) spmi_pmic_arb(E) mem_hooks(E) nvmem_qcom_spmi_sdam(E) nvmem_qfprom(E)
04-07 06:54:07.561    37    37 I         : CPU: 6 PID: 37 Comm: rcuop/2 Tainted: G        WC OE      6.1.112-android14-11-ge7598ed5bc4f-ab13636347 #1
04-07 06:54:07.561    37    37 I Hardware name: Qualcomm Technologies, Inc. Warm QRD (DT)
04-07 06:54:07.561    37    37 I pstate  : 60400005 (nZCv daif +PAN -UAO -TCO -DIT -SSBS BTYPE=--)
04-07 06:54:07.561    37    37 I pc      : refcount_warn_saturate+0xf8/0x138
04-07 06:54:07.561    37    37 I lr      : refcount_warn_saturate+0xf8/0x138
04-07 06:54:07.561    37    37 I sp      : ffffffc00a50bc70
04-07 06:54:07.561    37    37 I         : x29: ffffffc00a50bc70 x28: ffffffc0080b4710 x27: 0000000000000000
04-07 06:54:07.561    37    37 I         : x26: ffffff8005968010 x25: ffffffc00a05c000 x24: ffffff803adf68a0
04-07 06:54:07.561    37    37 I         : x23: 0000000000000058 x22: 000000000000000a x21: 5350454544554000
04-07 06:54:07.561    37    37 I         : x20: ffffff803adf5e00 x19: ffffff803adf5dc0 x18: ffffffc00a4cd048
04-07 06:54:07.561    37    37 I         : x17: 0000000000000015 x16: ffffffffffffffff x15: 0000000000000004
04-07 06:54:07.561    37    37 I         : x14: ffffff80fa610000 x13: 000000000000ffff x12: 0000000000000003
04-07 06:54:07.561    37    37 I         : x11: 00000000fffeffff x10: c0000000fffeffff x9 : db9c76c307dfee00
04-07 06:54:07.561    37    37 I         : x8 : db9c76c307dfee00 x7 : 65646e75203a745f x6 : 746e756f63666572
04-07 06:54:07.561    37    37 I         : x5 : ffffffc00a1d887e x4 : ffffff80fad3cfae x3 : 0000000000000000
04-07 06:54:07.561    37    37 I         : x2 : 0000000000000000 x1 : ffffffc00a50ba10 x0 : 0000000000000026
04-07 06:54:07.561    37    37 I Call trace:  
04-07 06:54:07.561    37    37 I         : refcount_warn_saturate+0xf8/0x138
04-07 06:54:07.561    37    37 I         : speedui_hook_exit+0x124/0x12c [speed_ui]
04-07 06:54:07.561    37    37 I         : __traceiter_android_vh_free_task+0x48/0x68
04-07 06:54:07.561    37    37 I         : free_task+0xd8/0xfc
04-07 06:54:07.561    37    37 I         : __put_task_struct+0x120/0x1a0
04-07 06:54:07.561    37    37 I         : delayed_put_task_struct+0x54/0x10c
04-07 06:54:07.561    37    37 I         : rcu_do_batch+0x1f0/0x728
04-07 06:54:07.561    37    37 I         : rcu_nocb_cb_kthread+0x19c/0x428
04-07 06:54:07.561    37    37 I         : kthread+0x104/0x1d4
04-07 06:54:07.561    37    37 I         : ret_from_fork+0x10/0x20
04-07 06:54:07.561    37    37 W         : ---[ end trace 0000000000000000 ]---
04-07 06:54:07.561   722   722 E millet_millet-sig: enter sig_mod_init func!
04-07 06:54:07.561   720   720 E millet-oem_cgroup: enter oem_cgrp_init func!
04-07 06:54:07.572   534   534 E BPF     : [130301] Invalid name_offset:2334566
04-07 06:54:07.583   602   602 I block2mtd: mtd0: [/dev/block/sda12] erase_size = 2048KiB [2097152]
04-07 06:54:07.583   602   602 E block2mtd: block2mtd: add device sucess
04-07 06:54:07.586   619   619 I coresight-dummy soc: tpdm@8801000: Dummy device initialized
04-07 06:54:07.591   714   714 I msm_cam_smmu soc: qcom,cam_smmu:msm_cam_smmu_cpas_cdm: Adding to iommu group 15
04-07 06:54:07.591   606   606 E         : pares mtd_dt, mem_address =0x80d00000, mem_size =0x200000
04-07 06:54:07.591   606   606 E         : pares mtd_dt, pmsg_size =0x100000, console-size =0x80000
04-07 06:54:07.593   654   654 I fs15xx_dev_probe: 934: version: V1.1.3-a
04-07 06:54:07.593   658   658 I bt_power_probe: is_ganges_dt = 0
04-07 06:54:07.593   654   654 I fs15xx_of_init: 130: gpio_id: 409
04-07 06:54:07.593   658   658 I         : bt_power_populate_dt_pinfo
04-07 06:54:07.593   658   658 E get_power_dt_pinfo: bt_num_vregs =5
04-07 06:54:07.593   658   658 E dt_parse_vreg_info: qcom,bt-vdd-smps is not provided in device tree
04-07 06:54:07.593   654   654 I fs15xx_of_init: 145: gpio_cmd: 453
04-07 06:54:07.593   654   654 I fs15xx_of_init: 165: gpio_mod: 408
04-07 06:54:07.593   654   654 I fs15xx_pinctrl_init: 48: fs15xx_pinctrl_init enter
04-07 06:54:07.593   696   696 I fastrpc soc: qcom,msm_fastrpc:qcom,msm_fastrpc_compute_cb4: Adding to iommu group 16
04-07 06:54:07.593   658   658 E dt_parse_vreg_info: Got regulator: qcom,bt-vdd-io, min_vol: 1700000, max_vol: 2000000, load_curr: 1, is_retention_supp: 0
04-07 06:54:07.594   654   654 I fs15xx_pinctrl_init: 75: lookup state: fs15xx_id_active success
04-07 06:54:07.594   654   654 I fs15xx_pinctrl_init: 106: fs15xx_pinctrl_init done
04-07 06:54:07.594   658   658 E dt_parse_vreg_info: Got regulator: qcom,bt-vdd-core, min_vol: 0, max_vol: 0, load_curr: 1, is_retention_supp: 0
04-07 06:54:07.594   658   658 E dt_parse_vreg_info: Got regulator: qcom,bt-vdd-pa, min_vol: 3200000, max_vol: 3544000, load_curr: 1, is_retention_supp: 0
04-07 06:54:07.595   658   658 E dt_parse_vreg_info: Got regulator: qcom,bt-vdd-xtal, min_vol: 1700000, max_vol: 2000000, load_curr: 1, is_retention_supp: 0
04-07 06:54:07.595   658   658 E         : bt-reset-gpio not provided in devicetree
04-07 06:54:07.595   658   658 E get_gpio_dt_pinfo: wl-reset-gpio not provided in device tree
04-07 06:54:07.595   658   658 W         : sw_cntrl-gpio not provided in devicetree
04-07 06:54:07.595   658   658 W         : bt-debug-gpio not provided in devicetree
04-07 06:54:07.595   658   658 W         : xo-clk-gpio not provided in devicetree
04-07 06:54:07.595   658   658 I         : bt_dt_parse_clk_info
04-07 06:54:07.595   658   658 E bt_dt_parse_clk_info: clocks is not provided in device tree
04-07 06:54:07.595   658   658 I bt_power_probe: send platform data of btpower
04-07 06:54:07.595   654   654 I fs15xx_check_pa_type: 802: fs15xx detected
04-07 06:54:07.595   658   658 E         : PDC Init Table not configured
04-07 06:54:07.595   658   658 E btpower_aop_mbox_init: failed to get mbox channel
04-07 06:54:07.601   619   619 I coresight-dummy soc: tpdm@8802000: Dummy device initialized
04-07 06:54:07.601   619   619 I coresight-dummy soc: tpdm@8803000: Dummy device initialized
04-07 06:54:07.601   619   619 I coresight-dummy soc: tpdm@8804000: Dummy device initialized
04-07 06:54:07.602   586   586 W aw2016_led: probe of 1-0064 failed with error -22
04-07 06:54:07.605   654   654 I fs15xx_dev_probe: 984: probe done!
04-07 06:54:07.606   659   659 E BPF     : [130302] Invalid name_offset:2334566
04-07 06:54:07.607   564   564 I input   : pmic_pwrkey_bark as /devices/platform/soc/1c40000.qcom,spmi/spmi-0/0-00/1c40000.qcom,spmi:qcom,pm6125@0:qcom,power-on@800/1c40000.qcom,spmi:qcom,pm6125@0:qcom,power-on@800:pwrkey_bark/input/input5
04-07 06:54:07.607   715   715 I boot_kpi: M - DRIVER KGSL Init
04-07 06:54:07.608   606   606 I mtdoops : Attached to MTD device 0
04-07 06:54:07.611   709   709 E         : [NVT-ts] nvt_driver_init 3621: start
04-07 06:54:07.611   709   709 E         : [NVT-ts] nvt_driver_init 3629: nvt_driver_init read lcm name : printk.console_no_auto_verbose=1 kpti=0 swiotlb=noforce loop.max_part=7 pcie_ports=compat irqaffinity=0-5 cpufreq.default_governor=performance kasan=off cgroup.memory=nokmem,nosocket disable_dma32=on rcupdate.rcu_expedited=1 rcu_nocbs=0-7 kernel.panic_on_rcu_stall=1 no-steal-acc ftrace_dump_on_oops ufshcd-core.use_mcq_mode=n can.stats_timer=0 fw_devlink.strict=1 service_locator.enable=1 firmware_class.path=/vendor/firmware_mnt/image,/vendor/firmware video=vfb:640x400,bpp=32,memsize=3072000 printk.devkmsg=on nokaslr mtdoops.fingerprint=warm_global:14/V816.0.10.0.UGVINXM:user swinfo.fingerprint=warm_global:14/V816.0.10.0.UGVINXM:user bootconfig androidboot.selinux=permissive  bootinfo.pureason=0x40001 bootinfo.pdreason=0x2 msm_drm.dsi_display0=qcom,mdss_dsi_panel_c3f2_46_03_0c_hd_video: msm_drm.lockdown=47483201514e7600 msm_drm.whitepoint=8082 msm_drm.debugpolicy=0x20 rootwait ro init=/init silent_b
04-07 06:54:07.611   709   709 E         : [NVT-ts] nvt_driver_init 3647: Unkown Touch
04-07 06:54:07.611   605   605 E BPF     : [130301] Invalid name_offset:2334566
04-07 06:54:07.616     1     1 I init    : processing action (init) from (/vendor/etc/init/qseecomd.rc:5)
04-07 06:54:07.616   715   715 I boot_kpi: M - DRIVER KGSL Ready
04-07 06:54:07.617     1     1 I init    : starting service 'vendor.qseecomd'...
04-07 06:54:07.617     1     1 I init    : Created socket '/dev/socket/notify-topology', mode 660, user 1000, group 1026
04-07 06:54:07.626   715   715 I kgsl-iommu 59a0000.qcom,kgsl-iommu: gfx3d_user: Adding to iommu group 17
04-07 06:54:07.626   678   678 E         : spf_core_platform_driver_probe
04-07 06:54:07.628     1     1 I init    : ... started service 'vendor.qseecomd' has pid 773
04-07 06:54:07.628     1     1 I init    : processing action (init) from (/vendor/etc/init/vendor.qti.hardware.qseecom@1.0-service.rc:8)
04-07 06:54:07.628     1     1 I init    : starting service 'qseecom-service'...
04-07 06:54:07.629   610   610 E BPF     : [130302] Invalid name_offset:2334566
04-07 06:54:07.637   610   610 I coresight-tmc 8048000.tmc: Adding to iommu group 18
04-07 06:54:07.640     1     1 I init    : ... started service 'qseecom-service' has pid 777
04-07 06:54:07.641     1     1 I init    : processing action (late-init) from (/system/etc/init/hw/init.rc:556)
04-07 06:54:07.641     1     1 I init    : processing action (late-init) from (/system/etc/init/atrace.rc:3)
04-07 06:54:07.644   715   715 I kgsl-iommu 59a0000.qcom,kgsl-iommu: gfx3d_secure: Adding to iommu group 19
04-07 06:54:07.644   696   696 I fastrpc soc: qcom,msm_fastrpc:qcom,msm_fastrpc_compute_cb5: Adding to iommu group 20
04-07 06:54:07.648   608   608 I btfm_slim_probe: name = 217:221:1:0
04-07 06:54:07.648   608   608 I btfm_slim_probe: name = btfmslim_slave
04-07 06:54:07.648   608   608 E btfm_slim_probe: is_laddr_valid is true
04-07 06:54:07.648   608   608 I         : btpower_register_slimdev
04-07 06:54:07.648   608   608 E btfmslim-driver btfmslim_slave:  
04-07 06:54:07.655   534   534 I adsp_sleepmon soc: adsp-sleepmon: ADSP sleep monitor probe called
04-07 06:54:07.659   713   713 I msm_vidc_v4l2 5a00000.qcom,vidc: non_secure_cb: Adding to iommu group 21
04-07 06:54:07.666   715   715 I boot_kpi: M - DRIVER GPU Init
04-07 06:54:07.667   696   696 I adsprpc : fastrpc_device_init: SSR notifier registered for lpass
04-07 06:54:07.667   696   696 I adsprpc : fastrpc_device_init: SSR notifier registered for mpss
04-07 06:54:07.667   696   696 I adsprpc : fastrpc_device_init: SSR notifier registered for dsps
04-07 06:54:07.672   696   696 I adsprpc : fastrpc_device_init: SSR notifier registered for cdsp
04-07 06:54:07.672   696   696 W adsprpc : fastrpc_device_init: SSR notifier register failed for (null) with err -22
04-07 06:54:07.686   713   713 I msm_vidc_v4l2 5a00000.qcom,vidc: secure_bitstream_cb: Adding to iommu group 22
04-07 06:54:07.686   649   649 E spf-core-platform soc: spf_core_platform: Failed to create device link (0x180) with soc:vote_lpass_audio_hw
04-07 06:54:07.686   649   649 E spf-core-platform soc: spf_core_platform: Failed to create device link (0x180) with soc:vote_lpass_audio_hw
04-07 06:54:07.686   649   649 E spf-core-platform soc: spf_core_platform: Failed to create device link (0x180) with soc:vote_lpass_audio_hw
04-07 06:54:07.686   649   649 E spf-core-platform soc: spf_core_platform: Failed to create device link (0x180) with soc:vote_lpass_audio_hw
04-07 06:54:07.686   649   649 E spf-core-platform soc: spf_core_platform: Failed to create device link (0x180) with soc:vote_lpass_audio_hw
04-07 06:54:07.687   649   649 E spf-core-platform soc: spf_core_platform: Failed to create device link (0x180) with soc:rx_core_clk
04-07 06:54:07.687   649   649 E spf-core-platform soc: spf_core_platform: Failed to create device link (0x180) with soc:rx_core_clk
04-07 06:54:07.693   649   649 E spf-core-platform soc: spf_core_platform: Failed to create device link (0x180) with soc:rx_npl_clk
04-07 06:54:07.693   649   649 E spf-core-platform soc: spf_core_platform: Failed to create device link (0x180) with soc:rx_npl_clk
04-07 06:54:07.694   649   649 E spf-core-platform soc: spf_core_platform: Failed to create device link (0x180) with soc:tx_core_clk
04-07 06:54:07.694   649   649 E spf-core-platform soc: spf_core_platform: Failed to create device link (0x180) with soc:tx_core_clk
04-07 06:54:07.694   649   649 E spf-core-platform soc: spf_core_platform: Failed to create device link (0x180) with soc:tx_npl_clk
04-07 06:54:07.694   649   649 E spf-core-platform soc: spf_core_platform: Failed to create device link (0x180) with soc:tx_npl_clk
04-07 06:54:07.701   474   474 I servicemanager: getDeviceHalManifest: Reading VINTF information.
04-07 06:54:07.702   649   649 E spf-core-platform soc: spf_core_platform: Failed to create device link (0x180) with soc:va_core_clk
04-07 06:54:07.703   474   474 I servicemanager: Loaded APEX Infos from /bootstrap-apex/apex-info-list.xml
04-07 06:54:07.706   715   715 I kgsl-3d 5900000.qcom,kgsl-3d0: bound 59a0000.qcom,kgsl-iommu (ops kgsl_mmu_component_ops [msm_kgsl])
04-07 06:54:07.708   715   715 I kgsl-3d 5900000.qcom,kgsl-3d0: bound 59a0000.qcom,kgsl-iommu:gfx3d_user (ops kgsl_mmu_cb_component_ops [msm_kgsl])
04-07 06:54:07.710   715   715 I kgsl-3d 5900000.qcom,kgsl-3d0: bound 59a0000.qcom,kgsl-iommu:gfx3d_secure (ops kgsl_mmu_cb_component_ops [msm_kgsl])
04-07 06:54:07.716   713   713 I msm_vidc_v4l2 5a00000.qcom,vidc: secure_pixel_cb: Adding to iommu group 23
04-07 06:54:07.717   635   635 I icnss2 c800000.qcom,icnss: Adding to iommu group 24
04-07 06:54:07.718   649   649 E spf-core-platform soc: spf_core_platform: Failed to create device link (0x180) with soc:va_npl_clk
04-07 06:54:07.723   635   635 I icnss2  : Recursive recovery allowed for WLAN
04-07 06:54:07.723   635   635 I cnss_prealloc: assign cnss pool for device id 0xabcd
04-07 06:54:07.724   635   635 I cnss_prealloc: created mempool cnss-pool-8k of min size 2 * 8192
04-07 06:54:07.724   635   635 I cnss_prealloc: created mempool cnss-pool-16k of min size 10 * 16384
04-07 06:54:07.724   635   635 I cnss_prealloc: created mempool cnss-pool-32k of min size 8 * 32768
04-07 06:54:07.724   635   635 I cnss_prealloc: created mempool cnss-pool-64k of min size 4 * 65536
04-07 06:54:07.724   635   635 I cnss_prealloc: created mempool cnss-pool-128k of min size 2 * 131072
04-07 06:54:07.725   474   474 I servicemanager: Loaded APEX Infos from /bootstrap-apex/apex-info-list.xml
04-07 06:54:07.726   474   474 I servicemanager: getDeviceHalManifest: Successfully processed VINTF information
04-07 06:54:07.726   474   474 I servicemanager: getFrameworkHalManifest: Reading VINTF information.
04-07 06:54:07.729   695   695 I msmdrm_smmu soc: qcom,smmu_sde_unsec_cb: Adding to iommu group 25
04-07 06:54:07.729   474   474 I servicemanager: Loaded APEX Infos from /bootstrap-apex/apex-info-list.xml
04-07 06:54:07.730   474   474 I servicemanager: getFrameworkHalManifest: Successfully processed VINTF information
04-07 06:54:07.731   474   474 I servicemanager: Caller(pid=777,uid=1000,sid=u:r:vendor_hal_qseecom_default:s0) Found vendor.qti.hardware.qseecom.IQSEECom/default in device VINTF manifest.
04-07 06:54:07.734   635   635 E icnss2  : SMMU IOVA IPA not found
04-07 06:54:07.736   713   713 I msm_vidc_v4l2 5a00000.qcom,vidc: secure_non_pixel_cb: Adding to iommu group 26
04-07 06:54:07.737   695   695 I         : [drm] probing device qcom,smmu_sde_unsec
04-07 06:54:07.737   695   695 I         : [drm] Created domain mdp_ns, secure=0
04-07 06:54:07.737   635   635 I icnss2  : Platform driver probed successfully
04-07 06:54:07.748   715   715 I boot_kpi: M - DRIVER GPU Ready
04-07 06:54:07.751   695   695 I msmdrm_smmu soc: qcom,smmu_sde_sec_cb: Adding to iommu group 27
04-07 06:54:07.753     1     1 I init    : processing action (ro.boot.fastboot.boottrace= && late-init) from (/system/etc/init/atrace.rc:311)
04-07 06:54:07.754     1     1 I init    : processing action (late-init) from (/vendor/etc/init/vendor.qti.hardware.vibrator.service.rc:6)
04-07 06:54:07.754     1     1 I init    : processing action (queue_property_triggers) from (<Builtin Action>:0)
04-07 06:54:07.754     1     1 I init    : processing action (early-fs) from (/system/etc/init/hw/init.rc:590)
04-07 06:54:07.755     1     1 I init    : starting service 'vold'...
04-07 06:54:07.757   695   695 I         : [drm] probing device qcom,smmu_sde_sec
04-07 06:54:07.757   695   695 I         : [drm] Created domain mdp_s, secure=1
04-07 06:54:07.762     1     1 I init    : ... started service 'vold' has pid 831
04-07 06:54:07.762     1     1 I init    : processing action (early-fs) from (/vendor/etc/init/hw/init.target.rc:76)
04-07 06:54:07.763     1     1 I init    : service 'vold' requested start, but it is already running (flags: 2052)
04-07 06:54:07.763     1     1 I init    : processing action (fs) from (/vendor/etc/init/hw/init.target.rc:79)
04-07 06:54:07.763     1     1 I init    : service 'hwservicemanager' requested start, but it is already running (flags: 2212)
04-07 06:54:07.765     1     1 I init    : [libfs_mgr] superblock s_max_mnt_count:65535,/dev/block/bootdevice/by-name/persist
04-07 06:54:07.765   695   695 I [drm:sde_dbg_init:2679] evtlog_status: enable:11, panic:1, dump:2
04-07 06:54:07.773   683   683 I ipa 5400000.qcom,ipa: ipa_smmu_ap: Adding to iommu group 28
04-07 06:54:07.776   695   695 W dsi_phy 5e94400.qcom,mdss_dsi_phy0: supply gdsc not found, using dummy regulator
04-07 06:54:07.777   695   695 I [drm:dsi_pll_init [msm_drm]] [msm-dsi-info]: DSI_PLL_0: DSI pll label = dsi_pll_5nm
04-07 06:54:07.778   683   683 I ipa 5400000.qcom,ipa: ipa_smmu_wlan: Adding to iommu group 29
04-07 06:54:07.779   695   695 I [drm:dsi_pll_init [msm_drm]] [msm-dsi-info]: DSI_PLL_0: PLL SSC enabled
04-07 06:54:07.780   683   683 I ipa 5400000.qcom,ipa: ipa_smmu_uc: Adding to iommu group 30
04-07 06:54:07.780   695   695 I dsi_pll_init: PLL base=00000000fe51a591
04-07 06:54:07.781   695   695 I [drm:dsi_pll_clock_register_5nm [msm_drm]] [msm-dsi-info]: DSI_PLL_0: Registered clocks successfully
04-07 06:54:07.782   695   695 I [drm:dsi_phy_driver_probe [msm_drm]] [msm-dsi-info]: DSI_0: Probe successful
04-07 06:54:07.784   683   683 I ipa 5400000.qcom,ipa: ipa_smmu_11ad: Adding to iommu group 31
04-07 06:54:07.786   683   683 I gpu_cc-pitti 5990000.clock-controller: sync-state
04-07 06:54:07.789     1     1 I EXT4-fs (sdf6): mounted filesystem with ordered data mode. Quota mode: none.
04-07 06:54:07.790     1     1 I init    : [libfs_mgr] check_fs(): mount(/dev/block/bootdevice/by-name/persist,/mnt/vendor/persist,ext4)=0: Success
04-07 06:54:07.790     1     1 I EXT4-fs (sdf6): unmounting filesystem.
04-07 06:54:07.790   695   695 I [drm:dsi_ctrl_dev_probe [msm_drm]] [msm-dsi-info]: dsi-ctrl-0: Probe successful
04-07 06:54:07.791     8     8 E ipa_smmu_perph_cb_probe: 11035 cb 2 is disabled
04-07 06:54:07.791     8     8 E ipa_smmu_perph_cb_probe: 11035 cb 5 is disabled
04-07 06:54:07.791     8     8 E ipa_smmu_perph_cb_probe: 11035 cb 6 is disabled
04-07 06:54:07.791     8     8 E ipa_smmu_rtp_cb_probe: 11525 RTP SMMU is disabled
04-07 06:54:07.791     8     8 W ipa 5400000.qcom,ipa: Direct firmware load for ipa_fws.mdt failed with error -2
04-07 06:54:07.791     8     8 W ipa 5400000.qcom,ipa: Falling back to sysfs fallback for: ipa_fws.mdt
04-07 06:54:07.793   695   695 I [drm:dsi_display_register [msm_drm]] [msm-dsi-info]: dsi_display_parse_boot_display_selection: entry
04-07 06:54:07.794     1     1 I init    : [libfs_mgr] umount_retry(): unmount(/mnt/vendor/persist) succeeded
04-07 06:54:07.794   695   695 I [drm:dsi_display_register [msm_drm]] [msm-dsi-info]: dsi_display_parse_boot_display_selection: end
04-07 06:54:07.796     1     1 I init    : [libfs_mgr] Running /system/bin/e2fsck on /dev/block/sdf6
04-07 06:54:07.799   695   695 I [drm:dsi_display_dev_probe [msm_drm]] [msm-dsi-info]: dsi_display_parse_cmdline_topology: entry
04-07 06:54:07.801   695   695 I [drm:dsi_display_dev_probe [msm_drm]] [msm-dsi-info]: dsi_display_parse_cmdline_topology: successfully parsed command line topology and timing
04-07 06:54:07.802   695   695 E OF      : graph: no port node found in /soc/qcom,dsi-display-primary
04-07 06:54:07.802   695   695 E         : [drm:dsi_panel_get [msm_drm]] *ERROR* [msm-dsi-error]: LCD ESD check Function was opened.
04-07 06:54:07.802   695   695 I irq     : IRQ200: trimming hierarchy from :soc:interrupt-controller@f200000-1
04-07 06:54:07.803   695   695 W msm-dsi-display soc: qcom,dsi-display-primary: supply dummy not found, using dummy regulator
04-07 06:54:07.805   714   714 I wl2866d : en_gpio set low
04-07 06:54:07.808    87    87 D mtdoops : ready 4, 733
04-07 06:54:07.810   714   714 I         : wl2866d_read_reg 00@00
04-07 06:54:07.810   714   714 I wl2866d : is found 0
04-07 06:54:07.811   714   714 I wl2866d : init done
04-07 06:54:07.812   714   714 I         : wl2866d_read_reg 0f@0e
04-07 06:54:07.812   714   714 I wl2866d pwr_ctrl: WL2866D_DVDD1
04-07 06:54:07.812   714   714 I wl2866d pwr_ctrl: power off, set reg 0e
04-07 06:54:07.812   714   714 I         : wl2866d_read_reg 0e@0e
04-07 06:54:07.812   714   714 I wl2866d pwr_ctrl: WL2866D_DVDD2
04-07 06:54:07.813   714   714 I wl2866d pwr_ctrl: power off, set reg 0c
04-07 06:54:07.813   714   714 I         : wl2866d_read_reg 0c@0e
04-07 06:54:07.813   714   714 I wl2866d pwr_ctrl: WL2866D_AVDD1
04-07 06:54:07.813   714   714 I wl2866d pwr_ctrl: power off, set reg 08
04-07 06:54:07.814   714   714 I         : wl2866d_read_reg 08@0e
04-07 06:54:07.814   714   714 I wl2866d pwr_ctrl: WL2866D_AVDD2
04-07 06:54:07.814   714   714 I wl2866d pwr_ctrl: power off, set reg 00
04-07 06:54:07.814   714   714 I         : wl2866d_probe successed!
04-07 06:54:07.814   714   714 I cam_wl2866_init_module: add wl2866d driver success
04-07 06:54:07.817   714   714 W         : SPI driver qcom_eeprom has no spi_device_id for qcom,eeprom
04-07 06:54:07.818   714   714 I gcc-pitti 1400000.clock-controller: sync-state
04-07 06:54:07.819   714   714 I CAM_INFO: CAM-CRM: cam_req_mgr_component_master_bind: 913 All probes done, binding slave components
04-07 06:54:07.819   714   714 I cam_req_mgr soc: qcom,cam-req-mgr: bound soc:qcom,cam-sync (ops cam_sync_component_ops [camera])
04-07 06:54:07.819   714   714 I cam_req_mgr soc: qcom,cam-req-mgr: bound soc:qcom,cam_smmu (ops cam_smmu_component_ops [camera])
04-07 06:54:07.819   714   714 I cam_req_mgr soc: qcom,cam-req-mgr: bound soc:qcom,cam_smmu:msm_cam_smmu_tfe (ops cam_smmu_cb_component_ops [camera])
04-07 06:54:07.819   714   714 I cam_req_mgr soc: qcom,cam-req-mgr: bound soc:qcom,cam_smmu:msm_cam_smmu_ope (ops cam_smmu_cb_component_ops [camera])
04-07 06:54:07.820   714   714 I cam_req_mgr soc: qcom,cam-req-mgr: bound soc:qcom,cam_smmu:msm_cam_smmu_cpas_cdm (ops cam_smmu_cb_component_ops [camera])
04-07 06:54:07.820   714   714 I cam_req_mgr soc: qcom,cam-req-mgr: bound soc:qcom,cam_smmu:msm_cam_smmu_secure (ops cam_smmu_cb_component_ops [camera])
04-07 06:54:07.822   714   714 I CAM_INFO: CAM-CPAS: cam_cpas_get_hw_features: 517 feature 0x3 addr 0x1b46008, mask 0x3, shift 0x0 type 0x1 hw_map 0xff
04-07 06:54:07.822   714   714 I CAM_INFO: CAM-CPAS: cam_cpas_get_hw_features: 540 fuse_addr 0x1b46008, fuse_val 502000
04-07 06:54:07.822   714   714 I CAM_INFO: CAM-CPAS: cam_cpas_get_hw_features: 600 feature 0x3 enable=0 hw_map=0xff
04-07 06:54:07.824   683   683 I         : rmnet_ipa3 started initialization
04-07 06:54:07.825   683   683 I         : RNDIS_IPA module is loaded.
04-07 06:54:07.826   714   714 I cam_req_mgr soc: qcom,cam-req-mgr: bound 5c11000.qcom,cam-cpas (ops cam_cpas_dev_component_ops [camera])
04-07 06:54:07.827   635   635 E qca_cld3_adrastea: Loading driver v2.0.9.22M +PANIC_ON_BUG
04-07 06:54:07.827   714   714 I cam_req_mgr soc: qcom,cam-req-mgr: bound soc:qcom,cam-cdm-intf (ops cam_cdm_intf_component_ops [camera])
04-07 06:54:07.829   689   689 I DATARMNET63abbdc3d3(): Loading
04-07 06:54:07.829   692   692 I aps     : init (1.4)
04-07 06:54:07.830   691   691 I DATARMNET163e93649e(): Starting rmnet SHS module 43a6b
04-07 06:54:07.830   688   688 I DATARMNET5e4be08a32(): Loading
04-07 06:54:07.831   694   694 I DATARMNET7eb0fa5c8f(): rmnet_wlan initializing
04-07 06:54:07.831   694   694 I DATARMNET7eb0fa5c8f(): rmnet_wlan_set_hooks set
04-07 06:54:07.833   687   687 I DATARMNETb1c42acd9c(): rmnet_offload initializing
04-07 06:54:07.834   635   635 I         : wlan_hdd_state wlan major(471) initialized
04-07 06:54:07.834     1     1 I e2fsck  : e2fsck 1.47.2 (1-Jan-2025)
04-07 06:54:07.837   714   714 I cam_req_mgr soc: qcom,cam-req-mgr: bound 5c23000.qcom,cpas-cdm0 (ops cam_hw_cdm_component_ops [camera])
04-07 06:54:07.837     1     1 I e2fsck  : /dev/block/bootdevice/by-name/persist: clean, 425/8192 files, 1854/8192 blocks
04-07 06:54:07.842     1     1 I EXT4-fs (sdf6): mounted filesystem with ordered data mode. Quota mode: none.
04-07 06:54:07.842   714   714 I cam_req_mgr soc: qcom,cam-req-mgr: bound 5c42000.qcom,ope-cdm0 (ops cam_hw_cdm_component_ops [camera])
04-07 06:54:07.842     1     1 I init    : [libfs_mgr] __mount(source=/dev/block/bootdevice/by-name/persist,target=/mnt/vendor/persist,type=ext4)=0: Success
04-07 06:54:07.849   714   714 I cam_req_mgr soc: qcom,cam-req-mgr: bound 5cb3000.qcom,ppi0 (ops cam_ppi_component_ops [camera])
04-07 06:54:07.849   714   714 I cam_req_mgr soc: qcom,cam-req-mgr: bound 5cb3200.qcom,ppi1 (ops cam_ppi_component_ops [camera])
04-07 06:54:07.850   714   714 I cam_req_mgr soc: qcom,cam-req-mgr: bound 5cb3400.qcom,ppi2 (ops cam_ppi_component_ops [camera])
04-07 06:54:07.850   714   714 I CAM_INFO: CAM-CPAS: cam_tfe_init_soc_resources: 60 tfe:0 I:0 pid 4
04-07 06:54:07.850   714   714 I CAM_WARN: CAM-ISP: cam_tfe_init_soc_resources: 71 Option clk get failed with rc -22
04-07 06:54:07.851     1     1 I init    : [libfs_mgr] __mount(source=/dev/block/bootdevice/by-name/modem_a,target=/vendor/firmware_mnt,type=vfat)=0: Success
04-07 06:54:07.852   714   714 I cam_req_mgr soc: qcom,cam-req-mgr: bound 5c6e000.qcom,tfe0 (ops cam_tfe_component_ops [camera])
04-07 06:54:07.852     1     1 I init    : [libfs_mgr] superblock s_max_mnt_count:65535,/dev/block/bootdevice/by-name/dsp_a
04-07 06:54:07.853   714   714 I CAM_INFO: CAM-CPAS: cam_tfe_init_soc_resources: 60 tfe:1 I:0 pid 5
04-07 06:54:07.853   714   714 I CAM_WARN: CAM-ISP: cam_tfe_init_soc_resources: 71 Option clk get failed with rc -22
04-07 06:54:07.854     1     1 I EXT4-fs (sde9): mounted filesystem with ordered data mode. Quota mode: none.
04-07 06:54:07.854     1     1 I init    : [libfs_mgr] __mount(source=/dev/block/bootdevice/by-name/dsp_a,target=/vendor/dsp,type=ext4)=0: Success
04-07 06:54:07.854   714   714 I cam_req_mgr soc: qcom,cam-req-mgr: bound 5c75000.qcom,tfe1 (ops cam_tfe_component_ops [camera])
04-07 06:54:07.857     1     1 I init    : [libfs_mgr] __mount(source=/dev/block/bootdevice/by-name/bluetooth_a,target=/vendor/bt_firmware,type=vfat)=0: Success
04-07 06:54:07.858     1     1 I init    : Command 'mount_all --early' action=fs (/vendor/etc/init/hw/init.target.rc:81) took 94ms and succeeded
04-07 06:54:07.858   714   714 I CAM_INFO: CAM-ISP: cam_tfe_csid_hw_probe_init: 3740 PPI init failed for PPI 3
04-07 06:54:07.858   714   714 I cam_req_mgr soc: qcom,cam-req-mgr: bound 5c6e000.qcom,tfe_csid0 (ops cam_tfe_csid_component_ops [camera])
04-07 06:54:07.859   831   831 W vold    : Thread Pool max thread count is 0. Cannot cache binder as linkToDeath cannot be implemented. serviceName: vold
04-07 06:54:07.860   474   474 I servicemanager: Caller(pid=831,uid=0,sid=u:r:vold:s0) Found android.system.vold.IVold/default in framework VINTF manifest.
04-07 06:54:07.861   714   714 I CAM_INFO: CAM-ISP: cam_tfe_csid_hw_probe_init: 3740 PPI init failed for PPI 3
04-07 06:54:07.861   714   714 I cam_req_mgr soc: qcom,cam-req-mgr: bound 5c75000.qcom,tfe_csid1 (ops cam_tfe_csid_component_ops [camera])
04-07 06:54:07.861   474   474 I servicemanager: Caller(pid=831,uid=0,sid=u:r:vold:s0) Found android.system.vold.IVold/default in framework VINTF manifest.
04-07 06:54:07.863   714   714 I cam_req_mgr soc: qcom,cam-req-mgr: bound 5c66000.qcom,tpg0 (ops cam_top_tpg_component_ops [camera])
04-07 06:54:07.865   714   714 I cam_req_mgr soc: qcom,cam-req-mgr: bound 5c68000.qcom,tpg1 (ops cam_top_tpg_component_ops [camera])
04-07 06:54:07.866   714   714 I cam_req_mgr soc: qcom,cam-req-mgr: bound soc:qcom,cam-isp (ops cam_isp_dev_component_ops [camera])
04-07 06:54:07.866   714   714 I cam_req_mgr soc: qcom,cam-req-mgr: bound soc:qcom,cam-res-mgr (ops cam_res_mgr_component_ops [camera])
04-07 06:54:07.886     1     1 W FAT-fs (sde54): Volume was not properly unmounted. Some data may be corrupt. Please run fsck.
04-07 06:54:07.887   714   714 I cam_req_mgr soc: qcom,cam-req-mgr: bound 5c1b000.qcom,cci0 (ops cam_cci_component_ops [camera])
04-07 06:54:07.891     1     1 I init    : processing action (fs) from (/system/etc/init/logd.rc:29)
04-07 06:54:07.892     1     1 I init    : processing action (fs) from (/system/etc/init/wifi.rc:25)
04-07 06:54:07.892     1     1 I init    : processing action (fs) from (/vendor/etc/init/init.mi_thermald.rc:1)
04-07 06:54:07.896     1     1 I init    : processing action (fs) from (/vendor/etc/init/init.warm.rc:127)
04-07 06:54:07.897     1     1 I init    : Command 'mount vfat /dev/block/bootdevice/by-name/logfs /dev/logfs noatime umask=006,uid=1000,gid=1000' action=fs (/vendor/etc/init/init.warm.rc:129) took 0ms and failed: mount() failed: Device or resource busy
04-07 06:54:07.897     1     1 I init    : processing action (fs) from (/vendor/etc/init/init.mi_thermald.rc:1)
04-07 06:54:07.898   714   714 I cam_req_mgr soc: qcom,cam-req-mgr: bound 5c1c000.qcom,cci1 (ops cam_cci_component_ops [camera])
04-07 06:54:07.898     1     1 I init    : processing action (post-fs) from (/system/etc/init/hw/init.rc:594)
04-07 06:54:07.899     1     1 I init    : starting service 'exec 2 (/system/bin/vdc checkpoint markBootAttempt)'...
04-07 06:54:07.899   714   714 I cam_req_mgr soc: qcom,cam-req-mgr: bound 5c52000.qcom,csiphy0 (ops cam_csiphy_component_ops [camera])
04-07 06:54:07.901     1     1 I init    : ... started service 'exec 2 (/system/bin/vdc checkpoint markBootAttempt)' has pid 876
04-07 06:54:07.901     1     1 I init    : SVC_EXEC service 'exec 2 (/system/bin/vdc checkpoint markBootAttempt)' pid 876 (uid 1000 gid 1000+0 context default) started; waiting...
04-07 06:54:07.901   714   714 I cam_req_mgr soc: qcom,cam-req-mgr: bound 5c54000.qcom,csiphy1 (ops cam_csiphy_component_ops [camera])
04-07 06:54:07.902   714   714 I cam_req_mgr soc: qcom,cam-req-mgr: bound 5c56000.qcom,csiphy2 (ops cam_csiphy_component_ops [camera])
04-07 06:54:07.903   714   714 I cam_req_mgr soc: qcom,cam-req-mgr: bound 5c1b000.qcom,cci0:qcom,actuator0 (ops cam_actuator_component_ops [camera])
04-07 06:54:07.904   714   714 I cam_req_mgr soc: qcom,cam-req-mgr: bound 5c1b000.qcom,cci0:qcom,cam-sensor0 (ops cam_sensor_component_ops [camera])
04-07 06:54:07.904   714   714 I cam_req_mgr soc: qcom,cam-req-mgr: bound 5c1c000.qcom,cci1:qcom,cam-sensor1 (ops cam_sensor_component_ops [camera])
04-07 06:54:07.905   714   714 I CAM_INFO: CAM-EEPROM: cam_eeprom_component_bind: 749 QVGA sc080cs Component bound successfully 6c
04-07 06:54:07.905   714   714 I cam_req_mgr soc: qcom,cam-req-mgr: bound 5c1b000.qcom,cci0:qcom,eeprom2 (ops cam_eeprom_component_ops [camera])
04-07 06:54:07.905   714   714 I cam_req_mgr soc: qcom,cam-req-mgr: bound 5c1b000.qcom,cci0:qcom,eeprom3 (ops cam_eeprom_component_ops [camera])
04-07 06:54:07.905   714   714 I cam_req_mgr soc: qcom,cam-req-mgr: bound 5c1b000.qcom,cci0:qcom,eeprom0 (ops cam_eeprom_component_ops [camera])
